

================================================================
== Vivado HLS Report for 'RELU'
================================================================
* Date:           Tue Dec 31 14:49:07 2019

* Version:        2017.2 (Build 1909853 on Thu Jun 15 18:55:24 MDT 2017)
* Project:        neural.prj
* Solution:       solution1
* Product family: zynq
* Target device:  xc7z010clg400-1


================================================================
== Performance Estimates
================================================================
+ Timing (ns): 
    * Summary: 
    +--------+-------+----------+------------+
    |  Clock | Target| Estimated| Uncertainty|
    +--------+-------+----------+------------+
    |ap_clk  |   8.00|      2.32|        1.00|
    +--------+-------+----------+------------+

+ Latency (clock cycles): 
    * Summary: 
    +-----+-----+-----+-----+---------+
    |  Latency  |  Interval | Pipeline|
    | min | max | min | max |   Type  |
    +-----+-----+-----+-----+---------+
    |   32|   32|   32|   32|   none  |
    +-----+-----+-----+-----+---------+

    + Detail: 
        * Instance: 
        N/A

        * Loop: 
        N/A



================================================================
== Utilization Estimates
================================================================
* Summary: 
+-----------------+---------+-------+-------+-------+
|       Name      | BRAM_18K| DSP48E|   FF  |  LUT  |
+-----------------+---------+-------+-------+-------+
|DSP              |        -|      -|      -|      -|
|Expression       |        -|      -|      -|      -|
|FIFO             |        -|      -|      -|      -|
|Instance         |        -|      -|      -|      -|
|Memory           |        -|      -|      -|      -|
|Multiplexer      |        -|      -|      -|    451|
|Register         |        -|      -|     33|      -|
+-----------------+---------+-------+-------+-------+
|Total            |        0|      0|     33|    451|
+-----------------+---------+-------+-------+-------+
|Available        |      120|     80|  35200|  17600|
+-----------------+---------+-------+-------+-------+
|Utilization (%)  |        0|      0|   ~0  |      2|
+-----------------+---------+-------+-------+-------+

+ Detail: 
    * Instance: 
    N/A

    * DSP48: 
    N/A

    * Memory: 
    N/A

    * FIFO: 
    N/A

    * Expression: 
    N/A

    * Multiplexer: 
    +---------------+-----+-----------+-----+-----------+
    |      Name     | LUT | Input Size| Bits| Total Bits|
    +---------------+-----+-----------+-----+-----------+
    |ap_NS_fsm      |  153|         34|    1|         34|
    |data_address0  |  149|         33|    5|        165|
    |data_address1  |  149|         33|    5|        165|
    +---------------+-----+-----------+-----+-----------+
    |Total          |  451|        100|   11|        364|
    +---------------+-----+-----------+-----+-----------+

    * Register: 
    +-----------+----+----+-----+-----------+
    |    Name   | FF | LUT| Bits| Const Bits|
    +-----------+----+----+-----+-----------+
    |ap_CS_fsm  |  33|   0|   33|          0|
    +-----------+----+----+-----+-----------+
    |Total      |  33|   0|   33|          0|
    +-----------+----+----+-----+-----------+



================================================================
== Interface
================================================================
* Summary: 
+---------------+-----+-----+------------+--------------+--------------+
|   RTL Ports   | Dir | Bits|  Protocol  | Source Object|    C Type    |
+---------------+-----+-----+------------+--------------+--------------+
|ap_clk         |  in |    1| ap_ctrl_hs |     RELU     | return value |
|ap_rst         |  in |    1| ap_ctrl_hs |     RELU     | return value |
|ap_start       |  in |    1| ap_ctrl_hs |     RELU     | return value |
|ap_done        | out |    1| ap_ctrl_hs |     RELU     | return value |
|ap_idle        | out |    1| ap_ctrl_hs |     RELU     | return value |
|ap_ready       | out |    1| ap_ctrl_hs |     RELU     | return value |
|data_address0  | out |    5|  ap_memory |     data     |     array    |
|data_ce0       | out |    1|  ap_memory |     data     |     array    |
|data_we0       | out |    1|  ap_memory |     data     |     array    |
|data_d0        | out |   19|  ap_memory |     data     |     array    |
|data_q0        |  in |   19|  ap_memory |     data     |     array    |
|data_address1  | out |    5|  ap_memory |     data     |     array    |
|data_ce1       | out |    1|  ap_memory |     data     |     array    |
|data_we1       | out |    1|  ap_memory |     data     |     array    |
|data_d1        | out |   19|  ap_memory |     data     |     array    |
|data_q1        |  in |   19|  ap_memory |     data     |     array    |
+---------------+-----+-----+------------+--------------+--------------+

============================================================
+ Verbose Summary: Synthesis Manager
============================================================
InlineROM: 1
ExposeGlobal: 0
============================================================
+ Verbose Summary: CDFG Model
============================================================
IsTopModel: 0
ResetActiveHigh: 1
IsCombinational: 2
IsDatapathOnly: 2
HasWiredReturn: 1
HasMFsm: 0
HasVarLatency: 1
IsPipeline: 0
IsRtlPipelined: 0
IsInstanceOverlapped: 0
IsDontTouch: 0
HasImplIP: 0
IsGatedGlobalClock: 0


============================================================
+ Verbose Summary: Schedule
============================================================
* Number of FSM states: 33
* Pipeline: 0
* Dataflow Pipeline: 0

* FSM state transitions: 
1 --> 
	2  / true
2 --> 
	3  / true
3 --> 
	4  / true
4 --> 
	5  / true
5 --> 
	6  / true
6 --> 
	7  / true
7 --> 
	8  / true
8 --> 
	9  / true
9 --> 
	10  / true
10 --> 
	11  / true
11 --> 
	12  / true
12 --> 
	13  / true
13 --> 
	14  / true
14 --> 
	15  / true
15 --> 
	16  / true
16 --> 
	17  / true
17 --> 
	18  / true
18 --> 
	19  / true
19 --> 
	20  / true
20 --> 
	21  / true
21 --> 
	22  / true
22 --> 
	23  / true
23 --> 
	24  / true
24 --> 
	25  / true
25 --> 
	26  / true
26 --> 
	27  / true
27 --> 
	28  / true
28 --> 
	29  / true
29 --> 
	30  / true
30 --> 
	31  / true
31 --> 
	32  / true
32 --> 
	33  / true
33 --> 
* FSM state operations: 

 <State 1>: 2.32ns
ST_1: data_addr (2)  [1/1] 0.00ns  loc: NN.cpp:67
:0  %data_addr = getelementptr [32 x i19]* %data, i32 0, i32 0

ST_1: data_load (3)  [2/2] 2.32ns  loc: NN.cpp:67
:1  %data_load = load i19* %data_addr, align 4


 <State 2>: 2.32ns
ST_2: data_load (3)  [1/2] 2.32ns  loc: NN.cpp:67
:1  %data_load = load i19* %data_addr, align 4

ST_2: tmp (4)  [1/1] 0.00ns  loc: NN.cpp:67
:2  %tmp = call i1 @_ssdm_op_BitSelect.i1.i19.i32(i19 %data_load, i32 18)

ST_2: StgValue_38 (5)  [1/1] 0.00ns  loc: NN.cpp:67
:3  br i1 %tmp, label %1, label %._crit_edge.0

ST_2: StgValue_39 (7)  [1/1] 2.32ns  loc: NN.cpp:69
:0  store i19 0, i19* %data_addr, align 4

ST_2: StgValue_40 (8)  [1/1] 0.00ns  loc: NN.cpp:70
:1  br label %._crit_edge.0

ST_2: data_addr_1 (10)  [1/1] 0.00ns  loc: NN.cpp:67
._crit_edge.0:0  %data_addr_1 = getelementptr [32 x i19]* %data, i32 0, i32 1

ST_2: data_load_1 (11)  [2/2] 2.32ns  loc: NN.cpp:67
._crit_edge.0:1  %data_load_1 = load i19* %data_addr_1, align 4


 <State 3>: 2.32ns
ST_3: data_load_1 (11)  [1/2] 2.32ns  loc: NN.cpp:67
._crit_edge.0:1  %data_load_1 = load i19* %data_addr_1, align 4

ST_3: tmp_1 (12)  [1/1] 0.00ns  loc: NN.cpp:67
._crit_edge.0:2  %tmp_1 = call i1 @_ssdm_op_BitSelect.i1.i19.i32(i19 %data_load_1, i32 18)

ST_3: StgValue_45 (13)  [1/1] 0.00ns  loc: NN.cpp:67
._crit_edge.0:3  br i1 %tmp_1, label %2, label %._crit_edge.1

ST_3: StgValue_46 (15)  [1/1] 2.32ns  loc: NN.cpp:69
:0  store i19 0, i19* %data_addr_1, align 4

ST_3: StgValue_47 (16)  [1/1] 0.00ns  loc: NN.cpp:70
:1  br label %._crit_edge.1

ST_3: data_addr_2 (18)  [1/1] 0.00ns  loc: NN.cpp:67
._crit_edge.1:0  %data_addr_2 = getelementptr [32 x i19]* %data, i32 0, i32 2

ST_3: data_load_2 (19)  [2/2] 2.32ns  loc: NN.cpp:67
._crit_edge.1:1  %data_load_2 = load i19* %data_addr_2, align 4


 <State 4>: 2.32ns
ST_4: data_load_2 (19)  [1/2] 2.32ns  loc: NN.cpp:67
._crit_edge.1:1  %data_load_2 = load i19* %data_addr_2, align 4

ST_4: tmp_2 (20)  [1/1] 0.00ns  loc: NN.cpp:67
._crit_edge.1:2  %tmp_2 = call i1 @_ssdm_op_BitSelect.i1.i19.i32(i19 %data_load_2, i32 18)

ST_4: StgValue_52 (21)  [1/1] 0.00ns  loc: NN.cpp:67
._crit_edge.1:3  br i1 %tmp_2, label %3, label %._crit_edge.2

ST_4: StgValue_53 (23)  [1/1] 2.32ns  loc: NN.cpp:69
:0  store i19 0, i19* %data_addr_2, align 4

ST_4: StgValue_54 (24)  [1/1] 0.00ns  loc: NN.cpp:70
:1  br label %._crit_edge.2

ST_4: data_addr_3 (26)  [1/1] 0.00ns  loc: NN.cpp:67
._crit_edge.2:0  %data_addr_3 = getelementptr [32 x i19]* %data, i32 0, i32 3

ST_4: data_load_3 (27)  [2/2] 2.32ns  loc: NN.cpp:67
._crit_edge.2:1  %data_load_3 = load i19* %data_addr_3, align 4


 <State 5>: 2.32ns
ST_5: data_load_3 (27)  [1/2] 2.32ns  loc: NN.cpp:67
._crit_edge.2:1  %data_load_3 = load i19* %data_addr_3, align 4

ST_5: tmp_3 (28)  [1/1] 0.00ns  loc: NN.cpp:67
._crit_edge.2:2  %tmp_3 = call i1 @_ssdm_op_BitSelect.i1.i19.i32(i19 %data_load_3, i32 18)

ST_5: StgValue_59 (29)  [1/1] 0.00ns  loc: NN.cpp:67
._crit_edge.2:3  br i1 %tmp_3, label %4, label %._crit_edge.3

ST_5: StgValue_60 (31)  [1/1] 2.32ns  loc: NN.cpp:69
:0  store i19 0, i19* %data_addr_3, align 4

ST_5: StgValue_61 (32)  [1/1] 0.00ns  loc: NN.cpp:70
:1  br label %._crit_edge.3

ST_5: data_addr_4 (34)  [1/1] 0.00ns  loc: NN.cpp:67
._crit_edge.3:0  %data_addr_4 = getelementptr [32 x i19]* %data, i32 0, i32 4

ST_5: data_load_4 (35)  [2/2] 2.32ns  loc: NN.cpp:67
._crit_edge.3:1  %data_load_4 = load i19* %data_addr_4, align 4


 <State 6>: 2.32ns
ST_6: data_load_4 (35)  [1/2] 2.32ns  loc: NN.cpp:67
._crit_edge.3:1  %data_load_4 = load i19* %data_addr_4, align 4

ST_6: tmp_4 (36)  [1/1] 0.00ns  loc: NN.cpp:67
._crit_edge.3:2  %tmp_4 = call i1 @_ssdm_op_BitSelect.i1.i19.i32(i19 %data_load_4, i32 18)

ST_6: StgValue_66 (37)  [1/1] 0.00ns  loc: NN.cpp:67
._crit_edge.3:3  br i1 %tmp_4, label %5, label %._crit_edge.4

ST_6: StgValue_67 (39)  [1/1] 2.32ns  loc: NN.cpp:69
:0  store i19 0, i19* %data_addr_4, align 4

ST_6: StgValue_68 (40)  [1/1] 0.00ns  loc: NN.cpp:70
:1  br label %._crit_edge.4

ST_6: data_addr_5 (42)  [1/1] 0.00ns  loc: NN.cpp:67
._crit_edge.4:0  %data_addr_5 = getelementptr [32 x i19]* %data, i32 0, i32 5

ST_6: data_load_5 (43)  [2/2] 2.32ns  loc: NN.cpp:67
._crit_edge.4:1  %data_load_5 = load i19* %data_addr_5, align 4


 <State 7>: 2.32ns
ST_7: data_load_5 (43)  [1/2] 2.32ns  loc: NN.cpp:67
._crit_edge.4:1  %data_load_5 = load i19* %data_addr_5, align 4

ST_7: tmp_5 (44)  [1/1] 0.00ns  loc: NN.cpp:67
._crit_edge.4:2  %tmp_5 = call i1 @_ssdm_op_BitSelect.i1.i19.i32(i19 %data_load_5, i32 18)

ST_7: StgValue_73 (45)  [1/1] 0.00ns  loc: NN.cpp:67
._crit_edge.4:3  br i1 %tmp_5, label %6, label %._crit_edge.5

ST_7: StgValue_74 (47)  [1/1] 2.32ns  loc: NN.cpp:69
:0  store i19 0, i19* %data_addr_5, align 4

ST_7: StgValue_75 (48)  [1/1] 0.00ns  loc: NN.cpp:70
:1  br label %._crit_edge.5

ST_7: data_addr_6 (50)  [1/1] 0.00ns  loc: NN.cpp:67
._crit_edge.5:0  %data_addr_6 = getelementptr [32 x i19]* %data, i32 0, i32 6

ST_7: data_load_6 (51)  [2/2] 2.32ns  loc: NN.cpp:67
._crit_edge.5:1  %data_load_6 = load i19* %data_addr_6, align 4


 <State 8>: 2.32ns
ST_8: data_load_6 (51)  [1/2] 2.32ns  loc: NN.cpp:67
._crit_edge.5:1  %data_load_6 = load i19* %data_addr_6, align 4

ST_8: tmp_6 (52)  [1/1] 0.00ns  loc: NN.cpp:67
._crit_edge.5:2  %tmp_6 = call i1 @_ssdm_op_BitSelect.i1.i19.i32(i19 %data_load_6, i32 18)

ST_8: StgValue_80 (53)  [1/1] 0.00ns  loc: NN.cpp:67
._crit_edge.5:3  br i1 %tmp_6, label %7, label %._crit_edge.6

ST_8: StgValue_81 (55)  [1/1] 2.32ns  loc: NN.cpp:69
:0  store i19 0, i19* %data_addr_6, align 4

ST_8: StgValue_82 (56)  [1/1] 0.00ns  loc: NN.cpp:70
:1  br label %._crit_edge.6

ST_8: data_addr_7 (58)  [1/1] 0.00ns  loc: NN.cpp:67
._crit_edge.6:0  %data_addr_7 = getelementptr [32 x i19]* %data, i32 0, i32 7

ST_8: data_load_7 (59)  [2/2] 2.32ns  loc: NN.cpp:67
._crit_edge.6:1  %data_load_7 = load i19* %data_addr_7, align 4


 <State 9>: 2.32ns
ST_9: data_load_7 (59)  [1/2] 2.32ns  loc: NN.cpp:67
._crit_edge.6:1  %data_load_7 = load i19* %data_addr_7, align 4

ST_9: tmp_7 (60)  [1/1] 0.00ns  loc: NN.cpp:67
._crit_edge.6:2  %tmp_7 = call i1 @_ssdm_op_BitSelect.i1.i19.i32(i19 %data_load_7, i32 18)

ST_9: StgValue_87 (61)  [1/1] 0.00ns  loc: NN.cpp:67
._crit_edge.6:3  br i1 %tmp_7, label %8, label %._crit_edge.7

ST_9: StgValue_88 (63)  [1/1] 2.32ns  loc: NN.cpp:69
:0  store i19 0, i19* %data_addr_7, align 4

ST_9: StgValue_89 (64)  [1/1] 0.00ns  loc: NN.cpp:70
:1  br label %._crit_edge.7

ST_9: data_addr_8 (66)  [1/1] 0.00ns  loc: NN.cpp:67
._crit_edge.7:0  %data_addr_8 = getelementptr [32 x i19]* %data, i32 0, i32 8

ST_9: data_load_8 (67)  [2/2] 2.32ns  loc: NN.cpp:67
._crit_edge.7:1  %data_load_8 = load i19* %data_addr_8, align 4


 <State 10>: 2.32ns
ST_10: data_load_8 (67)  [1/2] 2.32ns  loc: NN.cpp:67
._crit_edge.7:1  %data_load_8 = load i19* %data_addr_8, align 4

ST_10: tmp_8 (68)  [1/1] 0.00ns  loc: NN.cpp:67
._crit_edge.7:2  %tmp_8 = call i1 @_ssdm_op_BitSelect.i1.i19.i32(i19 %data_load_8, i32 18)

ST_10: StgValue_94 (69)  [1/1] 0.00ns  loc: NN.cpp:67
._crit_edge.7:3  br i1 %tmp_8, label %9, label %._crit_edge.8

ST_10: StgValue_95 (71)  [1/1] 2.32ns  loc: NN.cpp:69
:0  store i19 0, i19* %data_addr_8, align 4

ST_10: StgValue_96 (72)  [1/1] 0.00ns  loc: NN.cpp:70
:1  br label %._crit_edge.8

ST_10: data_addr_9 (74)  [1/1] 0.00ns  loc: NN.cpp:67
._crit_edge.8:0  %data_addr_9 = getelementptr [32 x i19]* %data, i32 0, i32 9

ST_10: data_load_9 (75)  [2/2] 2.32ns  loc: NN.cpp:67
._crit_edge.8:1  %data_load_9 = load i19* %data_addr_9, align 4


 <State 11>: 2.32ns
ST_11: data_load_9 (75)  [1/2] 2.32ns  loc: NN.cpp:67
._crit_edge.8:1  %data_load_9 = load i19* %data_addr_9, align 4

ST_11: tmp_9 (76)  [1/1] 0.00ns  loc: NN.cpp:67
._crit_edge.8:2  %tmp_9 = call i1 @_ssdm_op_BitSelect.i1.i19.i32(i19 %data_load_9, i32 18)

ST_11: StgValue_101 (77)  [1/1] 0.00ns  loc: NN.cpp:67
._crit_edge.8:3  br i1 %tmp_9, label %10, label %._crit_edge.9

ST_11: StgValue_102 (79)  [1/1] 2.32ns  loc: NN.cpp:69
:0  store i19 0, i19* %data_addr_9, align 4

ST_11: StgValue_103 (80)  [1/1] 0.00ns  loc: NN.cpp:70
:1  br label %._crit_edge.9

ST_11: data_addr_10 (82)  [1/1] 0.00ns  loc: NN.cpp:67
._crit_edge.9:0  %data_addr_10 = getelementptr [32 x i19]* %data, i32 0, i32 10

ST_11: data_load_10 (83)  [2/2] 2.32ns  loc: NN.cpp:67
._crit_edge.9:1  %data_load_10 = load i19* %data_addr_10, align 4


 <State 12>: 2.32ns
ST_12: data_load_10 (83)  [1/2] 2.32ns  loc: NN.cpp:67
._crit_edge.9:1  %data_load_10 = load i19* %data_addr_10, align 4

ST_12: tmp_10 (84)  [1/1] 0.00ns  loc: NN.cpp:67
._crit_edge.9:2  %tmp_10 = call i1 @_ssdm_op_BitSelect.i1.i19.i32(i19 %data_load_10, i32 18)

ST_12: StgValue_108 (85)  [1/1] 0.00ns  loc: NN.cpp:67
._crit_edge.9:3  br i1 %tmp_10, label %11, label %._crit_edge.10

ST_12: StgValue_109 (87)  [1/1] 2.32ns  loc: NN.cpp:69
:0  store i19 0, i19* %data_addr_10, align 4

ST_12: StgValue_110 (88)  [1/1] 0.00ns  loc: NN.cpp:70
:1  br label %._crit_edge.10

ST_12: data_addr_11 (90)  [1/1] 0.00ns  loc: NN.cpp:67
._crit_edge.10:0  %data_addr_11 = getelementptr [32 x i19]* %data, i32 0, i32 11

ST_12: data_load_11 (91)  [2/2] 2.32ns  loc: NN.cpp:67
._crit_edge.10:1  %data_load_11 = load i19* %data_addr_11, align 4


 <State 13>: 2.32ns
ST_13: data_load_11 (91)  [1/2] 2.32ns  loc: NN.cpp:67
._crit_edge.10:1  %data_load_11 = load i19* %data_addr_11, align 4

ST_13: tmp_11 (92)  [1/1] 0.00ns  loc: NN.cpp:67
._crit_edge.10:2  %tmp_11 = call i1 @_ssdm_op_BitSelect.i1.i19.i32(i19 %data_load_11, i32 18)

ST_13: StgValue_115 (93)  [1/1] 0.00ns  loc: NN.cpp:67
._crit_edge.10:3  br i1 %tmp_11, label %12, label %._crit_edge.11

ST_13: StgValue_116 (95)  [1/1] 2.32ns  loc: NN.cpp:69
:0  store i19 0, i19* %data_addr_11, align 4

ST_13: StgValue_117 (96)  [1/1] 0.00ns  loc: NN.cpp:70
:1  br label %._crit_edge.11

ST_13: data_addr_12 (98)  [1/1] 0.00ns  loc: NN.cpp:67
._crit_edge.11:0  %data_addr_12 = getelementptr [32 x i19]* %data, i32 0, i32 12

ST_13: data_load_12 (99)  [2/2] 2.32ns  loc: NN.cpp:67
._crit_edge.11:1  %data_load_12 = load i19* %data_addr_12, align 4


 <State 14>: 2.32ns
ST_14: data_load_12 (99)  [1/2] 2.32ns  loc: NN.cpp:67
._crit_edge.11:1  %data_load_12 = load i19* %data_addr_12, align 4

ST_14: tmp_12 (100)  [1/1] 0.00ns  loc: NN.cpp:67
._crit_edge.11:2  %tmp_12 = call i1 @_ssdm_op_BitSelect.i1.i19.i32(i19 %data_load_12, i32 18)

ST_14: StgValue_122 (101)  [1/1] 0.00ns  loc: NN.cpp:67
._crit_edge.11:3  br i1 %tmp_12, label %13, label %._crit_edge.12

ST_14: StgValue_123 (103)  [1/1] 2.32ns  loc: NN.cpp:69
:0  store i19 0, i19* %data_addr_12, align 4

ST_14: StgValue_124 (104)  [1/1] 0.00ns  loc: NN.cpp:70
:1  br label %._crit_edge.12

ST_14: data_addr_13 (106)  [1/1] 0.00ns  loc: NN.cpp:67
._crit_edge.12:0  %data_addr_13 = getelementptr [32 x i19]* %data, i32 0, i32 13

ST_14: data_load_13 (107)  [2/2] 2.32ns  loc: NN.cpp:67
._crit_edge.12:1  %data_load_13 = load i19* %data_addr_13, align 4


 <State 15>: 2.32ns
ST_15: data_load_13 (107)  [1/2] 2.32ns  loc: NN.cpp:67
._crit_edge.12:1  %data_load_13 = load i19* %data_addr_13, align 4

ST_15: tmp_13 (108)  [1/1] 0.00ns  loc: NN.cpp:67
._crit_edge.12:2  %tmp_13 = call i1 @_ssdm_op_BitSelect.i1.i19.i32(i19 %data_load_13, i32 18)

ST_15: StgValue_129 (109)  [1/1] 0.00ns  loc: NN.cpp:67
._crit_edge.12:3  br i1 %tmp_13, label %14, label %._crit_edge.13

ST_15: StgValue_130 (111)  [1/1] 2.32ns  loc: NN.cpp:69
:0  store i19 0, i19* %data_addr_13, align 4

ST_15: StgValue_131 (112)  [1/1] 0.00ns  loc: NN.cpp:70
:1  br label %._crit_edge.13

ST_15: data_addr_14 (114)  [1/1] 0.00ns  loc: NN.cpp:67
._crit_edge.13:0  %data_addr_14 = getelementptr [32 x i19]* %data, i32 0, i32 14

ST_15: data_load_14 (115)  [2/2] 2.32ns  loc: NN.cpp:67
._crit_edge.13:1  %data_load_14 = load i19* %data_addr_14, align 4


 <State 16>: 2.32ns
ST_16: data_load_14 (115)  [1/2] 2.32ns  loc: NN.cpp:67
._crit_edge.13:1  %data_load_14 = load i19* %data_addr_14, align 4

ST_16: tmp_14 (116)  [1/1] 0.00ns  loc: NN.cpp:67
._crit_edge.13:2  %tmp_14 = call i1 @_ssdm_op_BitSelect.i1.i19.i32(i19 %data_load_14, i32 18)

ST_16: StgValue_136 (117)  [1/1] 0.00ns  loc: NN.cpp:67
._crit_edge.13:3  br i1 %tmp_14, label %15, label %._crit_edge.14

ST_16: StgValue_137 (119)  [1/1] 2.32ns  loc: NN.cpp:69
:0  store i19 0, i19* %data_addr_14, align 4

ST_16: StgValue_138 (120)  [1/1] 0.00ns  loc: NN.cpp:70
:1  br label %._crit_edge.14

ST_16: data_addr_15 (122)  [1/1] 0.00ns  loc: NN.cpp:67
._crit_edge.14:0  %data_addr_15 = getelementptr [32 x i19]* %data, i32 0, i32 15

ST_16: data_load_15 (123)  [2/2] 2.32ns  loc: NN.cpp:67
._crit_edge.14:1  %data_load_15 = load i19* %data_addr_15, align 4


 <State 17>: 2.32ns
ST_17: data_load_15 (123)  [1/2] 2.32ns  loc: NN.cpp:67
._crit_edge.14:1  %data_load_15 = load i19* %data_addr_15, align 4

ST_17: tmp_15 (124)  [1/1] 0.00ns  loc: NN.cpp:67
._crit_edge.14:2  %tmp_15 = call i1 @_ssdm_op_BitSelect.i1.i19.i32(i19 %data_load_15, i32 18)

ST_17: StgValue_143 (125)  [1/1] 0.00ns  loc: NN.cpp:67
._crit_edge.14:3  br i1 %tmp_15, label %16, label %._crit_edge.15

ST_17: StgValue_144 (127)  [1/1] 2.32ns  loc: NN.cpp:69
:0  store i19 0, i19* %data_addr_15, align 4

ST_17: StgValue_145 (128)  [1/1] 0.00ns  loc: NN.cpp:70
:1  br label %._crit_edge.15

ST_17: data_addr_16 (130)  [1/1] 0.00ns  loc: NN.cpp:67
._crit_edge.15:0  %data_addr_16 = getelementptr [32 x i19]* %data, i32 0, i32 16

ST_17: data_load_16 (131)  [2/2] 2.32ns  loc: NN.cpp:67
._crit_edge.15:1  %data_load_16 = load i19* %data_addr_16, align 4


 <State 18>: 2.32ns
ST_18: data_load_16 (131)  [1/2] 2.32ns  loc: NN.cpp:67
._crit_edge.15:1  %data_load_16 = load i19* %data_addr_16, align 4

ST_18: tmp_16 (132)  [1/1] 0.00ns  loc: NN.cpp:67
._crit_edge.15:2  %tmp_16 = call i1 @_ssdm_op_BitSelect.i1.i19.i32(i19 %data_load_16, i32 18)

ST_18: StgValue_150 (133)  [1/1] 0.00ns  loc: NN.cpp:67
._crit_edge.15:3  br i1 %tmp_16, label %17, label %._crit_edge.16

ST_18: StgValue_151 (135)  [1/1] 2.32ns  loc: NN.cpp:69
:0  store i19 0, i19* %data_addr_16, align 4

ST_18: StgValue_152 (136)  [1/1] 0.00ns  loc: NN.cpp:70
:1  br label %._crit_edge.16

ST_18: data_addr_17 (138)  [1/1] 0.00ns  loc: NN.cpp:67
._crit_edge.16:0  %data_addr_17 = getelementptr [32 x i19]* %data, i32 0, i32 17

ST_18: data_load_17 (139)  [2/2] 2.32ns  loc: NN.cpp:67
._crit_edge.16:1  %data_load_17 = load i19* %data_addr_17, align 4


 <State 19>: 2.32ns
ST_19: data_load_17 (139)  [1/2] 2.32ns  loc: NN.cpp:67
._crit_edge.16:1  %data_load_17 = load i19* %data_addr_17, align 4

ST_19: tmp_17 (140)  [1/1] 0.00ns  loc: NN.cpp:67
._crit_edge.16:2  %tmp_17 = call i1 @_ssdm_op_BitSelect.i1.i19.i32(i19 %data_load_17, i32 18)

ST_19: StgValue_157 (141)  [1/1] 0.00ns  loc: NN.cpp:67
._crit_edge.16:3  br i1 %tmp_17, label %18, label %._crit_edge.17

ST_19: StgValue_158 (143)  [1/1] 2.32ns  loc: NN.cpp:69
:0  store i19 0, i19* %data_addr_17, align 4

ST_19: StgValue_159 (144)  [1/1] 0.00ns  loc: NN.cpp:70
:1  br label %._crit_edge.17

ST_19: data_addr_18 (146)  [1/1] 0.00ns  loc: NN.cpp:67
._crit_edge.17:0  %data_addr_18 = getelementptr [32 x i19]* %data, i32 0, i32 18

ST_19: data_load_18 (147)  [2/2] 2.32ns  loc: NN.cpp:67
._crit_edge.17:1  %data_load_18 = load i19* %data_addr_18, align 4


 <State 20>: 2.32ns
ST_20: data_load_18 (147)  [1/2] 2.32ns  loc: NN.cpp:67
._crit_edge.17:1  %data_load_18 = load i19* %data_addr_18, align 4

ST_20: tmp_18 (148)  [1/1] 0.00ns  loc: NN.cpp:67
._crit_edge.17:2  %tmp_18 = call i1 @_ssdm_op_BitSelect.i1.i19.i32(i19 %data_load_18, i32 18)

ST_20: StgValue_164 (149)  [1/1] 0.00ns  loc: NN.cpp:67
._crit_edge.17:3  br i1 %tmp_18, label %19, label %._crit_edge.18

ST_20: StgValue_165 (151)  [1/1] 2.32ns  loc: NN.cpp:69
:0  store i19 0, i19* %data_addr_18, align 4

ST_20: StgValue_166 (152)  [1/1] 0.00ns  loc: NN.cpp:70
:1  br label %._crit_edge.18

ST_20: data_addr_19 (154)  [1/1] 0.00ns  loc: NN.cpp:67
._crit_edge.18:0  %data_addr_19 = getelementptr [32 x i19]* %data, i32 0, i32 19

ST_20: data_load_19 (155)  [2/2] 2.32ns  loc: NN.cpp:67
._crit_edge.18:1  %data_load_19 = load i19* %data_addr_19, align 4


 <State 21>: 2.32ns
ST_21: data_load_19 (155)  [1/2] 2.32ns  loc: NN.cpp:67
._crit_edge.18:1  %data_load_19 = load i19* %data_addr_19, align 4

ST_21: tmp_19 (156)  [1/1] 0.00ns  loc: NN.cpp:67
._crit_edge.18:2  %tmp_19 = call i1 @_ssdm_op_BitSelect.i1.i19.i32(i19 %data_load_19, i32 18)

ST_21: StgValue_171 (157)  [1/1] 0.00ns  loc: NN.cpp:67
._crit_edge.18:3  br i1 %tmp_19, label %20, label %._crit_edge.19

ST_21: StgValue_172 (159)  [1/1] 2.32ns  loc: NN.cpp:69
:0  store i19 0, i19* %data_addr_19, align 4

ST_21: StgValue_173 (160)  [1/1] 0.00ns  loc: NN.cpp:70
:1  br label %._crit_edge.19

ST_21: data_addr_20 (162)  [1/1] 0.00ns  loc: NN.cpp:67
._crit_edge.19:0  %data_addr_20 = getelementptr [32 x i19]* %data, i32 0, i32 20

ST_21: data_load_20 (163)  [2/2] 2.32ns  loc: NN.cpp:67
._crit_edge.19:1  %data_load_20 = load i19* %data_addr_20, align 4


 <State 22>: 2.32ns
ST_22: data_load_20 (163)  [1/2] 2.32ns  loc: NN.cpp:67
._crit_edge.19:1  %data_load_20 = load i19* %data_addr_20, align 4

ST_22: tmp_20 (164)  [1/1] 0.00ns  loc: NN.cpp:67
._crit_edge.19:2  %tmp_20 = call i1 @_ssdm_op_BitSelect.i1.i19.i32(i19 %data_load_20, i32 18)

ST_22: StgValue_178 (165)  [1/1] 0.00ns  loc: NN.cpp:67
._crit_edge.19:3  br i1 %tmp_20, label %21, label %._crit_edge.20

ST_22: StgValue_179 (167)  [1/1] 2.32ns  loc: NN.cpp:69
:0  store i19 0, i19* %data_addr_20, align 4

ST_22: StgValue_180 (168)  [1/1] 0.00ns  loc: NN.cpp:70
:1  br label %._crit_edge.20

ST_22: data_addr_21 (170)  [1/1] 0.00ns  loc: NN.cpp:67
._crit_edge.20:0  %data_addr_21 = getelementptr [32 x i19]* %data, i32 0, i32 21

ST_22: data_load_21 (171)  [2/2] 2.32ns  loc: NN.cpp:67
._crit_edge.20:1  %data_load_21 = load i19* %data_addr_21, align 4


 <State 23>: 2.32ns
ST_23: data_load_21 (171)  [1/2] 2.32ns  loc: NN.cpp:67
._crit_edge.20:1  %data_load_21 = load i19* %data_addr_21, align 4

ST_23: tmp_21 (172)  [1/1] 0.00ns  loc: NN.cpp:67
._crit_edge.20:2  %tmp_21 = call i1 @_ssdm_op_BitSelect.i1.i19.i32(i19 %data_load_21, i32 18)

ST_23: StgValue_185 (173)  [1/1] 0.00ns  loc: NN.cpp:67
._crit_edge.20:3  br i1 %tmp_21, label %22, label %._crit_edge.21

ST_23: StgValue_186 (175)  [1/1] 2.32ns  loc: NN.cpp:69
:0  store i19 0, i19* %data_addr_21, align 4

ST_23: StgValue_187 (176)  [1/1] 0.00ns  loc: NN.cpp:70
:1  br label %._crit_edge.21

ST_23: data_addr_22 (178)  [1/1] 0.00ns  loc: NN.cpp:67
._crit_edge.21:0  %data_addr_22 = getelementptr [32 x i19]* %data, i32 0, i32 22

ST_23: data_load_22 (179)  [2/2] 2.32ns  loc: NN.cpp:67
._crit_edge.21:1  %data_load_22 = load i19* %data_addr_22, align 4


 <State 24>: 2.32ns
ST_24: data_load_22 (179)  [1/2] 2.32ns  loc: NN.cpp:67
._crit_edge.21:1  %data_load_22 = load i19* %data_addr_22, align 4

ST_24: tmp_22 (180)  [1/1] 0.00ns  loc: NN.cpp:67
._crit_edge.21:2  %tmp_22 = call i1 @_ssdm_op_BitSelect.i1.i19.i32(i19 %data_load_22, i32 18)

ST_24: StgValue_192 (181)  [1/1] 0.00ns  loc: NN.cpp:67
._crit_edge.21:3  br i1 %tmp_22, label %23, label %._crit_edge.22

ST_24: StgValue_193 (183)  [1/1] 2.32ns  loc: NN.cpp:69
:0  store i19 0, i19* %data_addr_22, align 4

ST_24: StgValue_194 (184)  [1/1] 0.00ns  loc: NN.cpp:70
:1  br label %._crit_edge.22

ST_24: data_addr_23 (186)  [1/1] 0.00ns  loc: NN.cpp:67
._crit_edge.22:0  %data_addr_23 = getelementptr [32 x i19]* %data, i32 0, i32 23

ST_24: data_load_23 (187)  [2/2] 2.32ns  loc: NN.cpp:67
._crit_edge.22:1  %data_load_23 = load i19* %data_addr_23, align 4


 <State 25>: 2.32ns
ST_25: data_load_23 (187)  [1/2] 2.32ns  loc: NN.cpp:67
._crit_edge.22:1  %data_load_23 = load i19* %data_addr_23, align 4

ST_25: tmp_23 (188)  [1/1] 0.00ns  loc: NN.cpp:67
._crit_edge.22:2  %tmp_23 = call i1 @_ssdm_op_BitSelect.i1.i19.i32(i19 %data_load_23, i32 18)

ST_25: StgValue_199 (189)  [1/1] 0.00ns  loc: NN.cpp:67
._crit_edge.22:3  br i1 %tmp_23, label %24, label %._crit_edge.23

ST_25: StgValue_200 (191)  [1/1] 2.32ns  loc: NN.cpp:69
:0  store i19 0, i19* %data_addr_23, align 4

ST_25: StgValue_201 (192)  [1/1] 0.00ns  loc: NN.cpp:70
:1  br label %._crit_edge.23

ST_25: data_addr_24 (194)  [1/1] 0.00ns  loc: NN.cpp:67
._crit_edge.23:0  %data_addr_24 = getelementptr [32 x i19]* %data, i32 0, i32 24

ST_25: data_load_24 (195)  [2/2] 2.32ns  loc: NN.cpp:67
._crit_edge.23:1  %data_load_24 = load i19* %data_addr_24, align 4


 <State 26>: 2.32ns
ST_26: data_load_24 (195)  [1/2] 2.32ns  loc: NN.cpp:67
._crit_edge.23:1  %data_load_24 = load i19* %data_addr_24, align 4

ST_26: tmp_24 (196)  [1/1] 0.00ns  loc: NN.cpp:67
._crit_edge.23:2  %tmp_24 = call i1 @_ssdm_op_BitSelect.i1.i19.i32(i19 %data_load_24, i32 18)

ST_26: StgValue_206 (197)  [1/1] 0.00ns  loc: NN.cpp:67
._crit_edge.23:3  br i1 %tmp_24, label %25, label %._crit_edge.24

ST_26: StgValue_207 (199)  [1/1] 2.32ns  loc: NN.cpp:69
:0  store i19 0, i19* %data_addr_24, align 4

ST_26: StgValue_208 (200)  [1/1] 0.00ns  loc: NN.cpp:70
:1  br label %._crit_edge.24

ST_26: data_addr_25 (202)  [1/1] 0.00ns  loc: NN.cpp:67
._crit_edge.24:0  %data_addr_25 = getelementptr [32 x i19]* %data, i32 0, i32 25

ST_26: data_load_25 (203)  [2/2] 2.32ns  loc: NN.cpp:67
._crit_edge.24:1  %data_load_25 = load i19* %data_addr_25, align 4


 <State 27>: 2.32ns
ST_27: data_load_25 (203)  [1/2] 2.32ns  loc: NN.cpp:67
._crit_edge.24:1  %data_load_25 = load i19* %data_addr_25, align 4

ST_27: tmp_25 (204)  [1/1] 0.00ns  loc: NN.cpp:67
._crit_edge.24:2  %tmp_25 = call i1 @_ssdm_op_BitSelect.i1.i19.i32(i19 %data_load_25, i32 18)

ST_27: StgValue_213 (205)  [1/1] 0.00ns  loc: NN.cpp:67
._crit_edge.24:3  br i1 %tmp_25, label %26, label %._crit_edge.25

ST_27: StgValue_214 (207)  [1/1] 2.32ns  loc: NN.cpp:69
:0  store i19 0, i19* %data_addr_25, align 4

ST_27: StgValue_215 (208)  [1/1] 0.00ns  loc: NN.cpp:70
:1  br label %._crit_edge.25

ST_27: data_addr_26 (210)  [1/1] 0.00ns  loc: NN.cpp:67
._crit_edge.25:0  %data_addr_26 = getelementptr [32 x i19]* %data, i32 0, i32 26

ST_27: data_load_26 (211)  [2/2] 2.32ns  loc: NN.cpp:67
._crit_edge.25:1  %data_load_26 = load i19* %data_addr_26, align 4


 <State 28>: 2.32ns
ST_28: data_load_26 (211)  [1/2] 2.32ns  loc: NN.cpp:67
._crit_edge.25:1  %data_load_26 = load i19* %data_addr_26, align 4

ST_28: tmp_26 (212)  [1/1] 0.00ns  loc: NN.cpp:67
._crit_edge.25:2  %tmp_26 = call i1 @_ssdm_op_BitSelect.i1.i19.i32(i19 %data_load_26, i32 18)

ST_28: StgValue_220 (213)  [1/1] 0.00ns  loc: NN.cpp:67
._crit_edge.25:3  br i1 %tmp_26, label %27, label %._crit_edge.26

ST_28: StgValue_221 (215)  [1/1] 2.32ns  loc: NN.cpp:69
:0  store i19 0, i19* %data_addr_26, align 4

ST_28: StgValue_222 (216)  [1/1] 0.00ns  loc: NN.cpp:70
:1  br label %._crit_edge.26

ST_28: data_addr_27 (218)  [1/1] 0.00ns  loc: NN.cpp:67
._crit_edge.26:0  %data_addr_27 = getelementptr [32 x i19]* %data, i32 0, i32 27

ST_28: data_load_27 (219)  [2/2] 2.32ns  loc: NN.cpp:67
._crit_edge.26:1  %data_load_27 = load i19* %data_addr_27, align 4


 <State 29>: 2.32ns
ST_29: data_load_27 (219)  [1/2] 2.32ns  loc: NN.cpp:67
._crit_edge.26:1  %data_load_27 = load i19* %data_addr_27, align 4

ST_29: tmp_27 (220)  [1/1] 0.00ns  loc: NN.cpp:67
._crit_edge.26:2  %tmp_27 = call i1 @_ssdm_op_BitSelect.i1.i19.i32(i19 %data_load_27, i32 18)

ST_29: StgValue_227 (221)  [1/1] 0.00ns  loc: NN.cpp:67
._crit_edge.26:3  br i1 %tmp_27, label %28, label %._crit_edge.27

ST_29: StgValue_228 (223)  [1/1] 2.32ns  loc: NN.cpp:69
:0  store i19 0, i19* %data_addr_27, align 4

ST_29: StgValue_229 (224)  [1/1] 0.00ns  loc: NN.cpp:70
:1  br label %._crit_edge.27

ST_29: data_addr_28 (226)  [1/1] 0.00ns  loc: NN.cpp:67
._crit_edge.27:0  %data_addr_28 = getelementptr [32 x i19]* %data, i32 0, i32 28

ST_29: data_load_28 (227)  [2/2] 2.32ns  loc: NN.cpp:67
._crit_edge.27:1  %data_load_28 = load i19* %data_addr_28, align 4


 <State 30>: 2.32ns
ST_30: data_load_28 (227)  [1/2] 2.32ns  loc: NN.cpp:67
._crit_edge.27:1  %data_load_28 = load i19* %data_addr_28, align 4

ST_30: tmp_28 (228)  [1/1] 0.00ns  loc: NN.cpp:67
._crit_edge.27:2  %tmp_28 = call i1 @_ssdm_op_BitSelect.i1.i19.i32(i19 %data_load_28, i32 18)

ST_30: StgValue_234 (229)  [1/1] 0.00ns  loc: NN.cpp:67
._crit_edge.27:3  br i1 %tmp_28, label %29, label %._crit_edge.28

ST_30: StgValue_235 (231)  [1/1] 2.32ns  loc: NN.cpp:69
:0  store i19 0, i19* %data_addr_28, align 4

ST_30: StgValue_236 (232)  [1/1] 0.00ns  loc: NN.cpp:70
:1  br label %._crit_edge.28

ST_30: data_addr_29 (234)  [1/1] 0.00ns  loc: NN.cpp:67
._crit_edge.28:0  %data_addr_29 = getelementptr [32 x i19]* %data, i32 0, i32 29

ST_30: data_load_29 (235)  [2/2] 2.32ns  loc: NN.cpp:67
._crit_edge.28:1  %data_load_29 = load i19* %data_addr_29, align 4


 <State 31>: 2.32ns
ST_31: data_load_29 (235)  [1/2] 2.32ns  loc: NN.cpp:67
._crit_edge.28:1  %data_load_29 = load i19* %data_addr_29, align 4

ST_31: tmp_29 (236)  [1/1] 0.00ns  loc: NN.cpp:67
._crit_edge.28:2  %tmp_29 = call i1 @_ssdm_op_BitSelect.i1.i19.i32(i19 %data_load_29, i32 18)

ST_31: StgValue_241 (237)  [1/1] 0.00ns  loc: NN.cpp:67
._crit_edge.28:3  br i1 %tmp_29, label %30, label %._crit_edge.29

ST_31: StgValue_242 (239)  [1/1] 2.32ns  loc: NN.cpp:69
:0  store i19 0, i19* %data_addr_29, align 4

ST_31: StgValue_243 (240)  [1/1] 0.00ns  loc: NN.cpp:70
:1  br label %._crit_edge.29

ST_31: data_addr_30 (242)  [1/1] 0.00ns  loc: NN.cpp:67
._crit_edge.29:0  %data_addr_30 = getelementptr [32 x i19]* %data, i32 0, i32 30

ST_31: data_load_30 (243)  [2/2] 2.32ns  loc: NN.cpp:67
._crit_edge.29:1  %data_load_30 = load i19* %data_addr_30, align 4


 <State 32>: 2.32ns
ST_32: data_load_30 (243)  [1/2] 2.32ns  loc: NN.cpp:67
._crit_edge.29:1  %data_load_30 = load i19* %data_addr_30, align 4

ST_32: tmp_30 (244)  [1/1] 0.00ns  loc: NN.cpp:67
._crit_edge.29:2  %tmp_30 = call i1 @_ssdm_op_BitSelect.i1.i19.i32(i19 %data_load_30, i32 18)

ST_32: StgValue_248 (245)  [1/1] 0.00ns  loc: NN.cpp:67
._crit_edge.29:3  br i1 %tmp_30, label %31, label %._crit_edge.30

ST_32: StgValue_249 (247)  [1/1] 2.32ns  loc: NN.cpp:69
:0  store i19 0, i19* %data_addr_30, align 4

ST_32: StgValue_250 (248)  [1/1] 0.00ns  loc: NN.cpp:70
:1  br label %._crit_edge.30

ST_32: data_addr_31 (250)  [1/1] 0.00ns  loc: NN.cpp:67
._crit_edge.30:0  %data_addr_31 = getelementptr [32 x i19]* %data, i32 0, i32 31

ST_32: data_load_31 (251)  [2/2] 2.32ns  loc: NN.cpp:67
._crit_edge.30:1  %data_load_31 = load i19* %data_addr_31, align 4


 <State 33>: 2.32ns
ST_33: data_load_31 (251)  [1/2] 2.32ns  loc: NN.cpp:67
._crit_edge.30:1  %data_load_31 = load i19* %data_addr_31, align 4

ST_33: tmp_31 (252)  [1/1] 0.00ns  loc: NN.cpp:67
._crit_edge.30:2  %tmp_31 = call i1 @_ssdm_op_BitSelect.i1.i19.i32(i19 %data_load_31, i32 18)

ST_33: StgValue_255 (253)  [1/1] 0.00ns  loc: NN.cpp:67
._crit_edge.30:3  br i1 %tmp_31, label %32, label %._crit_edge.31

ST_33: StgValue_256 (255)  [1/1] 2.32ns  loc: NN.cpp:69
:0  store i19 0, i19* %data_addr_31, align 4

ST_33: StgValue_257 (256)  [1/1] 0.00ns  loc: NN.cpp:70
:1  br label %._crit_edge.31

ST_33: StgValue_258 (258)  [1/1] 0.00ns  loc: NN.cpp:72
._crit_edge.31:0  ret void



============================================================
+ Verbose Summary: Binding
============================================================
STG Binding: 
---------------- STG Properties BEGIN ----------------
- Is combinational: 0
- Is one-state seq: 0
- Is datapath-only: 0
- Is pipelined: 0
- Is top level: 0
Port [ Return ] is wired: 1; IO mode=ap_ctrl_hs:ce=0
Port [ data]:  wired=1; compound=1; hidden=0; nouse=0; global=0; static=0; extern=0; dir=2; type=1; pingpong=0; private_global=0; MemPort=[22]; IO mode=ap_memory:ce=0
---------------- STG Properties END ------------------

---------------- Datapath Model BEGIN ----------------

<LifeTime>
<method=bitvector/>
data_addr    (getelementptr) [ 0010000000000000000000000000000000]
data_load    (load         ) [ 0000000000000000000000000000000000]
tmp          (bitselect    ) [ 0010000000000000000000000000000000]
StgValue_38  (br           ) [ 0000000000000000000000000000000000]
StgValue_39  (store        ) [ 0000000000000000000000000000000000]
StgValue_40  (br           ) [ 0000000000000000000000000000000000]
data_addr_1  (getelementptr) [ 0001000000000000000000000000000000]
data_load_1  (load         ) [ 0000000000000000000000000000000000]
tmp_1        (bitselect    ) [ 0001000000000000000000000000000000]
StgValue_45  (br           ) [ 0000000000000000000000000000000000]
StgValue_46  (store        ) [ 0000000000000000000000000000000000]
StgValue_47  (br           ) [ 0000000000000000000000000000000000]
data_addr_2  (getelementptr) [ 0000100000000000000000000000000000]
data_load_2  (load         ) [ 0000000000000000000000000000000000]
tmp_2        (bitselect    ) [ 0000100000000000000000000000000000]
StgValue_52  (br           ) [ 0000000000000000000000000000000000]
StgValue_53  (store        ) [ 0000000000000000000000000000000000]
StgValue_54  (br           ) [ 0000000000000000000000000000000000]
data_addr_3  (getelementptr) [ 0000010000000000000000000000000000]
data_load_3  (load         ) [ 0000000000000000000000000000000000]
tmp_3        (bitselect    ) [ 0000010000000000000000000000000000]
StgValue_59  (br           ) [ 0000000000000000000000000000000000]
StgValue_60  (store        ) [ 0000000000000000000000000000000000]
StgValue_61  (br           ) [ 0000000000000000000000000000000000]
data_addr_4  (getelementptr) [ 0000001000000000000000000000000000]
data_load_4  (load         ) [ 0000000000000000000000000000000000]
tmp_4        (bitselect    ) [ 0000001000000000000000000000000000]
StgValue_66  (br           ) [ 0000000000000000000000000000000000]
StgValue_67  (store        ) [ 0000000000000000000000000000000000]
StgValue_68  (br           ) [ 0000000000000000000000000000000000]
data_addr_5  (getelementptr) [ 0000000100000000000000000000000000]
data_load_5  (load         ) [ 0000000000000000000000000000000000]
tmp_5        (bitselect    ) [ 0000000100000000000000000000000000]
StgValue_73  (br           ) [ 0000000000000000000000000000000000]
StgValue_74  (store        ) [ 0000000000000000000000000000000000]
StgValue_75  (br           ) [ 0000000000000000000000000000000000]
data_addr_6  (getelementptr) [ 0000000010000000000000000000000000]
data_load_6  (load         ) [ 0000000000000000000000000000000000]
tmp_6        (bitselect    ) [ 0000000010000000000000000000000000]
StgValue_80  (br           ) [ 0000000000000000000000000000000000]
StgValue_81  (store        ) [ 0000000000000000000000000000000000]
StgValue_82  (br           ) [ 0000000000000000000000000000000000]
data_addr_7  (getelementptr) [ 0000000001000000000000000000000000]
data_load_7  (load         ) [ 0000000000000000000000000000000000]
tmp_7        (bitselect    ) [ 0000000001000000000000000000000000]
StgValue_87  (br           ) [ 0000000000000000000000000000000000]
StgValue_88  (store        ) [ 0000000000000000000000000000000000]
StgValue_89  (br           ) [ 0000000000000000000000000000000000]
data_addr_8  (getelementptr) [ 0000000000100000000000000000000000]
data_load_8  (load         ) [ 0000000000000000000000000000000000]
tmp_8        (bitselect    ) [ 0000000000100000000000000000000000]
StgValue_94  (br           ) [ 0000000000000000000000000000000000]
StgValue_95  (store        ) [ 0000000000000000000000000000000000]
StgValue_96  (br           ) [ 0000000000000000000000000000000000]
data_addr_9  (getelementptr) [ 0000000000010000000000000000000000]
data_load_9  (load         ) [ 0000000000000000000000000000000000]
tmp_9        (bitselect    ) [ 0000000000010000000000000000000000]
StgValue_101 (br           ) [ 0000000000000000000000000000000000]
StgValue_102 (store        ) [ 0000000000000000000000000000000000]
StgValue_103 (br           ) [ 0000000000000000000000000000000000]
data_addr_10 (getelementptr) [ 0000000000001000000000000000000000]
data_load_10 (load         ) [ 0000000000000000000000000000000000]
tmp_10       (bitselect    ) [ 0000000000001000000000000000000000]
StgValue_108 (br           ) [ 0000000000000000000000000000000000]
StgValue_109 (store        ) [ 0000000000000000000000000000000000]
StgValue_110 (br           ) [ 0000000000000000000000000000000000]
data_addr_11 (getelementptr) [ 0000000000000100000000000000000000]
data_load_11 (load         ) [ 0000000000000000000000000000000000]
tmp_11       (bitselect    ) [ 0000000000000100000000000000000000]
StgValue_115 (br           ) [ 0000000000000000000000000000000000]
StgValue_116 (store        ) [ 0000000000000000000000000000000000]
StgValue_117 (br           ) [ 0000000000000000000000000000000000]
data_addr_12 (getelementptr) [ 0000000000000010000000000000000000]
data_load_12 (load         ) [ 0000000000000000000000000000000000]
tmp_12       (bitselect    ) [ 0000000000000010000000000000000000]
StgValue_122 (br           ) [ 0000000000000000000000000000000000]
StgValue_123 (store        ) [ 0000000000000000000000000000000000]
StgValue_124 (br           ) [ 0000000000000000000000000000000000]
data_addr_13 (getelementptr) [ 0000000000000001000000000000000000]
data_load_13 (load         ) [ 0000000000000000000000000000000000]
tmp_13       (bitselect    ) [ 0000000000000001000000000000000000]
StgValue_129 (br           ) [ 0000000000000000000000000000000000]
StgValue_130 (store        ) [ 0000000000000000000000000000000000]
StgValue_131 (br           ) [ 0000000000000000000000000000000000]
data_addr_14 (getelementptr) [ 0000000000000000100000000000000000]
data_load_14 (load         ) [ 0000000000000000000000000000000000]
tmp_14       (bitselect    ) [ 0000000000000000100000000000000000]
StgValue_136 (br           ) [ 0000000000000000000000000000000000]
StgValue_137 (store        ) [ 0000000000000000000000000000000000]
StgValue_138 (br           ) [ 0000000000000000000000000000000000]
data_addr_15 (getelementptr) [ 0000000000000000010000000000000000]
data_load_15 (load         ) [ 0000000000000000000000000000000000]
tmp_15       (bitselect    ) [ 0000000000000000010000000000000000]
StgValue_143 (br           ) [ 0000000000000000000000000000000000]
StgValue_144 (store        ) [ 0000000000000000000000000000000000]
StgValue_145 (br           ) [ 0000000000000000000000000000000000]
data_addr_16 (getelementptr) [ 0000000000000000001000000000000000]
data_load_16 (load         ) [ 0000000000000000000000000000000000]
tmp_16       (bitselect    ) [ 0000000000000000001000000000000000]
StgValue_150 (br           ) [ 0000000000000000000000000000000000]
StgValue_151 (store        ) [ 0000000000000000000000000000000000]
StgValue_152 (br           ) [ 0000000000000000000000000000000000]
data_addr_17 (getelementptr) [ 0000000000000000000100000000000000]
data_load_17 (load         ) [ 0000000000000000000000000000000000]
tmp_17       (bitselect    ) [ 0000000000000000000100000000000000]
StgValue_157 (br           ) [ 0000000000000000000000000000000000]
StgValue_158 (store        ) [ 0000000000000000000000000000000000]
StgValue_159 (br           ) [ 0000000000000000000000000000000000]
data_addr_18 (getelementptr) [ 0000000000000000000010000000000000]
data_load_18 (load         ) [ 0000000000000000000000000000000000]
tmp_18       (bitselect    ) [ 0000000000000000000010000000000000]
StgValue_164 (br           ) [ 0000000000000000000000000000000000]
StgValue_165 (store        ) [ 0000000000000000000000000000000000]
StgValue_166 (br           ) [ 0000000000000000000000000000000000]
data_addr_19 (getelementptr) [ 0000000000000000000001000000000000]
data_load_19 (load         ) [ 0000000000000000000000000000000000]
tmp_19       (bitselect    ) [ 0000000000000000000001000000000000]
StgValue_171 (br           ) [ 0000000000000000000000000000000000]
StgValue_172 (store        ) [ 0000000000000000000000000000000000]
StgValue_173 (br           ) [ 0000000000000000000000000000000000]
data_addr_20 (getelementptr) [ 0000000000000000000000100000000000]
data_load_20 (load         ) [ 0000000000000000000000000000000000]
tmp_20       (bitselect    ) [ 0000000000000000000000100000000000]
StgValue_178 (br           ) [ 0000000000000000000000000000000000]
StgValue_179 (store        ) [ 0000000000000000000000000000000000]
StgValue_180 (br           ) [ 0000000000000000000000000000000000]
data_addr_21 (getelementptr) [ 0000000000000000000000010000000000]
data_load_21 (load         ) [ 0000000000000000000000000000000000]
tmp_21       (bitselect    ) [ 0000000000000000000000010000000000]
StgValue_185 (br           ) [ 0000000000000000000000000000000000]
StgValue_186 (store        ) [ 0000000000000000000000000000000000]
StgValue_187 (br           ) [ 0000000000000000000000000000000000]
data_addr_22 (getelementptr) [ 0000000000000000000000001000000000]
data_load_22 (load         ) [ 0000000000000000000000000000000000]
tmp_22       (bitselect    ) [ 0000000000000000000000001000000000]
StgValue_192 (br           ) [ 0000000000000000000000000000000000]
StgValue_193 (store        ) [ 0000000000000000000000000000000000]
StgValue_194 (br           ) [ 0000000000000000000000000000000000]
data_addr_23 (getelementptr) [ 0000000000000000000000000100000000]
data_load_23 (load         ) [ 0000000000000000000000000000000000]
tmp_23       (bitselect    ) [ 0000000000000000000000000100000000]
StgValue_199 (br           ) [ 0000000000000000000000000000000000]
StgValue_200 (store        ) [ 0000000000000000000000000000000000]
StgValue_201 (br           ) [ 0000000000000000000000000000000000]
data_addr_24 (getelementptr) [ 0000000000000000000000000010000000]
data_load_24 (load         ) [ 0000000000000000000000000000000000]
tmp_24       (bitselect    ) [ 0000000000000000000000000010000000]
StgValue_206 (br           ) [ 0000000000000000000000000000000000]
StgValue_207 (store        ) [ 0000000000000000000000000000000000]
StgValue_208 (br           ) [ 0000000000000000000000000000000000]
data_addr_25 (getelementptr) [ 0000000000000000000000000001000000]
data_load_25 (load         ) [ 0000000000000000000000000000000000]
tmp_25       (bitselect    ) [ 0000000000000000000000000001000000]
StgValue_213 (br           ) [ 0000000000000000000000000000000000]
StgValue_214 (store        ) [ 0000000000000000000000000000000000]
StgValue_215 (br           ) [ 0000000000000000000000000000000000]
data_addr_26 (getelementptr) [ 0000000000000000000000000000100000]
data_load_26 (load         ) [ 0000000000000000000000000000000000]
tmp_26       (bitselect    ) [ 0000000000000000000000000000100000]
StgValue_220 (br           ) [ 0000000000000000000000000000000000]
StgValue_221 (store        ) [ 0000000000000000000000000000000000]
StgValue_222 (br           ) [ 0000000000000000000000000000000000]
data_addr_27 (getelementptr) [ 0000000000000000000000000000010000]
data_load_27 (load         ) [ 0000000000000000000000000000000000]
tmp_27       (bitselect    ) [ 0000000000000000000000000000010000]
StgValue_227 (br           ) [ 0000000000000000000000000000000000]
StgValue_228 (store        ) [ 0000000000000000000000000000000000]
StgValue_229 (br           ) [ 0000000000000000000000000000000000]
data_addr_28 (getelementptr) [ 0000000000000000000000000000001000]
data_load_28 (load         ) [ 0000000000000000000000000000000000]
tmp_28       (bitselect    ) [ 0000000000000000000000000000001000]
StgValue_234 (br           ) [ 0000000000000000000000000000000000]
StgValue_235 (store        ) [ 0000000000000000000000000000000000]
StgValue_236 (br           ) [ 0000000000000000000000000000000000]
data_addr_29 (getelementptr) [ 0000000000000000000000000000000100]
data_load_29 (load         ) [ 0000000000000000000000000000000000]
tmp_29       (bitselect    ) [ 0000000000000000000000000000000100]
StgValue_241 (br           ) [ 0000000000000000000000000000000000]
StgValue_242 (store        ) [ 0000000000000000000000000000000000]
StgValue_243 (br           ) [ 0000000000000000000000000000000000]
data_addr_30 (getelementptr) [ 0000000000000000000000000000000010]
data_load_30 (load         ) [ 0000000000000000000000000000000000]
tmp_30       (bitselect    ) [ 0000000000000000000000000000000010]
StgValue_248 (br           ) [ 0000000000000000000000000000000000]
StgValue_249 (store        ) [ 0000000000000000000000000000000000]
StgValue_250 (br           ) [ 0000000000000000000000000000000000]
data_addr_31 (getelementptr) [ 0000000000000000000000000000000001]
data_load_31 (load         ) [ 0000000000000000000000000000000000]
tmp_31       (bitselect    ) [ 0000000000000000000000000000000001]
StgValue_255 (br           ) [ 0000000000000000000000000000000000]
StgValue_256 (store        ) [ 0000000000000000000000000000000000]
StgValue_257 (br           ) [ 0000000000000000000000000000000000]
StgValue_258 (ret          ) [ 0000000000000000000000000000000000]
</LifeTime>

<model>

<comp_list>
<comp id="0" class="1000" name="data">
<pin_list>
<pin id="1" dir="1" index="0" bw="1" slack="0"/>
</pin_list>
<bind>
<StgValue><ssdm name="data"/><MemPortTyVec>2 2 </MemPortTyVec>
</StgValue>
</bind>
</comp>

<comp id="2" class="1001" name="const_2">
<pin_list>
<pin id="3" dir="1" index="0" bw="1" slack="0"/>
</pin_list>
<bind>
<StgValue><ssdm name=""/></StgValue>
</bind>
</comp>

<comp id="4" class="1001" name="const_4">
<pin_list>
<pin id="5" dir="1" index="0" bw="1" slack="0"/>
</pin_list>
<bind>
<StgValue><ssdm name="_ssdm_op_BitSelect.i1.i19.i32"/></StgValue>
</bind>
</comp>

<comp id="6" class="1001" name="const_6">
<pin_list>
<pin id="7" dir="1" index="0" bw="1" slack="0"/>
</pin_list>
<bind>
<StgValue><ssdm name=""/></StgValue>
</bind>
</comp>

<comp id="8" class="1001" name="const_8">
<pin_list>
<pin id="9" dir="1" index="0" bw="1" slack="0"/>
</pin_list>
<bind>
<StgValue><ssdm name=""/></StgValue>
</bind>
</comp>

<comp id="10" class="1001" name="const_10">
<pin_list>
<pin id="11" dir="1" index="0" bw="1" slack="0"/>
</pin_list>
<bind>
<StgValue><ssdm name=""/></StgValue>
</bind>
</comp>

<comp id="12" class="1001" name="const_12">
<pin_list>
<pin id="13" dir="1" index="0" bw="1" slack="0"/>
</pin_list>
<bind>
<StgValue><ssdm name=""/></StgValue>
</bind>
</comp>

<comp id="14" class="1001" name="const_14">
<pin_list>
<pin id="15" dir="1" index="0" bw="1" slack="0"/>
</pin_list>
<bind>
<StgValue><ssdm name=""/></StgValue>
</bind>
</comp>

<comp id="16" class="1001" name="const_16">
<pin_list>
<pin id="17" dir="1" index="0" bw="1" slack="0"/>
</pin_list>
<bind>
<StgValue><ssdm name=""/></StgValue>
</bind>
</comp>

<comp id="18" class="1001" name="const_18">
<pin_list>
<pin id="19" dir="1" index="0" bw="1" slack="0"/>
</pin_list>
<bind>
<StgValue><ssdm name=""/></StgValue>
</bind>
</comp>

<comp id="20" class="1001" name="const_20">
<pin_list>
<pin id="21" dir="1" index="0" bw="1" slack="0"/>
</pin_list>
<bind>
<StgValue><ssdm name=""/></StgValue>
</bind>
</comp>

<comp id="22" class="1001" name="const_22">
<pin_list>
<pin id="23" dir="1" index="0" bw="1" slack="0"/>
</pin_list>
<bind>
<StgValue><ssdm name=""/></StgValue>
</bind>
</comp>

<comp id="24" class="1001" name="const_24">
<pin_list>
<pin id="25" dir="1" index="0" bw="1" slack="0"/>
</pin_list>
<bind>
<StgValue><ssdm name=""/></StgValue>
</bind>
</comp>

<comp id="26" class="1001" name="const_26">
<pin_list>
<pin id="27" dir="1" index="0" bw="1" slack="0"/>
</pin_list>
<bind>
<StgValue><ssdm name=""/></StgValue>
</bind>
</comp>

<comp id="28" class="1001" name="const_28">
<pin_list>
<pin id="29" dir="1" index="0" bw="1" slack="0"/>
</pin_list>
<bind>
<StgValue><ssdm name=""/></StgValue>
</bind>
</comp>

<comp id="30" class="1001" name="const_30">
<pin_list>
<pin id="31" dir="1" index="0" bw="1" slack="0"/>
</pin_list>
<bind>
<StgValue><ssdm name=""/></StgValue>
</bind>
</comp>

<comp id="32" class="1001" name="const_32">
<pin_list>
<pin id="33" dir="1" index="0" bw="1" slack="0"/>
</pin_list>
<bind>
<StgValue><ssdm name=""/></StgValue>
</bind>
</comp>

<comp id="34" class="1001" name="const_34">
<pin_list>
<pin id="35" dir="1" index="0" bw="1" slack="0"/>
</pin_list>
<bind>
<StgValue><ssdm name=""/></StgValue>
</bind>
</comp>

<comp id="36" class="1001" name="const_36">
<pin_list>
<pin id="37" dir="1" index="0" bw="1" slack="0"/>
</pin_list>
<bind>
<StgValue><ssdm name=""/></StgValue>
</bind>
</comp>

<comp id="38" class="1001" name="const_38">
<pin_list>
<pin id="39" dir="1" index="0" bw="1" slack="0"/>
</pin_list>
<bind>
<StgValue><ssdm name=""/></StgValue>
</bind>
</comp>

<comp id="40" class="1001" name="const_40">
<pin_list>
<pin id="41" dir="1" index="0" bw="1" slack="0"/>
</pin_list>
<bind>
<StgValue><ssdm name=""/></StgValue>
</bind>
</comp>

<comp id="42" class="1001" name="const_42">
<pin_list>
<pin id="43" dir="1" index="0" bw="1" slack="0"/>
</pin_list>
<bind>
<StgValue><ssdm name=""/></StgValue>
</bind>
</comp>

<comp id="44" class="1001" name="const_44">
<pin_list>
<pin id="45" dir="1" index="0" bw="1" slack="0"/>
</pin_list>
<bind>
<StgValue><ssdm name=""/></StgValue>
</bind>
</comp>

<comp id="46" class="1001" name="const_46">
<pin_list>
<pin id="47" dir="1" index="0" bw="1" slack="0"/>
</pin_list>
<bind>
<StgValue><ssdm name=""/></StgValue>
</bind>
</comp>

<comp id="48" class="1001" name="const_48">
<pin_list>
<pin id="49" dir="1" index="0" bw="1" slack="0"/>
</pin_list>
<bind>
<StgValue><ssdm name=""/></StgValue>
</bind>
</comp>

<comp id="50" class="1001" name="const_50">
<pin_list>
<pin id="51" dir="1" index="0" bw="1" slack="0"/>
</pin_list>
<bind>
<StgValue><ssdm name=""/></StgValue>
</bind>
</comp>

<comp id="52" class="1001" name="const_52">
<pin_list>
<pin id="53" dir="1" index="0" bw="1" slack="0"/>
</pin_list>
<bind>
<StgValue><ssdm name=""/></StgValue>
</bind>
</comp>

<comp id="54" class="1001" name="const_54">
<pin_list>
<pin id="55" dir="1" index="0" bw="1" slack="0"/>
</pin_list>
<bind>
<StgValue><ssdm name=""/></StgValue>
</bind>
</comp>

<comp id="56" class="1001" name="const_56">
<pin_list>
<pin id="57" dir="1" index="0" bw="1" slack="0"/>
</pin_list>
<bind>
<StgValue><ssdm name=""/></StgValue>
</bind>
</comp>

<comp id="58" class="1001" name="const_58">
<pin_list>
<pin id="59" dir="1" index="0" bw="1" slack="0"/>
</pin_list>
<bind>
<StgValue><ssdm name=""/></StgValue>
</bind>
</comp>

<comp id="60" class="1001" name="const_60">
<pin_list>
<pin id="61" dir="1" index="0" bw="1" slack="0"/>
</pin_list>
<bind>
<StgValue><ssdm name=""/></StgValue>
</bind>
</comp>

<comp id="62" class="1001" name="const_62">
<pin_list>
<pin id="63" dir="1" index="0" bw="1" slack="0"/>
</pin_list>
<bind>
<StgValue><ssdm name=""/></StgValue>
</bind>
</comp>

<comp id="64" class="1001" name="const_64">
<pin_list>
<pin id="65" dir="1" index="0" bw="1" slack="0"/>
</pin_list>
<bind>
<StgValue><ssdm name=""/></StgValue>
</bind>
</comp>

<comp id="66" class="1001" name="const_66">
<pin_list>
<pin id="67" dir="1" index="0" bw="1" slack="0"/>
</pin_list>
<bind>
<StgValue><ssdm name=""/></StgValue>
</bind>
</comp>

<comp id="68" class="1001" name="const_68">
<pin_list>
<pin id="69" dir="1" index="0" bw="1" slack="0"/>
</pin_list>
<bind>
<StgValue><ssdm name=""/></StgValue>
</bind>
</comp>

<comp id="70" class="1004" name="data_addr_gep_fu_70">
<pin_list>
<pin id="71" dir="0" index="0" bw="19" slack="0"/>
<pin id="72" dir="0" index="1" bw="1" slack="0"/>
<pin id="73" dir="0" index="2" bw="1" slack="0"/>
<pin id="74" dir="1" index="3" bw="5" slack="0"/>
</pin_list>
<bind>
<opcode="getelementptr(29) " fcode="getelementptr"/>
<opset="data_addr/1 "/>
</bind>
</comp>

<comp id="78" class="1004" name="grp_access_fu_78">
<pin_list>
<pin id="79" dir="0" index="0" bw="5" slack="0"/>
<pin id="80" dir="0" index="1" bw="19" slack="0"/>
<pin id="92" dir="0" index="3" bw="5" slack="0"/>
<pin id="93" dir="0" index="4" bw="19" slack="0"/>
<pin id="81" dir="1" index="2" bw="19" slack="0"/>
<pin id="94" dir="1" index="5" bw="19" slack="0"/>
</pin_list>
<bind>
<opcode="load(27) store(28) " fcode="store"/>
<opset="data_load/1 StgValue_39/2 data_load_1/2 StgValue_46/3 data_load_2/3 StgValue_53/4 data_load_3/4 StgValue_60/5 data_load_4/5 StgValue_67/6 data_load_5/6 StgValue_74/7 data_load_6/7 StgValue_81/8 data_load_7/8 StgValue_88/9 data_load_8/9 StgValue_95/10 data_load_9/10 StgValue_102/11 data_load_10/11 StgValue_109/12 data_load_11/12 StgValue_116/13 data_load_12/13 StgValue_123/14 data_load_13/14 StgValue_130/15 data_load_14/15 StgValue_137/16 data_load_15/16 StgValue_144/17 data_load_16/17 StgValue_151/18 data_load_17/18 StgValue_158/19 data_load_18/19 StgValue_165/20 data_load_19/20 StgValue_172/21 data_load_20/21 StgValue_179/22 data_load_21/22 StgValue_186/23 data_load_22/23 StgValue_193/24 data_load_23/24 StgValue_200/25 data_load_24/25 StgValue_207/26 data_load_25/26 StgValue_214/27 data_load_26/27 StgValue_221/28 data_load_27/28 StgValue_228/29 data_load_28/29 StgValue_235/30 data_load_29/30 StgValue_242/31 data_load_30/31 StgValue_249/32 data_load_31/32 StgValue_256/33 "/>
</bind>
</comp>

<comp id="84" class="1004" name="data_addr_1_gep_fu_84">
<pin_list>
<pin id="85" dir="0" index="0" bw="19" slack="0"/>
<pin id="86" dir="0" index="1" bw="1" slack="0"/>
<pin id="87" dir="0" index="2" bw="1" slack="0"/>
<pin id="88" dir="1" index="3" bw="5" slack="0"/>
</pin_list>
<bind>
<opcode="getelementptr(29) " fcode="getelementptr"/>
<opset="data_addr_1/2 "/>
</bind>
</comp>

<comp id="97" class="1004" name="data_addr_2_gep_fu_97">
<pin_list>
<pin id="98" dir="0" index="0" bw="19" slack="0"/>
<pin id="99" dir="0" index="1" bw="1" slack="0"/>
<pin id="100" dir="0" index="2" bw="3" slack="0"/>
<pin id="101" dir="1" index="3" bw="5" slack="0"/>
</pin_list>
<bind>
<opcode="getelementptr(29) " fcode="getelementptr"/>
<opset="data_addr_2/3 "/>
</bind>
</comp>

<comp id="106" class="1004" name="data_addr_3_gep_fu_106">
<pin_list>
<pin id="107" dir="0" index="0" bw="19" slack="0"/>
<pin id="108" dir="0" index="1" bw="1" slack="0"/>
<pin id="109" dir="0" index="2" bw="3" slack="0"/>
<pin id="110" dir="1" index="3" bw="5" slack="0"/>
</pin_list>
<bind>
<opcode="getelementptr(29) " fcode="getelementptr"/>
<opset="data_addr_3/4 "/>
</bind>
</comp>

<comp id="115" class="1004" name="data_addr_4_gep_fu_115">
<pin_list>
<pin id="116" dir="0" index="0" bw="19" slack="0"/>
<pin id="117" dir="0" index="1" bw="1" slack="0"/>
<pin id="118" dir="0" index="2" bw="4" slack="0"/>
<pin id="119" dir="1" index="3" bw="5" slack="0"/>
</pin_list>
<bind>
<opcode="getelementptr(29) " fcode="getelementptr"/>
<opset="data_addr_4/5 "/>
</bind>
</comp>

<comp id="124" class="1004" name="data_addr_5_gep_fu_124">
<pin_list>
<pin id="125" dir="0" index="0" bw="19" slack="0"/>
<pin id="126" dir="0" index="1" bw="1" slack="0"/>
<pin id="127" dir="0" index="2" bw="4" slack="0"/>
<pin id="128" dir="1" index="3" bw="5" slack="0"/>
</pin_list>
<bind>
<opcode="getelementptr(29) " fcode="getelementptr"/>
<opset="data_addr_5/6 "/>
</bind>
</comp>

<comp id="133" class="1004" name="data_addr_6_gep_fu_133">
<pin_list>
<pin id="134" dir="0" index="0" bw="19" slack="0"/>
<pin id="135" dir="0" index="1" bw="1" slack="0"/>
<pin id="136" dir="0" index="2" bw="4" slack="0"/>
<pin id="137" dir="1" index="3" bw="5" slack="0"/>
</pin_list>
<bind>
<opcode="getelementptr(29) " fcode="getelementptr"/>
<opset="data_addr_6/7 "/>
</bind>
</comp>

<comp id="142" class="1004" name="data_addr_7_gep_fu_142">
<pin_list>
<pin id="143" dir="0" index="0" bw="19" slack="0"/>
<pin id="144" dir="0" index="1" bw="1" slack="0"/>
<pin id="145" dir="0" index="2" bw="4" slack="0"/>
<pin id="146" dir="1" index="3" bw="5" slack="0"/>
</pin_list>
<bind>
<opcode="getelementptr(29) " fcode="getelementptr"/>
<opset="data_addr_7/8 "/>
</bind>
</comp>

<comp id="151" class="1004" name="data_addr_8_gep_fu_151">
<pin_list>
<pin id="152" dir="0" index="0" bw="19" slack="0"/>
<pin id="153" dir="0" index="1" bw="1" slack="0"/>
<pin id="154" dir="0" index="2" bw="5" slack="0"/>
<pin id="155" dir="1" index="3" bw="5" slack="0"/>
</pin_list>
<bind>
<opcode="getelementptr(29) " fcode="getelementptr"/>
<opset="data_addr_8/9 "/>
</bind>
</comp>

<comp id="160" class="1004" name="data_addr_9_gep_fu_160">
<pin_list>
<pin id="161" dir="0" index="0" bw="19" slack="0"/>
<pin id="162" dir="0" index="1" bw="1" slack="0"/>
<pin id="163" dir="0" index="2" bw="5" slack="0"/>
<pin id="164" dir="1" index="3" bw="5" slack="0"/>
</pin_list>
<bind>
<opcode="getelementptr(29) " fcode="getelementptr"/>
<opset="data_addr_9/10 "/>
</bind>
</comp>

<comp id="169" class="1004" name="data_addr_10_gep_fu_169">
<pin_list>
<pin id="170" dir="0" index="0" bw="19" slack="0"/>
<pin id="171" dir="0" index="1" bw="1" slack="0"/>
<pin id="172" dir="0" index="2" bw="5" slack="0"/>
<pin id="173" dir="1" index="3" bw="5" slack="0"/>
</pin_list>
<bind>
<opcode="getelementptr(29) " fcode="getelementptr"/>
<opset="data_addr_10/11 "/>
</bind>
</comp>

<comp id="178" class="1004" name="data_addr_11_gep_fu_178">
<pin_list>
<pin id="179" dir="0" index="0" bw="19" slack="0"/>
<pin id="180" dir="0" index="1" bw="1" slack="0"/>
<pin id="181" dir="0" index="2" bw="5" slack="0"/>
<pin id="182" dir="1" index="3" bw="5" slack="0"/>
</pin_list>
<bind>
<opcode="getelementptr(29) " fcode="getelementptr"/>
<opset="data_addr_11/12 "/>
</bind>
</comp>

<comp id="187" class="1004" name="data_addr_12_gep_fu_187">
<pin_list>
<pin id="188" dir="0" index="0" bw="19" slack="0"/>
<pin id="189" dir="0" index="1" bw="1" slack="0"/>
<pin id="190" dir="0" index="2" bw="5" slack="0"/>
<pin id="191" dir="1" index="3" bw="5" slack="0"/>
</pin_list>
<bind>
<opcode="getelementptr(29) " fcode="getelementptr"/>
<opset="data_addr_12/13 "/>
</bind>
</comp>

<comp id="196" class="1004" name="data_addr_13_gep_fu_196">
<pin_list>
<pin id="197" dir="0" index="0" bw="19" slack="0"/>
<pin id="198" dir="0" index="1" bw="1" slack="0"/>
<pin id="199" dir="0" index="2" bw="5" slack="0"/>
<pin id="200" dir="1" index="3" bw="5" slack="0"/>
</pin_list>
<bind>
<opcode="getelementptr(29) " fcode="getelementptr"/>
<opset="data_addr_13/14 "/>
</bind>
</comp>

<comp id="205" class="1004" name="data_addr_14_gep_fu_205">
<pin_list>
<pin id="206" dir="0" index="0" bw="19" slack="0"/>
<pin id="207" dir="0" index="1" bw="1" slack="0"/>
<pin id="208" dir="0" index="2" bw="5" slack="0"/>
<pin id="209" dir="1" index="3" bw="5" slack="0"/>
</pin_list>
<bind>
<opcode="getelementptr(29) " fcode="getelementptr"/>
<opset="data_addr_14/15 "/>
</bind>
</comp>

<comp id="214" class="1004" name="data_addr_15_gep_fu_214">
<pin_list>
<pin id="215" dir="0" index="0" bw="19" slack="0"/>
<pin id="216" dir="0" index="1" bw="1" slack="0"/>
<pin id="217" dir="0" index="2" bw="5" slack="0"/>
<pin id="218" dir="1" index="3" bw="5" slack="0"/>
</pin_list>
<bind>
<opcode="getelementptr(29) " fcode="getelementptr"/>
<opset="data_addr_15/16 "/>
</bind>
</comp>

<comp id="223" class="1004" name="data_addr_16_gep_fu_223">
<pin_list>
<pin id="224" dir="0" index="0" bw="19" slack="0"/>
<pin id="225" dir="0" index="1" bw="1" slack="0"/>
<pin id="226" dir="0" index="2" bw="6" slack="0"/>
<pin id="227" dir="1" index="3" bw="5" slack="0"/>
</pin_list>
<bind>
<opcode="getelementptr(29) " fcode="getelementptr"/>
<opset="data_addr_16/17 "/>
</bind>
</comp>

<comp id="232" class="1004" name="data_addr_17_gep_fu_232">
<pin_list>
<pin id="233" dir="0" index="0" bw="19" slack="0"/>
<pin id="234" dir="0" index="1" bw="1" slack="0"/>
<pin id="235" dir="0" index="2" bw="6" slack="0"/>
<pin id="236" dir="1" index="3" bw="5" slack="0"/>
</pin_list>
<bind>
<opcode="getelementptr(29) " fcode="getelementptr"/>
<opset="data_addr_17/18 "/>
</bind>
</comp>

<comp id="241" class="1004" name="data_addr_18_gep_fu_241">
<pin_list>
<pin id="242" dir="0" index="0" bw="19" slack="0"/>
<pin id="243" dir="0" index="1" bw="1" slack="0"/>
<pin id="244" dir="0" index="2" bw="6" slack="0"/>
<pin id="245" dir="1" index="3" bw="5" slack="0"/>
</pin_list>
<bind>
<opcode="getelementptr(29) " fcode="getelementptr"/>
<opset="data_addr_18/19 "/>
</bind>
</comp>

<comp id="250" class="1004" name="data_addr_19_gep_fu_250">
<pin_list>
<pin id="251" dir="0" index="0" bw="19" slack="0"/>
<pin id="252" dir="0" index="1" bw="1" slack="0"/>
<pin id="253" dir="0" index="2" bw="6" slack="0"/>
<pin id="254" dir="1" index="3" bw="5" slack="0"/>
</pin_list>
<bind>
<opcode="getelementptr(29) " fcode="getelementptr"/>
<opset="data_addr_19/20 "/>
</bind>
</comp>

<comp id="259" class="1004" name="data_addr_20_gep_fu_259">
<pin_list>
<pin id="260" dir="0" index="0" bw="19" slack="0"/>
<pin id="261" dir="0" index="1" bw="1" slack="0"/>
<pin id="262" dir="0" index="2" bw="6" slack="0"/>
<pin id="263" dir="1" index="3" bw="5" slack="0"/>
</pin_list>
<bind>
<opcode="getelementptr(29) " fcode="getelementptr"/>
<opset="data_addr_20/21 "/>
</bind>
</comp>

<comp id="268" class="1004" name="data_addr_21_gep_fu_268">
<pin_list>
<pin id="269" dir="0" index="0" bw="19" slack="0"/>
<pin id="270" dir="0" index="1" bw="1" slack="0"/>
<pin id="271" dir="0" index="2" bw="6" slack="0"/>
<pin id="272" dir="1" index="3" bw="5" slack="0"/>
</pin_list>
<bind>
<opcode="getelementptr(29) " fcode="getelementptr"/>
<opset="data_addr_21/22 "/>
</bind>
</comp>

<comp id="277" class="1004" name="data_addr_22_gep_fu_277">
<pin_list>
<pin id="278" dir="0" index="0" bw="19" slack="0"/>
<pin id="279" dir="0" index="1" bw="1" slack="0"/>
<pin id="280" dir="0" index="2" bw="6" slack="0"/>
<pin id="281" dir="1" index="3" bw="5" slack="0"/>
</pin_list>
<bind>
<opcode="getelementptr(29) " fcode="getelementptr"/>
<opset="data_addr_22/23 "/>
</bind>
</comp>

<comp id="286" class="1004" name="data_addr_23_gep_fu_286">
<pin_list>
<pin id="287" dir="0" index="0" bw="19" slack="0"/>
<pin id="288" dir="0" index="1" bw="1" slack="0"/>
<pin id="289" dir="0" index="2" bw="6" slack="0"/>
<pin id="290" dir="1" index="3" bw="5" slack="0"/>
</pin_list>
<bind>
<opcode="getelementptr(29) " fcode="getelementptr"/>
<opset="data_addr_23/24 "/>
</bind>
</comp>

<comp id="295" class="1004" name="data_addr_24_gep_fu_295">
<pin_list>
<pin id="296" dir="0" index="0" bw="19" slack="0"/>
<pin id="297" dir="0" index="1" bw="1" slack="0"/>
<pin id="298" dir="0" index="2" bw="6" slack="0"/>
<pin id="299" dir="1" index="3" bw="5" slack="0"/>
</pin_list>
<bind>
<opcode="getelementptr(29) " fcode="getelementptr"/>
<opset="data_addr_24/25 "/>
</bind>
</comp>

<comp id="304" class="1004" name="data_addr_25_gep_fu_304">
<pin_list>
<pin id="305" dir="0" index="0" bw="19" slack="0"/>
<pin id="306" dir="0" index="1" bw="1" slack="0"/>
<pin id="307" dir="0" index="2" bw="6" slack="0"/>
<pin id="308" dir="1" index="3" bw="5" slack="0"/>
</pin_list>
<bind>
<opcode="getelementptr(29) " fcode="getelementptr"/>
<opset="data_addr_25/26 "/>
</bind>
</comp>

<comp id="313" class="1004" name="data_addr_26_gep_fu_313">
<pin_list>
<pin id="314" dir="0" index="0" bw="19" slack="0"/>
<pin id="315" dir="0" index="1" bw="1" slack="0"/>
<pin id="316" dir="0" index="2" bw="6" slack="0"/>
<pin id="317" dir="1" index="3" bw="5" slack="0"/>
</pin_list>
<bind>
<opcode="getelementptr(29) " fcode="getelementptr"/>
<opset="data_addr_26/27 "/>
</bind>
</comp>

<comp id="322" class="1004" name="data_addr_27_gep_fu_322">
<pin_list>
<pin id="323" dir="0" index="0" bw="19" slack="0"/>
<pin id="324" dir="0" index="1" bw="1" slack="0"/>
<pin id="325" dir="0" index="2" bw="6" slack="0"/>
<pin id="326" dir="1" index="3" bw="5" slack="0"/>
</pin_list>
<bind>
<opcode="getelementptr(29) " fcode="getelementptr"/>
<opset="data_addr_27/28 "/>
</bind>
</comp>

<comp id="331" class="1004" name="data_addr_28_gep_fu_331">
<pin_list>
<pin id="332" dir="0" index="0" bw="19" slack="0"/>
<pin id="333" dir="0" index="1" bw="1" slack="0"/>
<pin id="334" dir="0" index="2" bw="6" slack="0"/>
<pin id="335" dir="1" index="3" bw="5" slack="0"/>
</pin_list>
<bind>
<opcode="getelementptr(29) " fcode="getelementptr"/>
<opset="data_addr_28/29 "/>
</bind>
</comp>

<comp id="340" class="1004" name="data_addr_29_gep_fu_340">
<pin_list>
<pin id="341" dir="0" index="0" bw="19" slack="0"/>
<pin id="342" dir="0" index="1" bw="1" slack="0"/>
<pin id="343" dir="0" index="2" bw="6" slack="0"/>
<pin id="344" dir="1" index="3" bw="5" slack="0"/>
</pin_list>
<bind>
<opcode="getelementptr(29) " fcode="getelementptr"/>
<opset="data_addr_29/30 "/>
</bind>
</comp>

<comp id="349" class="1004" name="data_addr_30_gep_fu_349">
<pin_list>
<pin id="350" dir="0" index="0" bw="19" slack="0"/>
<pin id="351" dir="0" index="1" bw="1" slack="0"/>
<pin id="352" dir="0" index="2" bw="6" slack="0"/>
<pin id="353" dir="1" index="3" bw="5" slack="0"/>
</pin_list>
<bind>
<opcode="getelementptr(29) " fcode="getelementptr"/>
<opset="data_addr_30/31 "/>
</bind>
</comp>

<comp id="358" class="1004" name="data_addr_31_gep_fu_358">
<pin_list>
<pin id="359" dir="0" index="0" bw="19" slack="0"/>
<pin id="360" dir="0" index="1" bw="1" slack="0"/>
<pin id="361" dir="0" index="2" bw="6" slack="0"/>
<pin id="362" dir="1" index="3" bw="5" slack="0"/>
</pin_list>
<bind>
<opcode="getelementptr(29) " fcode="getelementptr"/>
<opset="data_addr_31/32 "/>
</bind>
</comp>

<comp id="367" class="1004" name="grp_fu_367">
<pin_list>
<pin id="368" dir="0" index="0" bw="1" slack="0"/>
<pin id="369" dir="0" index="1" bw="19" slack="0"/>
<pin id="370" dir="0" index="2" bw="6" slack="0"/>
<pin id="371" dir="1" index="3" bw="1" slack="2147483647"/>
</pin_list>
<bind>
<opcode="bitselect(1000) " fcode="bitselect"/>
<opset="tmp/2 tmp_2/4 tmp_3/5 tmp_4/6 tmp_5/7 tmp_6/8 tmp_7/9 tmp_8/10 tmp_9/11 tmp_10/12 tmp_11/13 tmp_12/14 tmp_13/15 tmp_14/16 tmp_15/17 tmp_16/18 tmp_17/19 tmp_18/20 tmp_19/21 tmp_20/22 tmp_21/23 tmp_22/24 tmp_23/25 tmp_24/26 tmp_25/27 tmp_26/28 tmp_27/29 tmp_28/30 tmp_29/31 tmp_30/32 tmp_31/33 "/>
</bind>
</comp>

<comp id="375" class="1004" name="tmp_1_fu_375">
<pin_list>
<pin id="376" dir="0" index="0" bw="1" slack="0"/>
<pin id="377" dir="0" index="1" bw="19" slack="0"/>
<pin id="378" dir="0" index="2" bw="6" slack="0"/>
<pin id="379" dir="1" index="3" bw="1" slack="2147483647"/>
</pin_list>
<bind>
<opcode="bitselect(1000) " fcode="bitselect"/>
<opset="tmp_1/3 "/>
</bind>
</comp>

<comp id="383" class="1005" name="data_addr_reg_383">
<pin_list>
<pin id="384" dir="0" index="0" bw="5" slack="1"/>
<pin id="385" dir="1" index="1" bw="5" slack="1"/>
</pin_list>
<bind>
<opset="data_addr "/>
</bind>
</comp>

<comp id="391" class="1005" name="data_addr_1_reg_391">
<pin_list>
<pin id="392" dir="0" index="0" bw="5" slack="1"/>
<pin id="393" dir="1" index="1" bw="5" slack="1"/>
</pin_list>
<bind>
<opset="data_addr_1 "/>
</bind>
</comp>

<comp id="399" class="1005" name="data_addr_2_reg_399">
<pin_list>
<pin id="400" dir="0" index="0" bw="5" slack="1"/>
<pin id="401" dir="1" index="1" bw="5" slack="1"/>
</pin_list>
<bind>
<opset="data_addr_2 "/>
</bind>
</comp>

<comp id="408" class="1005" name="data_addr_3_reg_408">
<pin_list>
<pin id="409" dir="0" index="0" bw="5" slack="1"/>
<pin id="410" dir="1" index="1" bw="5" slack="1"/>
</pin_list>
<bind>
<opset="data_addr_3 "/>
</bind>
</comp>

<comp id="417" class="1005" name="data_addr_4_reg_417">
<pin_list>
<pin id="418" dir="0" index="0" bw="5" slack="1"/>
<pin id="419" dir="1" index="1" bw="5" slack="1"/>
</pin_list>
<bind>
<opset="data_addr_4 "/>
</bind>
</comp>

<comp id="426" class="1005" name="data_addr_5_reg_426">
<pin_list>
<pin id="427" dir="0" index="0" bw="5" slack="1"/>
<pin id="428" dir="1" index="1" bw="5" slack="1"/>
</pin_list>
<bind>
<opset="data_addr_5 "/>
</bind>
</comp>

<comp id="435" class="1005" name="data_addr_6_reg_435">
<pin_list>
<pin id="436" dir="0" index="0" bw="5" slack="1"/>
<pin id="437" dir="1" index="1" bw="5" slack="1"/>
</pin_list>
<bind>
<opset="data_addr_6 "/>
</bind>
</comp>

<comp id="444" class="1005" name="data_addr_7_reg_444">
<pin_list>
<pin id="445" dir="0" index="0" bw="5" slack="1"/>
<pin id="446" dir="1" index="1" bw="5" slack="1"/>
</pin_list>
<bind>
<opset="data_addr_7 "/>
</bind>
</comp>

<comp id="453" class="1005" name="data_addr_8_reg_453">
<pin_list>
<pin id="454" dir="0" index="0" bw="5" slack="1"/>
<pin id="455" dir="1" index="1" bw="5" slack="1"/>
</pin_list>
<bind>
<opset="data_addr_8 "/>
</bind>
</comp>

<comp id="462" class="1005" name="data_addr_9_reg_462">
<pin_list>
<pin id="463" dir="0" index="0" bw="5" slack="1"/>
<pin id="464" dir="1" index="1" bw="5" slack="1"/>
</pin_list>
<bind>
<opset="data_addr_9 "/>
</bind>
</comp>

<comp id="471" class="1005" name="data_addr_10_reg_471">
<pin_list>
<pin id="472" dir="0" index="0" bw="5" slack="1"/>
<pin id="473" dir="1" index="1" bw="5" slack="1"/>
</pin_list>
<bind>
<opset="data_addr_10 "/>
</bind>
</comp>

<comp id="480" class="1005" name="data_addr_11_reg_480">
<pin_list>
<pin id="481" dir="0" index="0" bw="5" slack="1"/>
<pin id="482" dir="1" index="1" bw="5" slack="1"/>
</pin_list>
<bind>
<opset="data_addr_11 "/>
</bind>
</comp>

<comp id="489" class="1005" name="data_addr_12_reg_489">
<pin_list>
<pin id="490" dir="0" index="0" bw="5" slack="1"/>
<pin id="491" dir="1" index="1" bw="5" slack="1"/>
</pin_list>
<bind>
<opset="data_addr_12 "/>
</bind>
</comp>

<comp id="498" class="1005" name="data_addr_13_reg_498">
<pin_list>
<pin id="499" dir="0" index="0" bw="5" slack="1"/>
<pin id="500" dir="1" index="1" bw="5" slack="1"/>
</pin_list>
<bind>
<opset="data_addr_13 "/>
</bind>
</comp>

<comp id="507" class="1005" name="data_addr_14_reg_507">
<pin_list>
<pin id="508" dir="0" index="0" bw="5" slack="1"/>
<pin id="509" dir="1" index="1" bw="5" slack="1"/>
</pin_list>
<bind>
<opset="data_addr_14 "/>
</bind>
</comp>

<comp id="516" class="1005" name="data_addr_15_reg_516">
<pin_list>
<pin id="517" dir="0" index="0" bw="5" slack="1"/>
<pin id="518" dir="1" index="1" bw="5" slack="1"/>
</pin_list>
<bind>
<opset="data_addr_15 "/>
</bind>
</comp>

<comp id="525" class="1005" name="data_addr_16_reg_525">
<pin_list>
<pin id="526" dir="0" index="0" bw="5" slack="1"/>
<pin id="527" dir="1" index="1" bw="5" slack="1"/>
</pin_list>
<bind>
<opset="data_addr_16 "/>
</bind>
</comp>

<comp id="534" class="1005" name="data_addr_17_reg_534">
<pin_list>
<pin id="535" dir="0" index="0" bw="5" slack="1"/>
<pin id="536" dir="1" index="1" bw="5" slack="1"/>
</pin_list>
<bind>
<opset="data_addr_17 "/>
</bind>
</comp>

<comp id="543" class="1005" name="data_addr_18_reg_543">
<pin_list>
<pin id="544" dir="0" index="0" bw="5" slack="1"/>
<pin id="545" dir="1" index="1" bw="5" slack="1"/>
</pin_list>
<bind>
<opset="data_addr_18 "/>
</bind>
</comp>

<comp id="552" class="1005" name="data_addr_19_reg_552">
<pin_list>
<pin id="553" dir="0" index="0" bw="5" slack="1"/>
<pin id="554" dir="1" index="1" bw="5" slack="1"/>
</pin_list>
<bind>
<opset="data_addr_19 "/>
</bind>
</comp>

<comp id="561" class="1005" name="data_addr_20_reg_561">
<pin_list>
<pin id="562" dir="0" index="0" bw="5" slack="1"/>
<pin id="563" dir="1" index="1" bw="5" slack="1"/>
</pin_list>
<bind>
<opset="data_addr_20 "/>
</bind>
</comp>

<comp id="570" class="1005" name="data_addr_21_reg_570">
<pin_list>
<pin id="571" dir="0" index="0" bw="5" slack="1"/>
<pin id="572" dir="1" index="1" bw="5" slack="1"/>
</pin_list>
<bind>
<opset="data_addr_21 "/>
</bind>
</comp>

<comp id="579" class="1005" name="data_addr_22_reg_579">
<pin_list>
<pin id="580" dir="0" index="0" bw="5" slack="1"/>
<pin id="581" dir="1" index="1" bw="5" slack="1"/>
</pin_list>
<bind>
<opset="data_addr_22 "/>
</bind>
</comp>

<comp id="588" class="1005" name="data_addr_23_reg_588">
<pin_list>
<pin id="589" dir="0" index="0" bw="5" slack="1"/>
<pin id="590" dir="1" index="1" bw="5" slack="1"/>
</pin_list>
<bind>
<opset="data_addr_23 "/>
</bind>
</comp>

<comp id="597" class="1005" name="data_addr_24_reg_597">
<pin_list>
<pin id="598" dir="0" index="0" bw="5" slack="1"/>
<pin id="599" dir="1" index="1" bw="5" slack="1"/>
</pin_list>
<bind>
<opset="data_addr_24 "/>
</bind>
</comp>

<comp id="606" class="1005" name="data_addr_25_reg_606">
<pin_list>
<pin id="607" dir="0" index="0" bw="5" slack="1"/>
<pin id="608" dir="1" index="1" bw="5" slack="1"/>
</pin_list>
<bind>
<opset="data_addr_25 "/>
</bind>
</comp>

<comp id="615" class="1005" name="data_addr_26_reg_615">
<pin_list>
<pin id="616" dir="0" index="0" bw="5" slack="1"/>
<pin id="617" dir="1" index="1" bw="5" slack="1"/>
</pin_list>
<bind>
<opset="data_addr_26 "/>
</bind>
</comp>

<comp id="624" class="1005" name="data_addr_27_reg_624">
<pin_list>
<pin id="625" dir="0" index="0" bw="5" slack="1"/>
<pin id="626" dir="1" index="1" bw="5" slack="1"/>
</pin_list>
<bind>
<opset="data_addr_27 "/>
</bind>
</comp>

<comp id="633" class="1005" name="data_addr_28_reg_633">
<pin_list>
<pin id="634" dir="0" index="0" bw="5" slack="1"/>
<pin id="635" dir="1" index="1" bw="5" slack="1"/>
</pin_list>
<bind>
<opset="data_addr_28 "/>
</bind>
</comp>

<comp id="642" class="1005" name="data_addr_29_reg_642">
<pin_list>
<pin id="643" dir="0" index="0" bw="5" slack="1"/>
<pin id="644" dir="1" index="1" bw="5" slack="1"/>
</pin_list>
<bind>
<opset="data_addr_29 "/>
</bind>
</comp>

<comp id="651" class="1005" name="data_addr_30_reg_651">
<pin_list>
<pin id="652" dir="0" index="0" bw="5" slack="1"/>
<pin id="653" dir="1" index="1" bw="5" slack="1"/>
</pin_list>
<bind>
<opset="data_addr_30 "/>
</bind>
</comp>

<comp id="660" class="1005" name="data_addr_31_reg_660">
<pin_list>
<pin id="661" dir="0" index="0" bw="5" slack="1"/>
<pin id="662" dir="1" index="1" bw="5" slack="1"/>
</pin_list>
<bind>
<opset="data_addr_31 "/>
</bind>
</comp>

</comp_list>

<net_list>
<net id="75"><net_src comp="0" pin="0"/><net_sink comp="70" pin=0"/></net>

<net id="76"><net_src comp="2" pin="0"/><net_sink comp="70" pin=1"/></net>

<net id="77"><net_src comp="2" pin="0"/><net_sink comp="70" pin=2"/></net>

<net id="82"><net_src comp="70" pin="3"/><net_sink comp="78" pin=0"/></net>

<net id="83"><net_src comp="8" pin="0"/><net_sink comp="78" pin=1"/></net>

<net id="89"><net_src comp="0" pin="0"/><net_sink comp="84" pin=0"/></net>

<net id="90"><net_src comp="2" pin="0"/><net_sink comp="84" pin=1"/></net>

<net id="91"><net_src comp="10" pin="0"/><net_sink comp="84" pin=2"/></net>

<net id="95"><net_src comp="84" pin="3"/><net_sink comp="78" pin=3"/></net>

<net id="96"><net_src comp="8" pin="0"/><net_sink comp="78" pin=4"/></net>

<net id="102"><net_src comp="0" pin="0"/><net_sink comp="97" pin=0"/></net>

<net id="103"><net_src comp="2" pin="0"/><net_sink comp="97" pin=1"/></net>

<net id="104"><net_src comp="12" pin="0"/><net_sink comp="97" pin=2"/></net>

<net id="105"><net_src comp="97" pin="3"/><net_sink comp="78" pin=0"/></net>

<net id="111"><net_src comp="0" pin="0"/><net_sink comp="106" pin=0"/></net>

<net id="112"><net_src comp="2" pin="0"/><net_sink comp="106" pin=1"/></net>

<net id="113"><net_src comp="14" pin="0"/><net_sink comp="106" pin=2"/></net>

<net id="114"><net_src comp="106" pin="3"/><net_sink comp="78" pin=0"/></net>

<net id="120"><net_src comp="0" pin="0"/><net_sink comp="115" pin=0"/></net>

<net id="121"><net_src comp="2" pin="0"/><net_sink comp="115" pin=1"/></net>

<net id="122"><net_src comp="16" pin="0"/><net_sink comp="115" pin=2"/></net>

<net id="123"><net_src comp="115" pin="3"/><net_sink comp="78" pin=0"/></net>

<net id="129"><net_src comp="0" pin="0"/><net_sink comp="124" pin=0"/></net>

<net id="130"><net_src comp="2" pin="0"/><net_sink comp="124" pin=1"/></net>

<net id="131"><net_src comp="18" pin="0"/><net_sink comp="124" pin=2"/></net>

<net id="132"><net_src comp="124" pin="3"/><net_sink comp="78" pin=0"/></net>

<net id="138"><net_src comp="0" pin="0"/><net_sink comp="133" pin=0"/></net>

<net id="139"><net_src comp="2" pin="0"/><net_sink comp="133" pin=1"/></net>

<net id="140"><net_src comp="20" pin="0"/><net_sink comp="133" pin=2"/></net>

<net id="141"><net_src comp="133" pin="3"/><net_sink comp="78" pin=0"/></net>

<net id="147"><net_src comp="0" pin="0"/><net_sink comp="142" pin=0"/></net>

<net id="148"><net_src comp="2" pin="0"/><net_sink comp="142" pin=1"/></net>

<net id="149"><net_src comp="22" pin="0"/><net_sink comp="142" pin=2"/></net>

<net id="150"><net_src comp="142" pin="3"/><net_sink comp="78" pin=0"/></net>

<net id="156"><net_src comp="0" pin="0"/><net_sink comp="151" pin=0"/></net>

<net id="157"><net_src comp="2" pin="0"/><net_sink comp="151" pin=1"/></net>

<net id="158"><net_src comp="24" pin="0"/><net_sink comp="151" pin=2"/></net>

<net id="159"><net_src comp="151" pin="3"/><net_sink comp="78" pin=0"/></net>

<net id="165"><net_src comp="0" pin="0"/><net_sink comp="160" pin=0"/></net>

<net id="166"><net_src comp="2" pin="0"/><net_sink comp="160" pin=1"/></net>

<net id="167"><net_src comp="26" pin="0"/><net_sink comp="160" pin=2"/></net>

<net id="168"><net_src comp="160" pin="3"/><net_sink comp="78" pin=0"/></net>

<net id="174"><net_src comp="0" pin="0"/><net_sink comp="169" pin=0"/></net>

<net id="175"><net_src comp="2" pin="0"/><net_sink comp="169" pin=1"/></net>

<net id="176"><net_src comp="28" pin="0"/><net_sink comp="169" pin=2"/></net>

<net id="177"><net_src comp="169" pin="3"/><net_sink comp="78" pin=0"/></net>

<net id="183"><net_src comp="0" pin="0"/><net_sink comp="178" pin=0"/></net>

<net id="184"><net_src comp="2" pin="0"/><net_sink comp="178" pin=1"/></net>

<net id="185"><net_src comp="30" pin="0"/><net_sink comp="178" pin=2"/></net>

<net id="186"><net_src comp="178" pin="3"/><net_sink comp="78" pin=0"/></net>

<net id="192"><net_src comp="0" pin="0"/><net_sink comp="187" pin=0"/></net>

<net id="193"><net_src comp="2" pin="0"/><net_sink comp="187" pin=1"/></net>

<net id="194"><net_src comp="32" pin="0"/><net_sink comp="187" pin=2"/></net>

<net id="195"><net_src comp="187" pin="3"/><net_sink comp="78" pin=0"/></net>

<net id="201"><net_src comp="0" pin="0"/><net_sink comp="196" pin=0"/></net>

<net id="202"><net_src comp="2" pin="0"/><net_sink comp="196" pin=1"/></net>

<net id="203"><net_src comp="34" pin="0"/><net_sink comp="196" pin=2"/></net>

<net id="204"><net_src comp="196" pin="3"/><net_sink comp="78" pin=0"/></net>

<net id="210"><net_src comp="0" pin="0"/><net_sink comp="205" pin=0"/></net>

<net id="211"><net_src comp="2" pin="0"/><net_sink comp="205" pin=1"/></net>

<net id="212"><net_src comp="36" pin="0"/><net_sink comp="205" pin=2"/></net>

<net id="213"><net_src comp="205" pin="3"/><net_sink comp="78" pin=0"/></net>

<net id="219"><net_src comp="0" pin="0"/><net_sink comp="214" pin=0"/></net>

<net id="220"><net_src comp="2" pin="0"/><net_sink comp="214" pin=1"/></net>

<net id="221"><net_src comp="38" pin="0"/><net_sink comp="214" pin=2"/></net>

<net id="222"><net_src comp="214" pin="3"/><net_sink comp="78" pin=0"/></net>

<net id="228"><net_src comp="0" pin="0"/><net_sink comp="223" pin=0"/></net>

<net id="229"><net_src comp="2" pin="0"/><net_sink comp="223" pin=1"/></net>

<net id="230"><net_src comp="40" pin="0"/><net_sink comp="223" pin=2"/></net>

<net id="231"><net_src comp="223" pin="3"/><net_sink comp="78" pin=0"/></net>

<net id="237"><net_src comp="0" pin="0"/><net_sink comp="232" pin=0"/></net>

<net id="238"><net_src comp="2" pin="0"/><net_sink comp="232" pin=1"/></net>

<net id="239"><net_src comp="42" pin="0"/><net_sink comp="232" pin=2"/></net>

<net id="240"><net_src comp="232" pin="3"/><net_sink comp="78" pin=0"/></net>

<net id="246"><net_src comp="0" pin="0"/><net_sink comp="241" pin=0"/></net>

<net id="247"><net_src comp="2" pin="0"/><net_sink comp="241" pin=1"/></net>

<net id="248"><net_src comp="6" pin="0"/><net_sink comp="241" pin=2"/></net>

<net id="249"><net_src comp="241" pin="3"/><net_sink comp="78" pin=0"/></net>

<net id="255"><net_src comp="0" pin="0"/><net_sink comp="250" pin=0"/></net>

<net id="256"><net_src comp="2" pin="0"/><net_sink comp="250" pin=1"/></net>

<net id="257"><net_src comp="44" pin="0"/><net_sink comp="250" pin=2"/></net>

<net id="258"><net_src comp="250" pin="3"/><net_sink comp="78" pin=0"/></net>

<net id="264"><net_src comp="0" pin="0"/><net_sink comp="259" pin=0"/></net>

<net id="265"><net_src comp="2" pin="0"/><net_sink comp="259" pin=1"/></net>

<net id="266"><net_src comp="46" pin="0"/><net_sink comp="259" pin=2"/></net>

<net id="267"><net_src comp="259" pin="3"/><net_sink comp="78" pin=0"/></net>

<net id="273"><net_src comp="0" pin="0"/><net_sink comp="268" pin=0"/></net>

<net id="274"><net_src comp="2" pin="0"/><net_sink comp="268" pin=1"/></net>

<net id="275"><net_src comp="48" pin="0"/><net_sink comp="268" pin=2"/></net>

<net id="276"><net_src comp="268" pin="3"/><net_sink comp="78" pin=0"/></net>

<net id="282"><net_src comp="0" pin="0"/><net_sink comp="277" pin=0"/></net>

<net id="283"><net_src comp="2" pin="0"/><net_sink comp="277" pin=1"/></net>

<net id="284"><net_src comp="50" pin="0"/><net_sink comp="277" pin=2"/></net>

<net id="285"><net_src comp="277" pin="3"/><net_sink comp="78" pin=0"/></net>

<net id="291"><net_src comp="0" pin="0"/><net_sink comp="286" pin=0"/></net>

<net id="292"><net_src comp="2" pin="0"/><net_sink comp="286" pin=1"/></net>

<net id="293"><net_src comp="52" pin="0"/><net_sink comp="286" pin=2"/></net>

<net id="294"><net_src comp="286" pin="3"/><net_sink comp="78" pin=0"/></net>

<net id="300"><net_src comp="0" pin="0"/><net_sink comp="295" pin=0"/></net>

<net id="301"><net_src comp="2" pin="0"/><net_sink comp="295" pin=1"/></net>

<net id="302"><net_src comp="54" pin="0"/><net_sink comp="295" pin=2"/></net>

<net id="303"><net_src comp="295" pin="3"/><net_sink comp="78" pin=0"/></net>

<net id="309"><net_src comp="0" pin="0"/><net_sink comp="304" pin=0"/></net>

<net id="310"><net_src comp="2" pin="0"/><net_sink comp="304" pin=1"/></net>

<net id="311"><net_src comp="56" pin="0"/><net_sink comp="304" pin=2"/></net>

<net id="312"><net_src comp="304" pin="3"/><net_sink comp="78" pin=0"/></net>

<net id="318"><net_src comp="0" pin="0"/><net_sink comp="313" pin=0"/></net>

<net id="319"><net_src comp="2" pin="0"/><net_sink comp="313" pin=1"/></net>

<net id="320"><net_src comp="58" pin="0"/><net_sink comp="313" pin=2"/></net>

<net id="321"><net_src comp="313" pin="3"/><net_sink comp="78" pin=0"/></net>

<net id="327"><net_src comp="0" pin="0"/><net_sink comp="322" pin=0"/></net>

<net id="328"><net_src comp="2" pin="0"/><net_sink comp="322" pin=1"/></net>

<net id="329"><net_src comp="60" pin="0"/><net_sink comp="322" pin=2"/></net>

<net id="330"><net_src comp="322" pin="3"/><net_sink comp="78" pin=0"/></net>

<net id="336"><net_src comp="0" pin="0"/><net_sink comp="331" pin=0"/></net>

<net id="337"><net_src comp="2" pin="0"/><net_sink comp="331" pin=1"/></net>

<net id="338"><net_src comp="62" pin="0"/><net_sink comp="331" pin=2"/></net>

<net id="339"><net_src comp="331" pin="3"/><net_sink comp="78" pin=0"/></net>

<net id="345"><net_src comp="0" pin="0"/><net_sink comp="340" pin=0"/></net>

<net id="346"><net_src comp="2" pin="0"/><net_sink comp="340" pin=1"/></net>

<net id="347"><net_src comp="64" pin="0"/><net_sink comp="340" pin=2"/></net>

<net id="348"><net_src comp="340" pin="3"/><net_sink comp="78" pin=0"/></net>

<net id="354"><net_src comp="0" pin="0"/><net_sink comp="349" pin=0"/></net>

<net id="355"><net_src comp="2" pin="0"/><net_sink comp="349" pin=1"/></net>

<net id="356"><net_src comp="66" pin="0"/><net_sink comp="349" pin=2"/></net>

<net id="357"><net_src comp="349" pin="3"/><net_sink comp="78" pin=0"/></net>

<net id="363"><net_src comp="0" pin="0"/><net_sink comp="358" pin=0"/></net>

<net id="364"><net_src comp="2" pin="0"/><net_sink comp="358" pin=1"/></net>

<net id="365"><net_src comp="68" pin="0"/><net_sink comp="358" pin=2"/></net>

<net id="366"><net_src comp="358" pin="3"/><net_sink comp="78" pin=0"/></net>

<net id="372"><net_src comp="4" pin="0"/><net_sink comp="367" pin=0"/></net>

<net id="373"><net_src comp="78" pin="2"/><net_sink comp="367" pin=1"/></net>

<net id="374"><net_src comp="6" pin="0"/><net_sink comp="367" pin=2"/></net>

<net id="380"><net_src comp="4" pin="0"/><net_sink comp="375" pin=0"/></net>

<net id="381"><net_src comp="78" pin="5"/><net_sink comp="375" pin=1"/></net>

<net id="382"><net_src comp="6" pin="0"/><net_sink comp="375" pin=2"/></net>

<net id="386"><net_src comp="70" pin="3"/><net_sink comp="383" pin=0"/></net>

<net id="387"><net_src comp="383" pin="1"/><net_sink comp="78" pin=0"/></net>

<net id="394"><net_src comp="84" pin="3"/><net_sink comp="391" pin=0"/></net>

<net id="395"><net_src comp="391" pin="1"/><net_sink comp="78" pin=3"/></net>

<net id="402"><net_src comp="97" pin="3"/><net_sink comp="399" pin=0"/></net>

<net id="403"><net_src comp="399" pin="1"/><net_sink comp="78" pin=0"/></net>

<net id="404"><net_src comp="399" pin="1"/><net_sink comp="78" pin=3"/></net>

<net id="411"><net_src comp="106" pin="3"/><net_sink comp="408" pin=0"/></net>

<net id="412"><net_src comp="408" pin="1"/><net_sink comp="78" pin=0"/></net>

<net id="413"><net_src comp="408" pin="1"/><net_sink comp="78" pin=3"/></net>

<net id="420"><net_src comp="115" pin="3"/><net_sink comp="417" pin=0"/></net>

<net id="421"><net_src comp="417" pin="1"/><net_sink comp="78" pin=0"/></net>

<net id="422"><net_src comp="417" pin="1"/><net_sink comp="78" pin=3"/></net>

<net id="429"><net_src comp="124" pin="3"/><net_sink comp="426" pin=0"/></net>

<net id="430"><net_src comp="426" pin="1"/><net_sink comp="78" pin=0"/></net>

<net id="431"><net_src comp="426" pin="1"/><net_sink comp="78" pin=3"/></net>

<net id="438"><net_src comp="133" pin="3"/><net_sink comp="435" pin=0"/></net>

<net id="439"><net_src comp="435" pin="1"/><net_sink comp="78" pin=0"/></net>

<net id="440"><net_src comp="435" pin="1"/><net_sink comp="78" pin=3"/></net>

<net id="447"><net_src comp="142" pin="3"/><net_sink comp="444" pin=0"/></net>

<net id="448"><net_src comp="444" pin="1"/><net_sink comp="78" pin=0"/></net>

<net id="449"><net_src comp="444" pin="1"/><net_sink comp="78" pin=3"/></net>

<net id="456"><net_src comp="151" pin="3"/><net_sink comp="453" pin=0"/></net>

<net id="457"><net_src comp="453" pin="1"/><net_sink comp="78" pin=0"/></net>

<net id="458"><net_src comp="453" pin="1"/><net_sink comp="78" pin=3"/></net>

<net id="465"><net_src comp="160" pin="3"/><net_sink comp="462" pin=0"/></net>

<net id="466"><net_src comp="462" pin="1"/><net_sink comp="78" pin=0"/></net>

<net id="467"><net_src comp="462" pin="1"/><net_sink comp="78" pin=3"/></net>

<net id="474"><net_src comp="169" pin="3"/><net_sink comp="471" pin=0"/></net>

<net id="475"><net_src comp="471" pin="1"/><net_sink comp="78" pin=0"/></net>

<net id="476"><net_src comp="471" pin="1"/><net_sink comp="78" pin=3"/></net>

<net id="483"><net_src comp="178" pin="3"/><net_sink comp="480" pin=0"/></net>

<net id="484"><net_src comp="480" pin="1"/><net_sink comp="78" pin=0"/></net>

<net id="485"><net_src comp="480" pin="1"/><net_sink comp="78" pin=3"/></net>

<net id="492"><net_src comp="187" pin="3"/><net_sink comp="489" pin=0"/></net>

<net id="493"><net_src comp="489" pin="1"/><net_sink comp="78" pin=0"/></net>

<net id="494"><net_src comp="489" pin="1"/><net_sink comp="78" pin=3"/></net>

<net id="501"><net_src comp="196" pin="3"/><net_sink comp="498" pin=0"/></net>

<net id="502"><net_src comp="498" pin="1"/><net_sink comp="78" pin=0"/></net>

<net id="503"><net_src comp="498" pin="1"/><net_sink comp="78" pin=3"/></net>

<net id="510"><net_src comp="205" pin="3"/><net_sink comp="507" pin=0"/></net>

<net id="511"><net_src comp="507" pin="1"/><net_sink comp="78" pin=0"/></net>

<net id="512"><net_src comp="507" pin="1"/><net_sink comp="78" pin=3"/></net>

<net id="519"><net_src comp="214" pin="3"/><net_sink comp="516" pin=0"/></net>

<net id="520"><net_src comp="516" pin="1"/><net_sink comp="78" pin=0"/></net>

<net id="521"><net_src comp="516" pin="1"/><net_sink comp="78" pin=3"/></net>

<net id="528"><net_src comp="223" pin="3"/><net_sink comp="525" pin=0"/></net>

<net id="529"><net_src comp="525" pin="1"/><net_sink comp="78" pin=0"/></net>

<net id="530"><net_src comp="525" pin="1"/><net_sink comp="78" pin=3"/></net>

<net id="537"><net_src comp="232" pin="3"/><net_sink comp="534" pin=0"/></net>

<net id="538"><net_src comp="534" pin="1"/><net_sink comp="78" pin=0"/></net>

<net id="539"><net_src comp="534" pin="1"/><net_sink comp="78" pin=3"/></net>

<net id="546"><net_src comp="241" pin="3"/><net_sink comp="543" pin=0"/></net>

<net id="547"><net_src comp="543" pin="1"/><net_sink comp="78" pin=0"/></net>

<net id="548"><net_src comp="543" pin="1"/><net_sink comp="78" pin=3"/></net>

<net id="555"><net_src comp="250" pin="3"/><net_sink comp="552" pin=0"/></net>

<net id="556"><net_src comp="552" pin="1"/><net_sink comp="78" pin=0"/></net>

<net id="557"><net_src comp="552" pin="1"/><net_sink comp="78" pin=3"/></net>

<net id="564"><net_src comp="259" pin="3"/><net_sink comp="561" pin=0"/></net>

<net id="565"><net_src comp="561" pin="1"/><net_sink comp="78" pin=0"/></net>

<net id="566"><net_src comp="561" pin="1"/><net_sink comp="78" pin=3"/></net>

<net id="573"><net_src comp="268" pin="3"/><net_sink comp="570" pin=0"/></net>

<net id="574"><net_src comp="570" pin="1"/><net_sink comp="78" pin=0"/></net>

<net id="575"><net_src comp="570" pin="1"/><net_sink comp="78" pin=3"/></net>

<net id="582"><net_src comp="277" pin="3"/><net_sink comp="579" pin=0"/></net>

<net id="583"><net_src comp="579" pin="1"/><net_sink comp="78" pin=0"/></net>

<net id="584"><net_src comp="579" pin="1"/><net_sink comp="78" pin=3"/></net>

<net id="591"><net_src comp="286" pin="3"/><net_sink comp="588" pin=0"/></net>

<net id="592"><net_src comp="588" pin="1"/><net_sink comp="78" pin=0"/></net>

<net id="593"><net_src comp="588" pin="1"/><net_sink comp="78" pin=3"/></net>

<net id="600"><net_src comp="295" pin="3"/><net_sink comp="597" pin=0"/></net>

<net id="601"><net_src comp="597" pin="1"/><net_sink comp="78" pin=0"/></net>

<net id="602"><net_src comp="597" pin="1"/><net_sink comp="78" pin=3"/></net>

<net id="609"><net_src comp="304" pin="3"/><net_sink comp="606" pin=0"/></net>

<net id="610"><net_src comp="606" pin="1"/><net_sink comp="78" pin=0"/></net>

<net id="611"><net_src comp="606" pin="1"/><net_sink comp="78" pin=3"/></net>

<net id="618"><net_src comp="313" pin="3"/><net_sink comp="615" pin=0"/></net>

<net id="619"><net_src comp="615" pin="1"/><net_sink comp="78" pin=0"/></net>

<net id="620"><net_src comp="615" pin="1"/><net_sink comp="78" pin=3"/></net>

<net id="627"><net_src comp="322" pin="3"/><net_sink comp="624" pin=0"/></net>

<net id="628"><net_src comp="624" pin="1"/><net_sink comp="78" pin=0"/></net>

<net id="629"><net_src comp="624" pin="1"/><net_sink comp="78" pin=3"/></net>

<net id="636"><net_src comp="331" pin="3"/><net_sink comp="633" pin=0"/></net>

<net id="637"><net_src comp="633" pin="1"/><net_sink comp="78" pin=0"/></net>

<net id="638"><net_src comp="633" pin="1"/><net_sink comp="78" pin=3"/></net>

<net id="645"><net_src comp="340" pin="3"/><net_sink comp="642" pin=0"/></net>

<net id="646"><net_src comp="642" pin="1"/><net_sink comp="78" pin=0"/></net>

<net id="647"><net_src comp="642" pin="1"/><net_sink comp="78" pin=3"/></net>

<net id="654"><net_src comp="349" pin="3"/><net_sink comp="651" pin=0"/></net>

<net id="655"><net_src comp="651" pin="1"/><net_sink comp="78" pin=0"/></net>

<net id="656"><net_src comp="651" pin="1"/><net_sink comp="78" pin=3"/></net>

<net id="663"><net_src comp="358" pin="3"/><net_sink comp="660" pin=0"/></net>

<net id="664"><net_src comp="660" pin="1"/><net_sink comp="78" pin=0"/></net>

<net id="665"><net_src comp="660" pin="1"/><net_sink comp="78" pin=3"/></net>

</net_list>

</model> 
---------------- Datapath Model END ------------------

* FSMD analyzer results:
  - Output states:
	Port: data | {2 3 4 5 6 7 8 9 10 11 12 13 14 15 16 17 18 19 20 21 22 23 24 25 26 27 28 29 30 31 32 33 }
 - Input state : 
	Port: RELU : data | {1 2 3 4 5 6 7 8 9 10 11 12 13 14 15 16 17 18 19 20 21 22 23 24 25 26 27 28 29 30 31 32 33 }
  - Chain level:
	State 1
		data_load : 1
	State 2
		tmp : 1
		StgValue_38 : 2
		data_load_1 : 1
	State 3
		tmp_1 : 1
		StgValue_45 : 2
		data_load_2 : 1
	State 4
		tmp_2 : 1
		StgValue_52 : 2
		data_load_3 : 1
	State 5
		tmp_3 : 1
		StgValue_59 : 2
		data_load_4 : 1
	State 6
		tmp_4 : 1
		StgValue_66 : 2
		data_load_5 : 1
	State 7
		tmp_5 : 1
		StgValue_73 : 2
		data_load_6 : 1
	State 8
		tmp_6 : 1
		StgValue_80 : 2
		data_load_7 : 1
	State 9
		tmp_7 : 1
		StgValue_87 : 2
		data_load_8 : 1
	State 10
		tmp_8 : 1
		StgValue_94 : 2
		data_load_9 : 1
	State 11
		tmp_9 : 1
		StgValue_101 : 2
		data_load_10 : 1
	State 12
		tmp_10 : 1
		StgValue_108 : 2
		data_load_11 : 1
	State 13
		tmp_11 : 1
		StgValue_115 : 2
		data_load_12 : 1
	State 14
		tmp_12 : 1
		StgValue_122 : 2
		data_load_13 : 1
	State 15
		tmp_13 : 1
		StgValue_129 : 2
		data_load_14 : 1
	State 16
		tmp_14 : 1
		StgValue_136 : 2
		data_load_15 : 1
	State 17
		tmp_15 : 1
		StgValue_143 : 2
		data_load_16 : 1
	State 18
		tmp_16 : 1
		StgValue_150 : 2
		data_load_17 : 1
	State 19
		tmp_17 : 1
		StgValue_157 : 2
		data_load_18 : 1
	State 20
		tmp_18 : 1
		StgValue_164 : 2
		data_load_19 : 1
	State 21
		tmp_19 : 1
		StgValue_171 : 2
		data_load_20 : 1
	State 22
		tmp_20 : 1
		StgValue_178 : 2
		data_load_21 : 1
	State 23
		tmp_21 : 1
		StgValue_185 : 2
		data_load_22 : 1
	State 24
		tmp_22 : 1
		StgValue_192 : 2
		data_load_23 : 1
	State 25
		tmp_23 : 1
		StgValue_199 : 2
		data_load_24 : 1
	State 26
		tmp_24 : 1
		StgValue_206 : 2
		data_load_25 : 1
	State 27
		tmp_25 : 1
		StgValue_213 : 2
		data_load_26 : 1
	State 28
		tmp_26 : 1
		StgValue_220 : 2
		data_load_27 : 1
	State 29
		tmp_27 : 1
		StgValue_227 : 2
		data_load_28 : 1
	State 30
		tmp_28 : 1
		StgValue_234 : 2
		data_load_29 : 1
	State 31
		tmp_29 : 1
		StgValue_241 : 2
		data_load_30 : 1
	State 32
		tmp_30 : 1
		StgValue_248 : 2
		data_load_31 : 1
	State 33
		tmp_31 : 1
		StgValue_255 : 2


============================================================
+ Verbose Summary: Datapath Resource usage 
============================================================

* Functional unit list:
|----------|----------------|
| Operation| Functional Unit|
|----------|----------------|
| bitselect|   grp_fu_367   |
|          |  tmp_1_fu_375  |
|----------|----------------|
|   Total  |                |
|----------|----------------|

Memories:
N/A

* Register list:
+--------------------+--------+
|                    |   FF   |
+--------------------+--------+
|data_addr_10_reg_471|    5   |
|data_addr_11_reg_480|    5   |
|data_addr_12_reg_489|    5   |
|data_addr_13_reg_498|    5   |
|data_addr_14_reg_507|    5   |
|data_addr_15_reg_516|    5   |
|data_addr_16_reg_525|    5   |
|data_addr_17_reg_534|    5   |
|data_addr_18_reg_543|    5   |
|data_addr_19_reg_552|    5   |
| data_addr_1_reg_391|    5   |
|data_addr_20_reg_561|    5   |
|data_addr_21_reg_570|    5   |
|data_addr_22_reg_579|    5   |
|data_addr_23_reg_588|    5   |
|data_addr_24_reg_597|    5   |
|data_addr_25_reg_606|    5   |
|data_addr_26_reg_615|    5   |
|data_addr_27_reg_624|    5   |
|data_addr_28_reg_633|    5   |
|data_addr_29_reg_642|    5   |
| data_addr_2_reg_399|    5   |
|data_addr_30_reg_651|    5   |
|data_addr_31_reg_660|    5   |
| data_addr_3_reg_408|    5   |
| data_addr_4_reg_417|    5   |
| data_addr_5_reg_426|    5   |
| data_addr_6_reg_435|    5   |
| data_addr_7_reg_444|    5   |
| data_addr_8_reg_453|    5   |
| data_addr_9_reg_462|    5   |
|  data_addr_reg_383 |    5   |
+--------------------+--------+
|        Total       |   160  |
+--------------------+--------+

* Multiplexer (MUX) list: 
|------------------|------|------|------|--------||---------||---------|
|       Comp       |  Pin | Size |  BW  | S x BW ||  Delay  ||   LUT   |
|------------------|------|------|------|--------||---------||---------|
| grp_access_fu_78 |  p0  |  62  |   5  |   310  ||   265   |
| grp_access_fu_78 |  p3  |  32  |   5  |   160  ||   145   |
|------------------|------|------|------|--------||---------||---------|
|       Total      |      |      |      |   470  || 6.34675 ||   410   |
|------------------|------|------|------|--------||---------||---------|



* Summary:
+-----------+--------+--------+--------+
|           |  Delay |   FF   |   LUT  |
+-----------+--------+--------+--------+
|  Function |    -   |    -   |    -   |
|   Memory  |    -   |    -   |    -   |
|Multiplexer|    6   |    -   |   410  |
|  Register |    -   |   160  |    -   |
+-----------+--------+--------+--------+
|   Total   |    6   |   160  |   410  |
+-----------+--------+--------+--------+
