21:59:10 **** Auto Build of configuration Debug for project ass_2_7 ****
make pre-build main-build 
a9-linaro-pre-build-step
' '
'Building file: ../src/ass27.c'
'Invoking: ARM v7 gcc compiler'
arm-none-eabi-gcc -Wall -O0 -g3 -c -fmessage-length=0 -MT"src/ass27.o" -mcpu=cortex-a9 -mfpu=vfpv3 -mfloat-abi=hard -I../../standalone_bsp_0/ps7_cortexa9_0/include -MMD -MP -MF"src/ass27.d" -MT"src/ass27.o" -o "src/ass27.o" "../src/ass27.c"
'Finished building: ../src/ass27.c'
' '
'Building target: ass_2_7.elf'
'Invoking: ARM v7 gcc linker'
arm-none-eabi-gcc -mcpu=cortex-a9 -mfpu=vfpv3 -mfloat-abi=hard -Wl,-build-id=none -specs=Xilinx.spec -Wl,-T -Wl,../src/lscript.ld -L../../standalone_bsp_0/ps7_cortexa9_0/lib -o "ass_2_7.elf"  ./src/ass27.o   -Wl,--start-group,-lxil,-lgcc,-lc,--end-group
'Finished building target: ass_2_7.elf'
' '
'Invoking: ARM v7 Print Size'
arm-none-eabi-size ass_2_7.elf  |tee "ass_2_7.elf.size"
   text	   data	    bss	    dec	    hex	filename
  22736	   1164	  22584	  46484	   b594	ass_2_7.elf
'Finished building: ass_2_7.elf.size'
' '

21:59:19 Build Finished (took 8s.435ms)

