14:32:01 **** Auto Build of configuration Debug for project part3 ****
make pre-build main-build 
a9-linaro-pre-build-step
' '
'Building file: ../src/part3.c'
'Invoking: ARM v7 gcc compiler'
arm-none-eabi-gcc -Wall -O0 -g3 -c -fmessage-length=0 -MT"src/part3.o" -mcpu=cortex-a9 -mfpu=vfpv3 -mfloat-abi=hard -I../../standalone_bsp_0/ps7_cortexa9_0/include -MMD -MP -MF"src/part3.d" -MT"src/part3.o" -o "src/part3.o" "../src/part3.c"
../src/part3.c: In function 'main':
../src/part3.c:18:16: warning: variable 'skip' set but not used [-Wunused-but-set-variable]
    char value, skip;
                ^~~~
../src/part3.c:17:11: warning: unused variable 'psb_check' [-Wunused-variable]
    int i, psb_check, dip_check, flag;
           ^~~~~~~~~
'Finished building: ../src/part3.c'
' '
'Building target: part3.elf'
'Invoking: ARM v7 gcc linker'
arm-none-eabi-gcc -mcpu=cortex-a9 -mfpu=vfpv3 -mfloat-abi=hard -Wl,-build-id=none -specs=Xilinx.spec -Wl,-T -Wl,../src/lscript.ld -L../../standalone_bsp_0/ps7_cortexa9_0/lib -o "part3.elf"  ./src/part3.o   -Wl,--start-group,-lxil,-lgcc,-lc,--end-group
'Finished building target: part3.elf'
' '
'Invoking: ARM v7 Print Size'
arm-none-eabi-size part3.elf  |tee "part3.elf.size"
   text	   data	    bss	    dec	    hex	filename
  26432	   1196	  22584	  50212	   c424	part3.elf
'Finished building: part3.elf.size'
' '

14:32:05 Build Finished (took 4s.585ms)

