

================================================================
== Vivado HLS Report for 'classify'
================================================================
* Date:           Tue Dec 31 14:49:08 2019

* Version:        2017.2 (Build 1909853 on Thu Jun 15 18:55:24 MDT 2017)
* Project:        neural.prj
* Solution:       solution1
* Product family: zynq
* Target device:  xc7z010clg400-1


================================================================
== Performance Estimates
================================================================
+ Timing (ns): 
    * Summary: 
    +--------+-------+----------+------------+
    |  Clock | Target| Estimated| Uncertainty|
    +--------+-------+----------+------------+
    |ap_clk  |   8.00|      6.38|        1.00|
    +--------+-------+----------+------------+

+ Latency (clock cycles): 
    * Summary: 
    +------+------+------+------+---------+
    |   Latency   |   Interval  | Pipeline|
    |  min |  max |  min |  max |   Type  |
    +------+------+------+------+---------+
    |  3317|  3317|  3318|  3318|   none  |
    +------+------+------+------+---------+

    + Detail: 
        * Instance: 
        +------------------+-------+-----+-----+-----+-----+---------+
        |                  |       |  Latency  |  Interval | Pipeline|
        |     Instance     | Module| min | max | min | max |   Type  |
        +------------------+-------+-----+-----+-----+-----+---------+
        |grp_RELU_fu_1955  |RELU   |   32|   32|   32|   32|   none  |
        +------------------+-------+-----+-----+-----+-----+---------+

        * Loop: 
        +--------------------------+------+------+----------+-----------+-----------+------+----------+
        |                          |   Latency   | Iteration|  Initiation Interval  | Trip |          |
        |         Loop Name        |  min |  max |  Latency |  achieved |   target  | Count| Pipelined|
        +--------------------------+------+------+----------+-----------+-----------+------+----------+
        |- Loop 1                  |    64|    64|         4|          -|          -|    16|    no    |
        |- Loop 2                  |    48|    48|         3|          -|          -|    16|    no    |
        |- Loop 3                  |    48|    48|         3|          -|          -|    16|    no    |
        |- Loop 4                  |    64|    64|         4|          -|          -|    16|    no    |
        |- Loop 5                  |    64|    64|         4|          -|          -|    16|    no    |
        |- Loop 6                  |    64|    64|         4|          -|          -|    16|    no    |
        |- Loop 7                  |    64|    64|         4|          -|          -|    16|    no    |
        |- Loop 8                  |    64|    64|         4|          -|          -|    16|    no    |
        |- Loop 9                  |    64|    64|         4|          -|          -|    16|    no    |
        |- Loop 10                 |    48|    48|         3|          -|          -|    16|    no    |
        |- Loop 11                 |    48|    48|         3|          -|          -|    16|    no    |
        |- Loop 12                 |    64|    64|         4|          -|          -|    16|    no    |
        |- Loop 13                 |    64|    64|         4|          -|          -|    16|    no    |
        |- Loop 14                 |    64|    64|         4|          -|          -|    16|    no    |
        |- Loop 15                 |    64|    64|         4|          -|          -|    16|    no    |
        |- Loop 16                 |    64|    64|         4|          -|          -|    16|    no    |
        |- Loop 17                 |    64|    64|         4|          -|          -|    16|    no    |
        |- Loop 18                 |    64|    64|         4|          -|          -|    16|    no    |
        |- Loop 19                 |    64|    64|         4|          -|          -|    16|    no    |
        |- Loop 20                 |    64|    64|         4|          -|          -|    16|    no    |
        |- Loop 21                 |    64|    64|         4|          -|          -|    16|    no    |
        |- Loop 22                 |    64|    64|         4|          -|          -|    16|    no    |
        |- Loop 23                 |    64|    64|         4|          -|          -|    16|    no    |
        |- Loop 24                 |    64|    64|         4|          -|          -|    16|    no    |
        |- Loop 25                 |    64|    64|         4|          -|          -|    16|    no    |
        |- Loop 26                 |    64|    64|         4|          -|          -|    16|    no    |
        |- Loop 27                 |    48|    48|         3|          -|          -|    16|    no    |
        |- Loop 28                 |    48|    48|         3|          -|          -|    16|    no    |
        |- Loop 29                 |    48|    48|         3|          -|          -|    16|    no    |
        |- Loop 30                 |    48|    48|         3|          -|          -|    16|    no    |
        |- Loop 31                 |    48|    48|         3|          -|          -|    16|    no    |
        |- Loop 32                 |    48|    48|         3|          -|          -|    16|    no    |
        |- SoftMaxLayer_label8     |  1330|  1330|       133|          -|          -|    10|    no    |
        | + SoftMaxLayer_label8.1  |   128|   128|         4|          -|          -|    32|    no    |
        |- Loop 34                 |    30|    30|         3|          -|          -|    10|    no    |
        +--------------------------+------+------+----------+-----------+-----------+------+----------+



================================================================
== Utilization Estimates
================================================================
* Summary: 
+-----------------+---------+-------+-------+-------+
|       Name      | BRAM_18K| DSP48E|   FF  |  LUT  |
+-----------------+---------+-------+-------+-------+
|DSP              |        -|     33|      -|      -|
|Expression       |        -|      -|   4127|   1991|
|FIFO             |        -|      -|      -|      -|
|Instance         |        2|      -|    157|    577|
|Memory           |        4|      -|     83|      9|
|Multiplexer      |        -|      -|      -|   2022|
|Register         |        -|      -|   1501|      -|
+-----------------+---------+-------+-------+-------+
|Total            |        6|     33|   5868|   4599|
+-----------------+---------+-------+-------+-------+
|Available        |      120|     80|  35200|  17600|
+-----------------+---------+-------+-------+-------+
|Utilization (%)  |        5|     41|     16|     26|
+-----------------+---------+-------+-------+-------+

+ Detail: 
    * Instance: 
    +-----------------------+---------------------+---------+-------+-----+-----+
    |        Instance       |        Module       | BRAM_18K| DSP48E|  FF | LUT |
    +-----------------------+---------------------+---------+-------+-----+-----+
    |grp_RELU_fu_1955       |RELU                 |        0|      0|   33|  451|
    |classify_NNIO_s_axi_U  |classify_NNIO_s_axi  |        2|      0|  124|  126|
    +-----------------------+---------------------+---------+-------+-----+-----+
    |Total                  |                     |        2|      0|  157|  577|
    +-----------------------+---------------------+---------+-------+-----+-----+

    * DSP48: 
    +--------------------------+----------------------+--------------+
    |         Instance         |        Module        |  Expression  |
    +--------------------------+----------------------+--------------+
    |classify_mac_mulacud_U1   |classify_mac_mulacud  | i0 + i1 * i2 |
    |classify_mac_mulacud_U2   |classify_mac_mulacud  | i0 + i1 * i2 |
    |classify_mac_mulacud_U3   |classify_mac_mulacud  | i0 + i1 * i2 |
    |classify_mac_mulacud_U4   |classify_mac_mulacud  | i0 + i1 * i2 |
    |classify_mac_mulacud_U5   |classify_mac_mulacud  | i0 + i1 * i2 |
    |classify_mac_mulacud_U6   |classify_mac_mulacud  | i0 + i1 * i2 |
    |classify_mac_mulacud_U7   |classify_mac_mulacud  | i0 + i1 * i2 |
    |classify_mac_mulacud_U8   |classify_mac_mulacud  | i0 + i1 * i2 |
    |classify_mac_mulacud_U9   |classify_mac_mulacud  | i0 + i1 * i2 |
    |classify_mac_mulacud_U10  |classify_mac_mulacud  | i0 + i1 * i2 |
    |classify_mac_mulacud_U11  |classify_mac_mulacud  | i0 + i1 * i2 |
    |classify_mac_mulacud_U12  |classify_mac_mulacud  | i0 * i1 + i2 |
    |classify_mac_mulacud_U13  |classify_mac_mulacud  | i0 * i1 + i2 |
    |classify_mac_mulacud_U14  |classify_mac_mulacud  | i0 * i1 + i2 |
    |classify_mac_mulacud_U15  |classify_mac_mulacud  | i0 * i1 + i2 |
    |classify_mac_mulacud_U16  |classify_mac_mulacud  | i0 * i1 + i2 |
    |classify_mac_mulacud_U17  |classify_mac_mulacud  | i0 * i1 + i2 |
    |classify_mac_mulacud_U18  |classify_mac_mulacud  | i0 * i1 + i2 |
    |classify_mac_mulacud_U19  |classify_mac_mulacud  | i0 * i1 + i2 |
    |classify_mac_mulacud_U20  |classify_mac_mulacud  | i0 * i1 + i2 |
    |classify_mac_mulacud_U21  |classify_mac_mulacud  | i0 * i1 + i2 |
    |classify_mac_mulacud_U22  |classify_mac_mulacud  | i0 * i1 + i2 |
    |classify_mac_mulacud_U23  |classify_mac_mulacud  | i0 * i1 + i2 |
    |classify_mac_mulacud_U24  |classify_mac_mulacud  | i0 * i1 + i2 |
    |classify_mac_mulacud_U25  |classify_mac_mulacud  | i0 * i1 + i2 |
    |classify_mac_mulacud_U26  |classify_mac_mulacud  | i0 * i1 + i2 |
    |classify_mac_mulacud_U27  |classify_mac_mulacud  | i0 * i1 + i2 |
    |classify_mac_mulacud_U28  |classify_mac_mulacud  | i0 + i1 * i2 |
    |classify_mac_mulacud_U29  |classify_mac_mulacud  | i0 + i1 * i2 |
    |classify_mac_mulacud_U30  |classify_mac_mulacud  | i0 + i1 * i2 |
    |classify_mac_mulacud_U31  |classify_mac_mulacud  | i0 * i1 + i2 |
    |classify_mac_mulacud_U32  |classify_mac_mulacud  | i0 + i1 * i2 |
    |classify_mac_muladEe_U33  |classify_mac_muladEe  | i0 + i1 * i2 |
    +--------------------------+----------------------+--------------+

    * Memory: 
    +------------------------+----------------------+---------+----+----+------+-----+------+-------------+
    |         Memory         |        Module        | BRAM_18K| FF | LUT| Words| Bits| Banks| W*Bits*Banks|
    +------------------------+----------------------+---------+----+----+------+-----+------+-------------+
    |W_U                     |classify_W            |        1|   0|   0|   512|    8|     1|         4096|
    |W_sm_U                  |classify_W_sm         |        1|   0|   0|   320|    8|     1|         2560|
    |b_sm_U                  |classify_b_sm         |        0|  10|   2|    10|   10|     1|          100|
    |nn_weightsSoftMax_in_U  |classify_nn_weighbkb  |        0|   9|   2|    10|    9|     1|           90|
    |output_U                |classify_output       |        0|  64|   5|    10|   32|     1|          320|
    |tempOut_U               |classify_tempOut      |        2|   0|   0|    32|   19|     1|          608|
    +------------------------+----------------------+---------+----+----+------+-----+------+-------------+
    |Total                   |                      |        4|  83|   9|   894|   86|     6|         7774|
    +------------------------+----------------------+---------+----+----+------+-----+------+-------------+

    * FIFO: 
    N/A

    * Expression: 
    +----------------------------+----------+-------+-----+----+------------+------------+
    |        Variable Name       | Operation| DSP48E|  FF | LUT| Bitwidth P0| Bitwidth P1|
    +----------------------------+----------+-------+-----+----+------------+------------+
    |gepindex11_fu_2560_p2       |     +    |      0|   38|  16|          11|          11|
    |gepindex12_fu_2620_p2       |     +    |      0|   38|  16|          11|          11|
    |gepindex13_fu_2680_p2       |     +    |      0|   38|  16|          11|          11|
    |gepindex14_fu_2740_p2       |     +    |      0|   38|  16|          11|          11|
    |gepindex15_fu_2793_p2       |     +    |      0|   38|  16|          11|          11|
    |gepindex16_fu_2853_p2       |     +    |      0|   38|  16|          11|          11|
    |gepindex17_fu_2906_p2       |     +    |      0|   38|  16|          11|          11|
    |gepindex18_fu_2966_p2       |     +    |      0|   38|  16|          11|          11|
    |gepindex19_fu_3026_p2       |     +    |      0|   38|  16|          11|          11|
    |gepindex20_fu_3086_p2       |     +    |      0|   38|  16|          11|          11|
    |gepindex21_fu_3146_p2       |     +    |      0|   38|  16|          11|          11|
    |gepindex22_fu_3206_p2       |     +    |      0|   38|  16|          11|          11|
    |gepindex23_fu_3266_p2       |     +    |      0|   38|  16|          11|          11|
    |gepindex24_fu_3326_p2       |     +    |      0|   38|  16|          11|          11|
    |gepindex25_fu_3382_p2       |     +    |      0|   32|  14|           9|           8|
    |gepindex26_fu_3467_p2       |     +    |      0|   38|  16|          11|           9|
    |gepindex28_fu_3559_p2       |     +    |      0|   32|  14|           9|           7|
    |gepindex29_fu_3651_p2       |     +    |      0|   32|  14|           9|           6|
    |gepindex30_fu_3720_p2       |     +    |      0|   32|  14|           9|           8|
    |gepindex3_fu_2149_p2        |     +    |      0|   38|  16|          11|          11|
    |gepindex4_fu_2198_p2        |     +    |      0|   38|  16|          11|          11|
    |gepindex5_fu_2254_p2        |     +    |      0|   38|  16|          11|          11|
    |gepindex6_fu_2310_p2        |     +    |      0|   38|  16|          11|          11|
    |gepindex7_fu_2359_p2        |     +    |      0|   38|  16|          11|          11|
    |gepindex8_fu_2415_p2        |     +    |      0|   38|  16|          11|          11|
    |gepindex9_fu_2455_p2        |     +    |      0|   29|  13|           8|           8|
    |gepindex_fu_2005_p2         |     +    |      0|   38|  16|          11|          11|
    |i_10_fu_2487_p2             |     +    |      0|   20|  10|           5|           1|
    |i_11_fu_2532_p2             |     +    |      0|   20|  10|           5|           1|
    |i_12_fu_2585_p2             |     +    |      0|   20|  10|           5|           1|
    |i_13_fu_2645_p2             |     +    |      0|   20|  10|           5|           1|
    |i_14_fu_2705_p2             |     +    |      0|   20|  10|           5|           1|
    |i_15_fu_2765_p2             |     +    |      0|   20|  10|           5|           1|
    |i_16_fu_2818_p2             |     +    |      0|   20|  10|           5|           1|
    |i_17_fu_2878_p2             |     +    |      0|   20|  10|           5|           1|
    |i_18_fu_2931_p2             |     +    |      0|   20|  10|           5|           1|
    |i_19_fu_2991_p2             |     +    |      0|   20|  10|           5|           1|
    |i_1_fu_2030_p2              |     +    |      0|   20|  10|           5|           1|
    |i_20_fu_3051_p2             |     +    |      0|   20|  10|           5|           1|
    |i_21_fu_3111_p2             |     +    |      0|   20|  10|           5|           1|
    |i_22_fu_3171_p2             |     +    |      0|   20|  10|           5|           1|
    |i_23_fu_3231_p2             |     +    |      0|   20|  10|           5|           1|
    |i_24_fu_3291_p2             |     +    |      0|   20|  10|           5|           1|
    |i_25_fu_3351_p2             |     +    |      0|   20|  10|           5|           1|
    |i_26_fu_3407_p2             |     +    |      0|   20|  10|           5|           1|
    |i_27_fu_3452_p2             |     +    |      0|   20|  10|           5|           1|
    |i_28_fu_3499_p2             |     +    |      0|   20|  10|           5|           1|
    |i_29_fu_3544_p2             |     +    |      0|   20|  10|           5|           1|
    |i_2_fu_2073_p2              |     +    |      0|   20|  10|           5|           1|
    |i_30_fu_3591_p2             |     +    |      0|   20|  10|           5|           1|
    |i_31_fu_3636_p2             |     +    |      0|   20|  10|           5|           1|
    |i_32_fu_3779_p2             |     +    |      0|   17|   9|           4|           1|
    |i_33_fu_3693_p2             |     +    |      0|   23|  11|           6|           1|
    |i_34_fu_3676_p2             |     +    |      0|   17|   9|           4|           1|
    |i_3_fu_2118_p2              |     +    |      0|   20|  10|           5|           1|
    |i_4_fu_2174_p2              |     +    |      0|   20|  10|           5|           1|
    |i_5_fu_2223_p2              |     +    |      0|   20|  10|           5|           1|
    |i_6_fu_2279_p2              |     +    |      0|   20|  10|           5|           1|
    |i_7_fu_2335_p2              |     +    |      0|   20|  10|           5|           1|
    |i_8_fu_2384_p2              |     +    |      0|   20|  10|           5|           1|
    |i_9_fu_2440_p2              |     +    |      0|   20|  10|           5|           1|
    |i_fu_1974_p2                |     +    |      0|   20|  10|           5|           1|
    |mem_index_gep10_fu_2715_p2  |     +    |      0|   32|  14|           9|           9|
    |mem_index_gep11_fu_2775_p2  |     +    |      0|   32|  14|           9|           9|
    |mem_index_gep12_fu_2828_p2  |     +    |      0|   32|  14|           9|           9|
    |mem_index_gep13_fu_2888_p2  |     +    |      0|   32|  14|           9|           9|
    |mem_index_gep14_fu_2941_p2  |     +    |      0|   32|  14|           9|           9|
    |mem_index_gep15_fu_3001_p2  |     +    |      0|   29|  13|           8|           8|
    |mem_index_gep16_fu_3061_p2  |     +    |      0|   29|  13|           8|           8|
    |mem_index_gep17_fu_3121_p2  |     +    |      0|   29|  13|           8|           8|
    |mem_index_gep18_fu_3181_p2  |     +    |      0|   29|  13|           8|           8|
    |mem_index_gep19_fu_3241_p2  |     +    |      0|   26|  12|           7|           7|
    |mem_index_gep1_fu_2128_p2   |     +    |      0|   35|  15|          10|          10|
    |mem_index_gep20_fu_3301_p2  |     +    |      0|   26|  12|           7|           7|
    |mem_index_gep21_fu_3361_p2  |     +    |      0|   23|  11|           6|           6|
    |mem_index_gep22_fu_3703_p2  |     +    |      0|   32|  14|           9|           9|
    |mem_index_gep2_fu_2184_p2   |     +    |      0|   35|  15|          10|          10|
    |mem_index_gep3_fu_2233_p2   |     +    |      0|   35|  15|          10|          10|
    |mem_index_gep4_fu_2289_p2   |     +    |      0|   35|  15|          10|          10|
    |mem_index_gep5_fu_2345_p2   |     +    |      0|   35|  15|          10|          10|
    |mem_index_gep6_fu_2394_p2   |     +    |      0|   35|  15|          10|          10|
    |mem_index_gep7_fu_2542_p2   |     +    |      0|   32|  14|           9|           9|
    |mem_index_gep8_fu_2595_p2   |     +    |      0|   32|  14|           9|           9|
    |mem_index_gep9_fu_2655_p2   |     +    |      0|   32|  14|           9|           9|
    |mem_index_gep_fu_1984_p2    |     +    |      0|   35|  15|          10|          10|
    |output_d0                   |     +    |      0|  101|  37|          32|          32|
    |result_10_fu_2239_p2        |     +    |      0|   62|  24|          19|           5|
    |result_12_fu_2295_p2        |     +    |      0|   62|  24|          19|           4|
    |result_16_fu_2400_p2        |     +    |      0|   62|  24|          19|           4|
    |result_18_fu_2466_p2        |     +    |      0|   62|  24|          19|           7|
    |result_20_fu_2511_p2        |     +    |      0|   62|  24|          19|           4|
    |result_24_fu_2601_p2        |     +    |      0|   62|  24|          19|           3|
    |result_26_fu_2661_p2        |     +    |      0|   62|  24|          19|           4|
    |result_28_fu_2721_p2        |     +    |      0|   62|  24|          19|           4|
    |result_2_fu_2052_p2         |     +    |      0|   62|  24|          19|           6|
    |result_32_fu_2834_p2        |     +    |      0|   62|  24|          19|           6|
    |result_36_fu_2947_p2        |     +    |      0|   62|  24|          19|           8|
    |result_38_fu_3007_p2        |     +    |      0|   62|  24|          19|           3|
    |result_40_fu_3067_p2        |     +    |      0|   62|  24|          19|           4|
    |result_42_fu_3127_p2        |     +    |      0|   62|  24|          19|           7|
    |result_44_fu_3187_p2        |     +    |      0|   62|  24|          19|           9|
    |result_46_fu_3247_p2        |     +    |      0|   62|  24|          19|           4|
    |result_48_fu_3307_p2        |     +    |      0|   62|  24|          19|           6|
    |result_4_fu_2097_p2         |     +    |      0|   62|  24|          19|           7|
    |result_50_fu_3367_p2        |     +    |      0|   62|  24|          19|           8|
    |result_52_fu_3431_p2        |     +    |      0|   62|  24|          19|           7|
    |result_54_fu_3478_p2        |     +    |      0|   62|  24|          19|           5|
    |result_56_fu_3523_p2        |     +    |      0|   62|  24|          19|           7|
    |result_58_fu_3570_p2        |     +    |      0|   62|  24|          19|           8|
    |result_60_fu_3615_p2        |     +    |      0|   62|  24|          19|           7|
    |result_6_fu_2134_p2         |     +    |      0|   62|  24|          19|           8|
    |result_fu_1990_p2           |     +    |      0|   62|  24|          19|           3|
    |addrCmp1_fu_3714_p2         |   icmp   |      0|    0|   5|           9|           8|
    |addrCmp_fu_3708_p2          |   icmp   |      0|    0|   5|           9|           7|
    |exitcond_i10_fu_2481_p2     |   icmp   |      0|    0|   3|           5|           6|
    |exitcond_i11_fu_2526_p2     |   icmp   |      0|    0|   3|           5|           6|
    |exitcond_i12_fu_2579_p2     |   icmp   |      0|    0|   3|           5|           6|
    |exitcond_i13_fu_2639_p2     |   icmp   |      0|    0|   3|           5|           6|
    |exitcond_i14_fu_2699_p2     |   icmp   |      0|    0|   3|           5|           6|
    |exitcond_i15_fu_2759_p2     |   icmp   |      0|    0|   3|           5|           6|
    |exitcond_i16_fu_2812_p2     |   icmp   |      0|    0|   3|           5|           6|
    |exitcond_i17_fu_2872_p2     |   icmp   |      0|    0|   3|           5|           6|
    |exitcond_i18_fu_2925_p2     |   icmp   |      0|    0|   3|           5|           6|
    |exitcond_i19_fu_2985_p2     |   icmp   |      0|    0|   3|           5|           6|
    |exitcond_i1_fu_2067_p2      |   icmp   |      0|    0|   3|           5|           6|
    |exitcond_i20_fu_3045_p2     |   icmp   |      0|    0|   3|           5|           6|
    |exitcond_i21_fu_3105_p2     |   icmp   |      0|    0|   3|           5|           6|
    |exitcond_i22_fu_3165_p2     |   icmp   |      0|    0|   3|           5|           6|
    |exitcond_i23_fu_3225_p2     |   icmp   |      0|    0|   3|           5|           6|
    |exitcond_i24_fu_3285_p2     |   icmp   |      0|    0|   3|           5|           6|
    |exitcond_i25_fu_3345_p2     |   icmp   |      0|    0|   3|           5|           6|
    |exitcond_i26_fu_3401_p2     |   icmp   |      0|    0|   3|           5|           6|
    |exitcond_i27_fu_3446_p2     |   icmp   |      0|    0|   3|           5|           6|
    |exitcond_i28_fu_3493_p2     |   icmp   |      0|    0|   3|           5|           6|
    |exitcond_i29_fu_3538_p2     |   icmp   |      0|    0|   3|           5|           6|
    |exitcond_i2_fu_2112_p2      |   icmp   |      0|    0|   3|           5|           6|
    |exitcond_i30_fu_3585_p2     |   icmp   |      0|    0|   3|           5|           6|
    |exitcond_i31_fu_3630_p2     |   icmp   |      0|    0|   3|           5|           6|
    |exitcond_i3_fu_2168_p2      |   icmp   |      0|    0|   3|           5|           6|
    |exitcond_i4_fu_2217_p2      |   icmp   |      0|    0|   3|           5|           6|
    |exitcond_i5_fu_2024_p2      |   icmp   |      0|    0|   3|           5|           6|
    |exitcond_i6_fu_2273_p2      |   icmp   |      0|    0|   3|           5|           6|
    |exitcond_i7_fu_2329_p2      |   icmp   |      0|    0|   3|           5|           6|
    |exitcond_i8_fu_2378_p2      |   icmp   |      0|    0|   3|           5|           6|
    |exitcond_i9_fu_2434_p2      |   icmp   |      0|    0|   3|           5|           6|
    |exitcond_i_fu_1968_p2       |   icmp   |      0|    0|   3|           5|           6|
    |exitcond_i_i_fu_3687_p2     |   icmp   |      0|    0|   4|           6|           7|
    |tmp_2_i_fu_3793_p2          |   icmp   |      0|    0|  32|          64|          64|
    |tmp_i_37_fu_3773_p2         |   icmp   |      0|    0|   2|           4|           4|
    |tmp_i_fu_3670_p2            |   icmp   |      0|    0|   2|           4|           4|
    |gepindex31_fu_3731_p3       |  select  |      0|    0|   9|           1|           9|
    |gepindex32_fu_3737_p3       |  select  |      0|    0|   9|           1|           9|
    |k_2_k_i_fu_3807_p3          |  select  |      0|    0|   8|           1|           8|
    |max_2_max1_i_fu_3799_p3     |  select  |      0|    0|  64|           1|          64|
    |gepindex1_fu_2041_p2        |    xor   |      0|    0|   6|           5|           6|
    +----------------------------+----------+-------+-----+----+------------+------------+
    |Total                       |          |      0| 4127|1991|        1454|        1077|
    +----------------------------+----------+-------+-----+----+------------+------------+

    * Multiplexer: 
    +-----------------------+-----+-----------+-----+-----------+
    |          Name         | LUT | Input Size| Bits| Total Bits|
    +-----------------------+-----+-----------+-----+-----------+
    |W_address0             |  149|         33|    9|        297|
    |ap_NS_fsm              |  715|        134|    1|        134|
    |i_i10_reg_1374         |    9|          2|    5|         10|
    |i_i11_reg_1398         |    9|          2|    5|         10|
    |i_i12_reg_1422         |    9|          2|    5|         10|
    |i_i13_reg_1446         |    9|          2|    5|         10|
    |i_i14_reg_1470         |    9|          2|    5|         10|
    |i_i15_reg_1495         |    9|          2|    5|         10|
    |i_i16_reg_1519         |    9|          2|    5|         10|
    |i_i17_reg_1544         |    9|          2|    5|         10|
    |i_i18_reg_1568         |    9|          2|    5|         10|
    |i_i19_reg_1592         |    9|          2|    5|         10|
    |i_i1_reg_1182          |    9|          2|    5|         10|
    |i_i20_reg_1616         |    9|          2|    5|         10|
    |i_i21_reg_1640         |    9|          2|    5|         10|
    |i_i22_reg_1664         |    9|          2|    5|         10|
    |i_i23_reg_1688         |    9|          2|    5|         10|
    |i_i24_reg_1712         |    9|          2|    5|         10|
    |i_i25_reg_1736         |    9|          2|    5|         10|
    |i_i26_reg_1760         |    9|          2|    5|         10|
    |i_i27_reg_1783         |    9|          2|    5|         10|
    |i_i28_reg_1806         |    9|          2|    5|         10|
    |i_i29_reg_1829         |    9|          2|    5|         10|
    |i_i2_reg_1205          |    9|          2|    5|         10|
    |i_i30_reg_1852         |    9|          2|    5|         10|
    |i_i31_reg_1876         |    9|          2|    5|         10|
    |i_i3_reg_1230          |    9|          2|    5|         10|
    |i_i4_reg_1159          |    9|          2|    5|         10|
    |i_i5_reg_1254          |    9|          2|    5|         10|
    |i_i6_reg_1278          |    9|          2|    5|         10|
    |i_i7_reg_1303          |    9|          2|    5|         10|
    |i_i8_reg_1327          |    9|          2|    5|         10|
    |i_i9_reg_1351          |    9|          2|    5|         10|
    |i_i_i_reg_1910         |    9|          2|    6|         12|
    |i_i_reg_1135           |    9|          2|    5|         10|
    |idx_assign_i_reg_1887  |    9|          2|    4|          8|
    |img_address0           |  149|         33|    4|        132|
    |k_i_reg_1932           |    9|          2|    8|         16|
    |k_reg_1944             |    9|          2|    4|          8|
    |max1_i_reg_1922        |    9|          2|   64|        128|
    |output_address0        |   21|          4|    4|         16|
    |result_14_reg_1290     |    9|          2|   19|         38|
    |result_22_reg_1385     |    9|          2|   19|         38|
    |result_30_reg_1482     |    9|          2|   19|         38|
    |result_34_reg_1531     |    9|          2|   19|         38|
    |result_62_reg_1863     |    9|          2|   19|         38|
    |result_8_reg_1217      |    9|          2|   19|         38|
    |result_i10_reg_1410    |    9|          2|   19|         38|
    |result_i11_reg_1434    |    9|          2|   19|         38|
    |result_i12_reg_1458    |    9|          2|   19|         38|
    |result_i14_reg_1507    |    9|          2|   19|         38|
    |result_i16_reg_1556    |    9|          2|   19|         38|
    |result_i17_reg_1580    |    9|          2|   19|         38|
    |result_i18_reg_1604    |    9|          2|   19|         38|
    |result_i19_reg_1628    |    9|          2|   19|         38|
    |result_i1_reg_1170     |    9|          2|   19|         38|
    |result_i20_reg_1652    |    9|          2|   19|         38|
    |result_i21_reg_1676    |    9|          2|   19|         38|
    |result_i22_reg_1700    |    9|          2|   19|         38|
    |result_i23_reg_1724    |    9|          2|   19|         38|
    |result_i24_reg_1748    |    9|          2|   19|         38|
    |result_i25_reg_1771    |    9|          2|   19|         38|
    |result_i26_reg_1794    |    9|          2|   19|         38|
    |result_i27_reg_1817    |    9|          2|   19|         38|
    |result_i28_reg_1840    |    9|          2|   19|         38|
    |result_i2_reg_1193     |    9|          2|   19|         38|
    |result_i3_reg_1147     |    9|          2|   19|         38|
    |result_i4_reg_1362     |    9|          2|   19|         38|
    |result_i5_reg_1242     |    9|          2|   19|         38|
    |result_i6_reg_1266     |    9|          2|   19|         38|
    |result_i8_reg_1315     |    9|          2|   19|         38|
    |result_i9_reg_1339     |    9|          2|   19|         38|
    |result_i_i_reg_1898    |    9|          2|   32|         64|
    |result_i_reg_1123      |    9|          2|   19|         38|
    |tempOut_address0       |  157|         35|    5|        175|
    |tempOut_ce0            |   15|          3|    1|          3|
    |tempOut_ce1            |    9|          2|    1|          2|
    |tempOut_d0             |  153|         34|   19|        646|
    |tempOut_we0            |   15|          3|    1|          3|
    |tempOut_we1            |    9|          2|    1|          2|
    +-----------------------+-----+-----------+-----+-----------+
    |Total                  | 2022|        423|  932|       3182|
    +-----------------------+-----+-----------+-----+-----------+

    * Register: 
    +----------------------------------+-----+----+-----+-----------+
    |               Name               |  FF | LUT| Bits| Const Bits|
    +----------------------------------+-----+----+-----+-----------+
    |W_sm_load_reg_4991                |    8|   0|    8|          0|
    |addrCmp1_reg_4966                 |    1|   0|    1|          0|
    |addrCmp_reg_4961                  |    1|   0|    1|          0|
    |ap_CS_fsm                         |  133|   0|  133|          0|
    |ap_reg_grp_RELU_fu_1955_ap_start  |    1|   0|    1|          0|
    |b_sm_load_reg_5006                |   10|   0|   10|          0|
    |gepindex30_reg_4971               |    9|   0|    9|          0|
    |i_10_reg_4346                     |    5|   0|    5|          0|
    |i_11_reg_4369                     |    5|   0|    5|          0|
    |i_12_reg_4397                     |    5|   0|    5|          0|
    |i_13_reg_4425                     |    5|   0|    5|          0|
    |i_14_reg_4453                     |    5|   0|    5|          0|
    |i_15_reg_4481                     |    5|   0|    5|          0|
    |i_16_reg_4509                     |    5|   0|    5|          0|
    |i_17_reg_4537                     |    5|   0|    5|          0|
    |i_18_reg_4565                     |    5|   0|    5|          0|
    |i_19_reg_4593                     |    5|   0|    5|          0|
    |i_1_reg_4109                      |    5|   0|    5|          0|
    |i_20_reg_4621                     |    5|   0|    5|          0|
    |i_21_reg_4649                     |    5|   0|    5|          0|
    |i_22_reg_4677                     |    5|   0|    5|          0|
    |i_23_reg_4705                     |    5|   0|    5|          0|
    |i_24_reg_4733                     |    5|   0|    5|          0|
    |i_25_reg_4761                     |    5|   0|    5|          0|
    |i_26_reg_4789                     |    5|   0|    5|          0|
    |i_27_reg_4812                     |    5|   0|    5|          0|
    |i_28_reg_4835                     |    5|   0|    5|          0|
    |i_29_reg_4858                     |    5|   0|    5|          0|
    |i_2_reg_4132                      |    5|   0|    5|          0|
    |i_30_reg_4881                     |    5|   0|    5|          0|
    |i_31_reg_4904                     |    5|   0|    5|          0|
    |i_32_reg_5024                     |    4|   0|    4|          0|
    |i_33_reg_4956                     |    6|   0|    6|          0|
    |i_34_reg_4927                     |    4|   0|    4|          0|
    |i_3_reg_4155                      |    5|   0|    5|          0|
    |i_4_reg_4183                      |    5|   0|    5|          0|
    |i_5_reg_4211                      |    5|   0|    5|          0|
    |i_6_reg_4239                      |    5|   0|    5|          0|
    |i_7_reg_4267                      |    5|   0|    5|          0|
    |i_8_reg_4295                      |    5|   0|    5|          0|
    |i_9_reg_4323                      |    5|   0|    5|          0|
    |i_i10_reg_1374                    |    5|   0|    5|          0|
    |i_i11_reg_1398                    |    5|   0|    5|          0|
    |i_i12_reg_1422                    |    5|   0|    5|          0|
    |i_i13_reg_1446                    |    5|   0|    5|          0|
    |i_i14_reg_1470                    |    5|   0|    5|          0|
    |i_i15_reg_1495                    |    5|   0|    5|          0|
    |i_i16_reg_1519                    |    5|   0|    5|          0|
    |i_i17_reg_1544                    |    5|   0|    5|          0|
    |i_i18_reg_1568                    |    5|   0|    5|          0|
    |i_i19_reg_1592                    |    5|   0|    5|          0|
    |i_i1_reg_1182                     |    5|   0|    5|          0|
    |i_i20_reg_1616                    |    5|   0|    5|          0|
    |i_i21_reg_1640                    |    5|   0|    5|          0|
    |i_i22_reg_1664                    |    5|   0|    5|          0|
    |i_i23_reg_1688                    |    5|   0|    5|          0|
    |i_i24_reg_1712                    |    5|   0|    5|          0|
    |i_i25_reg_1736                    |    5|   0|    5|          0|
    |i_i26_reg_1760                    |    5|   0|    5|          0|
    |i_i27_reg_1783                    |    5|   0|    5|          0|
    |i_i28_reg_1806                    |    5|   0|    5|          0|
    |i_i29_reg_1829                    |    5|   0|    5|          0|
    |i_i2_reg_1205                     |    5|   0|    5|          0|
    |i_i30_reg_1852                    |    5|   0|    5|          0|
    |i_i31_reg_1876                    |    5|   0|    5|          0|
    |i_i3_reg_1230                     |    5|   0|    5|          0|
    |i_i4_reg_1159                     |    5|   0|    5|          0|
    |i_i5_reg_1254                     |    5|   0|    5|          0|
    |i_i6_reg_1278                     |    5|   0|    5|          0|
    |i_i7_reg_1303                     |    5|   0|    5|          0|
    |i_i8_reg_1327                     |    5|   0|    5|          0|
    |i_i9_reg_1351                     |    5|   0|    5|          0|
    |i_i_i_reg_1910                    |    6|   0|    6|          0|
    |i_i_reg_1135                      |    5|   0|    5|          0|
    |i_reg_4081                        |    5|   0|    5|          0|
    |idx_assign_i_reg_1887             |    4|   0|    4|          0|
    |k_1_cast1_i_reg_5016              |    4|   0|    8|          4|
    |k_i_reg_1932                      |    8|   0|    8|          0|
    |k_reg_1944                        |    4|   0|    4|          0|
    |max1_i_reg_1922                   |   64|   0|   64|          0|
    |mem_index_gep10_reg_4458          |    9|   0|    9|          0|
    |mem_index_gep11_reg_4486          |    9|   0|    9|          0|
    |mem_index_gep12_reg_4514          |    9|   0|    9|          0|
    |mem_index_gep13_reg_4542          |    9|   0|    9|          0|
    |mem_index_gep14_reg_4570          |    9|   0|    9|          0|
    |mem_index_gep15_reg_4598          |    8|   0|    8|          0|
    |mem_index_gep16_reg_4626          |    8|   0|    8|          0|
    |mem_index_gep17_reg_4654          |    8|   0|    8|          0|
    |mem_index_gep18_reg_4682          |    8|   0|    8|          0|
    |mem_index_gep19_reg_4710          |    7|   0|    7|          0|
    |mem_index_gep1_reg_4160           |   10|   0|   10|          0|
    |mem_index_gep20_reg_4738          |    7|   0|    7|          0|
    |mem_index_gep21_reg_4766          |    6|   0|    6|          0|
    |mem_index_gep2_reg_4188           |   10|   0|   10|          0|
    |mem_index_gep3_reg_4216           |   10|   0|   10|          0|
    |mem_index_gep4_reg_4244           |   10|   0|   10|          0|
    |mem_index_gep5_reg_4272           |   10|   0|   10|          0|
    |mem_index_gep6_reg_4300           |   10|   0|   10|          0|
    |mem_index_gep7_reg_4374           |    9|   0|    9|          0|
    |mem_index_gep8_reg_4402           |    9|   0|    9|          0|
    |mem_index_gep9_reg_4430           |    9|   0|    9|          0|
    |mem_index_gep_reg_4086            |   10|   0|   10|          0|
    |nn_weightsSoftMax_in_1_reg_4948   |    9|   0|    9|          0|
    |output_load_1_reg_5034            |   32|   0|   32|          0|
    |reg_1960                          |    8|   0|    8|          0|
    |reg_1964                          |    8|   0|    8|          0|
    |result_14_reg_1290                |   19|   0|   19|          0|
    |result_22_reg_1385                |   19|   0|   19|          0|
    |result_30_reg_1482                |   19|   0|   19|          0|
    |result_34_reg_1531                |   19|   0|   19|          0|
    |result_62_reg_1863                |   19|   0|   19|          0|
    |result_8_reg_1217                 |   19|   0|   19|          0|
    |result_i10_reg_1410               |   19|   0|   19|          0|
    |result_i11_reg_1434               |   19|   0|   19|          0|
    |result_i12_reg_1458               |   19|   0|   19|          0|
    |result_i14_reg_1507               |   19|   0|   19|          0|
    |result_i16_reg_1556               |   19|   0|   19|          0|
    |result_i17_reg_1580               |   19|   0|   19|          0|
    |result_i18_reg_1604               |   19|   0|   19|          0|
    |result_i19_reg_1628               |   19|   0|   19|          0|
    |result_i1_reg_1170                |   19|   0|   19|          0|
    |result_i20_reg_1652               |   19|   0|   19|          0|
    |result_i21_reg_1676               |   19|   0|   19|          0|
    |result_i22_reg_1700               |   19|   0|   19|          0|
    |result_i23_reg_1724               |   19|   0|   19|          0|
    |result_i24_reg_1748               |   19|   0|   19|          0|
    |result_i25_reg_1771               |   19|   0|   19|          0|
    |result_i26_reg_1794               |   19|   0|   19|          0|
    |result_i27_reg_1817               |   19|   0|   19|          0|
    |result_i28_reg_1840               |   19|   0|   19|          0|
    |result_i2_reg_1193                |   19|   0|   19|          0|
    |result_i3_reg_1147                |   19|   0|   19|          0|
    |result_i4_reg_1362                |   19|   0|   19|          0|
    |result_i5_reg_1242                |   19|   0|   19|          0|
    |result_i6_reg_1266                |   19|   0|   19|          0|
    |result_i8_reg_1315                |   19|   0|   19|          0|
    |result_i9_reg_1339                |   19|   0|   19|          0|
    |result_i_i_reg_1898               |   32|   0|   32|          0|
    |result_i_reg_1123                 |   19|   0|   19|          0|
    |tempOut_load_reg_4996             |   19|   0|   19|          0|
    |tmp_i_i_reg_4932                  |    4|   0|   32|         28|
    +----------------------------------+-----+----+-----+-----------+
    |Total                             | 1501|   0| 1533|         32|
    +----------------------------------+-----+----+-----+-----------+



================================================================
== Interface
================================================================
* Summary: 
+--------------------+-----+-----+------------+--------------+--------------+
|      RTL Ports     | Dir | Bits|  Protocol  | Source Object|    C Type    |
+--------------------+-----+-----+------------+--------------+--------------+
|s_axi_NNIO_AWVALID  |  in |    1|    s_axi   |     NNIO     |     array    |
|s_axi_NNIO_AWREADY  | out |    1|    s_axi   |     NNIO     |     array    |
|s_axi_NNIO_AWADDR   |  in |    6|    s_axi   |     NNIO     |     array    |
|s_axi_NNIO_WVALID   |  in |    1|    s_axi   |     NNIO     |     array    |
|s_axi_NNIO_WREADY   | out |    1|    s_axi   |     NNIO     |     array    |
|s_axi_NNIO_WDATA    |  in |   32|    s_axi   |     NNIO     |     array    |
|s_axi_NNIO_WSTRB    |  in |    4|    s_axi   |     NNIO     |     array    |
|s_axi_NNIO_ARVALID  |  in |    1|    s_axi   |     NNIO     |     array    |
|s_axi_NNIO_ARREADY  | out |    1|    s_axi   |     NNIO     |     array    |
|s_axi_NNIO_ARADDR   |  in |    6|    s_axi   |     NNIO     |     array    |
|s_axi_NNIO_RVALID   | out |    1|    s_axi   |     NNIO     |     array    |
|s_axi_NNIO_RREADY   |  in |    1|    s_axi   |     NNIO     |     array    |
|s_axi_NNIO_RDATA    | out |   32|    s_axi   |     NNIO     |     array    |
|s_axi_NNIO_RRESP    | out |    2|    s_axi   |     NNIO     |     array    |
|s_axi_NNIO_BVALID   | out |    1|    s_axi   |     NNIO     |     array    |
|s_axi_NNIO_BREADY   |  in |    1|    s_axi   |     NNIO     |     array    |
|s_axi_NNIO_BRESP    | out |    2|    s_axi   |     NNIO     |     array    |
|ap_clk              |  in |    1| ap_ctrl_hs |   classify   | return value |
|ap_rst_n            |  in |    1| ap_ctrl_hs |   classify   | return value |
|interrupt           | out |    1| ap_ctrl_hs |   classify   | return value |
+--------------------+-----+-----+------------+--------------+--------------+

