20:22:31 **** Build of project standalone_bsp_0 ****
make -k all 
"Running Make include in ps7_cortexa9_0/libsrc/classify_v1_0/src"
make -C ps7_cortexa9_0/libsrc/classify_v1_0/src -s include  "SHELL=CMD" "COMPILER=arm-none-eabi-gcc" "ARCHIVER=arm-none-eabi-ar" "COMPILER_FLAGS=  -O2 -c" "EXTRA_COMPILER_FLAGS=-mcpu=cortex-a9 -mfpu=vfpv3 -mfloat-abi=hard -nostartfiles -Wall -Wextra"
"Running Make include in ps7_cortexa9_0/libsrc/coresightps_dcc_v1_4/src"
make -C ps7_cortexa9_0/libsrc/coresightps_dcc_v1_4/src -s include  "SHELL=CMD" "COMPILER=arm-none-eabi-gcc" "ARCHIVER=arm-none-eabi-ar" "COMPILER_FLAGS=  -O2 -c" "EXTRA_COMPILER_FLAGS=-mcpu=cortex-a9 -mfpu=vfpv3 -mfloat-abi=hard -nostartfiles -Wall -Wextra"
"Running Make include in ps7_cortexa9_0/libsrc/cpu_cortexa9_v2_4/src"
make -C ps7_cortexa9_0/libsrc/cpu_cortexa9_v2_4/src -s include  "SHELL=CMD" "COMPILER=arm-none-eabi-gcc" "ARCHIVER=arm-none-eabi-ar" "COMPILER_FLAGS=  -O2 -c" "EXTRA_COMPILER_FLAGS=-mcpu=cortex-a9 -mfpu=vfpv3 -mfloat-abi=hard -nostartfiles -Wall -Wextra"
"Running Make include in ps7_cortexa9_0/libsrc/ddrps_v1_0/src"
make -C ps7_cortexa9_0/libsrc/ddrps_v1_0/src -s include  "SHELL=CMD" "COMPILER=arm-none-eabi-gcc" "ARCHIVER=arm-none-eabi-ar" "COMPILER_FLAGS=  -O2 -c" "EXTRA_COMPILER_FLAGS=-mcpu=cortex-a9 -mfpu=vfpv3 -mfloat-abi=hard -nostartfiles -Wall -Wextra"
"Running Make include in ps7_cortexa9_0/libsrc/devcfg_v3_4/src"
make -C ps7_cortexa9_0/libsrc/devcfg_v3_4/src -s include  "SHELL=CMD" "COMPILER=arm-none-eabi-gcc" "ARCHIVER=arm-none-eabi-ar" "COMPILER_FLAGS=  -O2 -c" "EXTRA_COMPILER_FLAGS=-mcpu=cortex-a9 -mfpu=vfpv3 -mfloat-abi=hard -nostartfiles -Wall -Wextra"
"Running Make include in ps7_cortexa9_0/libsrc/dmaps_v2_3/src"
make -C ps7_cortexa9_0/libsrc/dmaps_v2_3/src -s include  "SHELL=CMD" "COMPILER=arm-none-eabi-gcc" "ARCHIVER=arm-none-eabi-ar" "COMPILER_FLAGS=  -O2 -c" "EXTRA_COMPILER_FLAGS=-mcpu=cortex-a9 -mfpu=vfpv3 -mfloat-abi=hard -nostartfiles -Wall -Wextra"
"Running Make include in ps7_cortexa9_0/libsrc/gpio_v4_3/src"
make -C ps7_cortexa9_0/libsrc/gpio_v4_3/src -s include  "SHELL=CMD" "COMPILER=arm-none-eabi-gcc" "ARCHIVER=arm-none-eabi-ar" "COMPILER_FLAGS=  -O2 -c" "EXTRA_COMPILER_FLAGS=-mcpu=cortex-a9 -mfpu=vfpv3 -mfloat-abi=hard -nostartfiles -Wall -Wextra"
"Running Make include in ps7_cortexa9_0/libsrc/gpiops_v3_3/src"
make -C ps7_cortexa9_0/libsrc/gpiops_v3_3/src -s include  "SHELL=CMD" "COMPILER=arm-none-eabi-gcc" "ARCHIVER=arm-none-eabi-ar" "COMPILER_FLAGS=  -O2 -c" "EXTRA_COMPILER_FLAGS=-mcpu=cortex-a9 -mfpu=vfpv3 -mfloat-abi=hard -nostartfiles -Wall -Wextra"
"Running Make include in ps7_cortexa9_0/libsrc/scugic_v3_7/src"
make -C ps7_cortexa9_0/libsrc/scugic_v3_7/src -s include  "SHELL=CMD" "COMPILER=arm-none-eabi-gcc" "ARCHIVER=arm-none-eabi-ar" "COMPILER_FLAGS=  -O2 -c" "EXTRA_COMPILER_FLAGS=-mcpu=cortex-a9 -mfpu=vfpv3 -mfloat-abi=hard -nostartfiles -Wall -Wextra"
"Running Make include in ps7_cortexa9_0/libsrc/scutimer_v2_1/src"
make -C ps7_cortexa9_0/libsrc/scutimer_v2_1/src -s include  "SHELL=CMD" "COMPILER=arm-none-eabi-gcc" "ARCHIVER=arm-none-eabi-ar" "COMPILER_FLAGS=  -O2 -c" "EXTRA_COMPILER_FLAGS=-mcpu=cortex-a9 -mfpu=vfpv3 -mfloat-abi=hard -nostartfiles -Wall -Wextra"
"Running Make include in ps7_cortexa9_0/libsrc/scuwdt_v2_1/src"
make -C ps7_cortexa9_0/libsrc/scuwdt_v2_1/src -s include  "SHELL=CMD" "COMPILER=arm-none-eabi-gcc" "ARCHIVER=arm-none-eabi-ar" "COMPILER_FLAGS=  -O2 -c" "EXTRA_COMPILER_FLAGS=-mcpu=cortex-a9 -mfpu=vfpv3 -mfloat-abi=hard -nostartfiles -Wall -Wextra"
"Running Make include in ps7_cortexa9_0/libsrc/sdps_v3_2/src"
make -C ps7_cortexa9_0/libsrc/sdps_v3_2/src -s include  "SHELL=CMD" "COMPILER=arm-none-eabi-gcc" "ARCHIVER=arm-none-eabi-ar" "COMPILER_FLAGS=  -O2 -c" "EXTRA_COMPILER_FLAGS=-mcpu=cortex-a9 -mfpu=vfpv3 -mfloat-abi=hard -nostartfiles -Wall -Wextra"
"Running Make include in ps7_cortexa9_0/libsrc/standalone_v6_3/src"
make -C ps7_cortexa9_0/libsrc/standalone_v6_3/src -s include  "SHELL=CMD" "COMPILER=arm-none-eabi-gcc" "ARCHIVER=arm-none-eabi-ar" "COMPILER_FLAGS=  -O2 -c" "EXTRA_COMPILER_FLAGS=-mcpu=cortex-a9 -mfpu=vfpv3 -mfloat-abi=hard -nostartfiles -Wall -Wextra"
"Running Make include in ps7_cortexa9_0/libsrc/uartps_v3_4/src"
make -C ps7_cortexa9_0/libsrc/uartps_v3_4/src -s include  "SHELL=CMD" "COMPILER=arm-none-eabi-gcc" "ARCHIVER=arm-none-eabi-ar" "COMPILER_FLAGS=  -O2 -c" "EXTRA_COMPILER_FLAGS=-mcpu=cortex-a9 -mfpu=vfpv3 -mfloat-abi=hard -nostartfiles -Wall -Wextra"
"Running Make include in ps7_cortexa9_0/libsrc/xadcps_v2_2/src"
make -C ps7_cortexa9_0/libsrc/xadcps_v2_2/src -s include  "SHELL=CMD" "COMPILER=arm-none-eabi-gcc" "ARCHIVER=arm-none-eabi-ar" "COMPILER_FLAGS=  -O2 -c" "EXTRA_COMPILER_FLAGS=-mcpu=cortex-a9 -mfpu=vfpv3 -mfloat-abi=hard -nostartfiles -Wall -Wextra"
"Running Make include in ps7_cortexa9_0/libsrc/xilffs_v3_6/src"
make -C ps7_cortexa9_0/libsrc/xilffs_v3_6/src -s include  "SHELL=CMD" "COMPILER=arm-none-eabi-gcc" "ARCHIVER=arm-none-eabi-ar" "COMPILER_FLAGS=  -O2 -c" "EXTRA_COMPILER_FLAGS=-mcpu=cortex-a9 -mfpu=vfpv3 -mfloat-abi=hard -nostartfiles -Wall -Wextra"
"Running Make libs in ps7_cortexa9_0/libsrc/classify_v1_0/src"
make -C ps7_cortexa9_0/libsrc/classify_v1_0/src -s libs  "SHELL=CMD" "COMPILER=arm-none-eabi-gcc" "ARCHIVER=arm-none-eabi-ar" "COMPILER_FLAGS=  -O2 -c" "EXTRA_COMPILER_FLAGS=-mcpu=cortex-a9 -mfpu=vfpv3 -mfloat-abi=hard -nostartfiles -Wall -Wextra"
"Compiling classify"
arm-none-eabi-ar: creating ../../../lib/libxil.a
"Running Make libs in ps7_cortexa9_0/libsrc/coresightps_dcc_v1_4/src"
make -C ps7_cortexa9_0/libsrc/coresightps_dcc_v1_4/src -s libs  "SHELL=CMD" "COMPILER=arm-none-eabi-gcc" "ARCHIVER=arm-none-eabi-ar" "COMPILER_FLAGS=  -O2 -c" "EXTRA_COMPILER_FLAGS=-mcpu=cortex-a9 -mfpu=vfpv3 -mfloat-abi=hard -nostartfiles -Wall -Wextra"
"Compiling coresightps_dcc"
"Running Make libs in ps7_cortexa9_0/libsrc/cpu_cortexa9_v2_4/src"
make -C ps7_cortexa9_0/libsrc/cpu_cortexa9_v2_4/src -s libs  "SHELL=CMD" "COMPILER=arm-none-eabi-gcc" "ARCHIVER=arm-none-eabi-ar" "COMPILER_FLAGS=  -O2 -c" "EXTRA_COMPILER_FLAGS=-mcpu=cortex-a9 -mfpu=vfpv3 -mfloat-abi=hard -nostartfiles -Wall -Wextra"
"Compiling cpu_cortexa9"
"Running Make libs in ps7_cortexa9_0/libsrc/ddrps_v1_0/src"
make -C ps7_cortexa9_0/libsrc/ddrps_v1_0/src -s libs  "SHELL=CMD" "COMPILER=arm-none-eabi-gcc" "ARCHIVER=arm-none-eabi-ar" "COMPILER_FLAGS=  -O2 -c" "EXTRA_COMPILER_FLAGS=-mcpu=cortex-a9 -mfpu=vfpv3 -mfloat-abi=hard -nostartfiles -Wall -Wextra"
"Compiling ddrps"
"Running Make libs in ps7_cortexa9_0/libsrc/devcfg_v3_4/src"
make -C ps7_cortexa9_0/libsrc/devcfg_v3_4/src -s libs  "SHELL=CMD" "COMPILER=arm-none-eabi-gcc" "ARCHIVER=arm-none-eabi-ar" "COMPILER_FLAGS=  -O2 -c" "EXTRA_COMPILER_FLAGS=-mcpu=cortex-a9 -mfpu=vfpv3 -mfloat-abi=hard -nostartfiles -Wall -Wextra"
"Compiling devcfg"
"Running Make libs in ps7_cortexa9_0/libsrc/dmaps_v2_3/src"
make -C ps7_cortexa9_0/libsrc/dmaps_v2_3/src -s libs  "SHELL=CMD" "COMPILER=arm-none-eabi-gcc" "ARCHIVER=arm-none-eabi-ar" "COMPILER_FLAGS=  -O2 -c" "EXTRA_COMPILER_FLAGS=-mcpu=cortex-a9 -mfpu=vfpv3 -mfloat-abi=hard -nostartfiles -Wall -Wextra"
"Compiling dmaps"
"Running Make libs in ps7_cortexa9_0/libsrc/gpio_v4_3/src"
make -C ps7_cortexa9_0/libsrc/gpio_v4_3/src -s libs  "SHELL=CMD" "COMPILER=arm-none-eabi-gcc" "ARCHIVER=arm-none-eabi-ar" "COMPILER_FLAGS=  -O2 -c" "EXTRA_COMPILER_FLAGS=-mcpu=cortex-a9 -mfpu=vfpv3 -mfloat-abi=hard -nostartfiles -Wall -Wextra"
"Compiling gpio"
"Running Make libs in ps7_cortexa9_0/libsrc/gpiops_v3_3/src"
make -C ps7_cortexa9_0/libsrc/gpiops_v3_3/src -s libs  "SHELL=CMD" "COMPILER=arm-none-eabi-gcc" "ARCHIVER=arm-none-eabi-ar" "COMPILER_FLAGS=  -O2 -c" "EXTRA_COMPILER_FLAGS=-mcpu=cortex-a9 -mfpu=vfpv3 -mfloat-abi=hard -nostartfiles -Wall -Wextra"
"Compiling gpiops"
"Running Make libs in ps7_cortexa9_0/libsrc/scugic_v3_7/src"
make -C ps7_cortexa9_0/libsrc/scugic_v3_7/src -s libs  "SHELL=CMD" "COMPILER=arm-none-eabi-gcc" "ARCHIVER=arm-none-eabi-ar" "COMPILER_FLAGS=  -O2 -c" "EXTRA_COMPILER_FLAGS=-mcpu=cortex-a9 -mfpu=vfpv3 -mfloat-abi=hard -nostartfiles -Wall -Wextra"
"Compiling scugic"
xscugic_g.c:53:2: warning: missing initializer for field 'HandlerTable' of 'XScuGic_Config {aka struct <anonymous>}' [-Wmissing-field-initializers]
  }
  ^
In file included from xscugic_g.c:41:0:
xscugic.h:218:27: note: 'HandlerTable' declared here
  XScuGic_VectorTableEntry HandlerTable[XSCUGIC_MAX_NUM_INTR_INPUTS];/**<
                           ^~~~~~~~~~~~
"Running Make libs in ps7_cortexa9_0/libsrc/scutimer_v2_1/src"
make -C ps7_cortexa9_0/libsrc/scutimer_v2_1/src -s libs  "SHELL=CMD" "COMPILER=arm-none-eabi-gcc" "ARCHIVER=arm-none-eabi-ar" "COMPILER_FLAGS=  -O2 -c" "EXTRA_COMPILER_FLAGS=-mcpu=cortex-a9 -mfpu=vfpv3 -mfloat-abi=hard -nostartfiles -Wall -Wextra"
"Compiling scutimer"
"Running Make libs in ps7_cortexa9_0/libsrc/scuwdt_v2_1/src"
make -C ps7_cortexa9_0/libsrc/scuwdt_v2_1/src -s libs  "SHELL=CMD" "COMPILER=arm-none-eabi-gcc" "ARCHIVER=arm-none-eabi-ar" "COMPILER_FLAGS=  -O2 -c" "EXTRA_COMPILER_FLAGS=-mcpu=cortex-a9 -mfpu=vfpv3 -mfloat-abi=hard -nostartfiles -Wall -Wextra"
"Compiling scuwdt"
"Running Make libs in ps7_cortexa9_0/libsrc/sdps_v3_2/src"
make -C ps7_cortexa9_0/libsrc/sdps_v3_2/src -s libs  "SHELL=CMD" "COMPILER=arm-none-eabi-gcc" "ARCHIVER=arm-none-eabi-ar" "COMPILER_FLAGS=  -O2 -c" "EXTRA_COMPILER_FLAGS=-mcpu=cortex-a9 -mfpu=vfpv3 -mfloat-abi=hard -nostartfiles -Wall -Wextra"
"Compiling sdps"
"Running Make libs in ps7_cortexa9_0/libsrc/standalone_v6_3/src"
make -C ps7_cortexa9_0/libsrc/standalone_v6_3/src -s libs  "SHELL=CMD" "COMPILER=arm-none-eabi-gcc" "ARCHIVER=arm-none-eabi-ar" "COMPILER_FLAGS=  -O2 -c" "EXTRA_COMPILER_FLAGS=-mcpu=cortex-a9 -mfpu=vfpv3 -mfloat-abi=hard -nostartfiles -Wall -Wextra"
"Compiling standalone"
"Running Make libs in ps7_cortexa9_0/libsrc/uartps_v3_4/src"
make -C ps7_cortexa9_0/libsrc/uartps_v3_4/src -s libs  "SHELL=CMD" "COMPILER=arm-none-eabi-gcc" "ARCHIVER=arm-none-eabi-ar" "COMPILER_FLAGS=  -O2 -c" "EXTRA_COMPILER_FLAGS=-mcpu=cortex-a9 -mfpu=vfpv3 -mfloat-abi=hard -nostartfiles -Wall -Wextra"
"Compiling uartps"
"Running Make libs in ps7_cortexa9_0/libsrc/xadcps_v2_2/src"
make -C ps7_cortexa9_0/libsrc/xadcps_v2_2/src -s libs  "SHELL=CMD" "COMPILER=arm-none-eabi-gcc" "ARCHIVER=arm-none-eabi-ar" "COMPILER_FLAGS=  -O2 -c" "EXTRA_COMPILER_FLAGS=-mcpu=cortex-a9 -mfpu=vfpv3 -mfloat-abi=hard -nostartfiles -Wall -Wextra"
"Compiling xadcps"
"Running Make libs in ps7_cortexa9_0/libsrc/xilffs_v3_6/src"
make -C ps7_cortexa9_0/libsrc/xilffs_v3_6/src -s libs  "SHELL=CMD" "COMPILER=arm-none-eabi-gcc" "ARCHIVER=arm-none-eabi-ar" "COMPILER_FLAGS=  -O2 -c" "EXTRA_COMPILER_FLAGS=-mcpu=cortex-a9 -mfpu=vfpv3 -mfloat-abi=hard -nostartfiles -Wall -Wextra"
"Compiling XilFFs Library"
diskio.c:135:11: warning: 'ExtCsd' defined but not used [-Wunused-variable]
 static u8 ExtCsd[512] __attribute__ ((aligned(32)));
           ^~~~~~
ff.c: In function 'find_volume':
ff.c:2610:4: warning: dereferencing type-punned pointer will break strict-aliasing rules [-Wstrict-aliasing]
    && (LD_DWORD(fs->win+FSI_LeadSig) == 0x41615252U)
    ^~
'Finished building libraries'

**** Build of configuration Debug for project NNapp ****

Nothing to build for project NNapp
20:43:21 **** Build of configuration Debug for project standalone_bsp_0_xgpio_example_1 ****
make pre-build main-build 
a9-linaro-pre-build-step
' '
'Building file: ../src/xgpio_example.c'
'Invoking: ARM v7 gcc compiler'
arm-none-eabi-gcc -Wall -O0 -g3 -c -fmessage-length=0 -MT"src/xgpio_example.o" -mcpu=cortex-a9 -mfpu=vfpv3 -mfloat-abi=hard -I../../standalone_bsp_0/ps7_cortexa9_0/include -MMD -MP -MF"src/xgpio_example.d" -MT"src/xgpio_example.o" -o "src/xgpio_example.o" "../src/xgpio_example.c"
'Finished building: ../src/xgpio_example.c'
' '
'Building target: standalone_bsp_0_xgpio_example_1.elf'
'Invoking: ARM v7 gcc linker'
arm-none-eabi-gcc -mcpu=cortex-a9 -mfpu=vfpv3 -mfloat-abi=hard -Wl,-build-id=none -specs=Xilinx.spec -Wl,-T -Wl,../src/lscript.ld -L../../standalone_bsp_0/ps7_cortexa9_0/lib -o "standalone_bsp_0_xgpio_example_1.elf"  ./src/xgpio_example.o   -Wl,--start-group,-lxil,-lgcc,-lc,--end-group -Wl,--start-group,-lxilffs,-lxil,-lgcc,-lc,--end-group
'Finished building target: standalone_bsp_0_xgpio_example_1.elf'
' '
'Invoking: ARM v7 Print Size'
arm-none-eabi-size standalone_bsp_0_xgpio_example_1.elf  |tee "standalone_bsp_0_xgpio_example_1.elf.size"
   text	   data	    bss	    dec	    hex	filename
  23776	   1188	  22600	  47564	   b9cc	standalone_bsp_0_xgpio_example_1.elf
'Finished building: standalone_bsp_0_xgpio_example_1.elf.size'
' '
20:43:27 **** Auto Build of configuration Debug for project standalone_bsp_0_xgpio_example_1 ****
make pre-build main-build 
a9-linaro-pre-build-step
' '
make: Nothing to be done for `main-build'.
20:44:15 **** Build of configuration Debug for project standalone_bsp_0_xgpio_example_2 ****
make pre-build main-build 
a9-linaro-pre-build-step
' '
'Building file: ../src/xgpio_example.c'
'Invoking: ARM v7 gcc compiler'
arm-none-eabi-gcc -Wall -O0 -g3 -c -fmessage-length=0 -MT"src/xgpio_example.o" -mcpu=cortex-a9 -mfpu=vfpv3 -mfloat-abi=hard -I../../standalone_bsp_0/ps7_cortexa9_0/include -MMD -MP -MF"src/xgpio_example.d" -MT"src/xgpio_example.o" -o "src/xgpio_example.o" "../src/xgpio_example.c"
'Finished building: ../src/xgpio_example.c'
' '
'Building target: standalone_bsp_0_xgpio_example_2.elf'
'Invoking: ARM v7 gcc linker'
arm-none-eabi-gcc -mcpu=cortex-a9 -mfpu=vfpv3 -mfloat-abi=hard -Wl,-build-id=none -specs=Xilinx.spec -Wl,-T -Wl,../src/lscript.ld -L../../standalone_bsp_0/ps7_cortexa9_0/lib -o "standalone_bsp_0_xgpio_example_2.elf"  ./src/xgpio_example.o   -Wl,--start-group,-lxil,-lgcc,-lc,--end-group -Wl,--start-group,-lxilffs,-lxil,-lgcc,-lc,--end-group
'Finished building target: standalone_bsp_0_xgpio_example_2.elf'
' '
'Invoking: ARM v7 Print Size'
arm-none-eabi-size standalone_bsp_0_xgpio_example_2.elf  |tee "standalone_bsp_0_xgpio_example_2.elf.size"
   text	   data	    bss	    dec	    hex	filename
  23776	   1188	  22600	  47564	   b9cc	standalone_bsp_0_xgpio_example_2.elf
'Finished building: standalone_bsp_0_xgpio_example_2.elf.size'
' '
20:44:18 **** Auto Build of configuration Debug for project standalone_bsp_0_xgpio_example_2 ****
make pre-build main-build 
a9-linaro-pre-build-step
' '
make: Nothing to be done for `main-build'.
20:49:49 **** Auto Build of configuration Debug for project NNapp ****
make pre-build main-build 
a9-linaro-pre-build-step
' '
'Building file: ../src/main.c'
'Invoking: ARM v7 gcc compiler'
arm-none-eabi-gcc -Wall -O0 -g3 -c -fmessage-length=0 -MT"src/main.o" -mcpu=cortex-a9 -mfpu=vfpv3 -mfloat-abi=hard -I../../standalone_bsp_0/ps7_cortexa9_0/include -MMD -MP -MF"src/main.d" -MT"src/main.o" -o "src/main.o" "../src/main.c"
'Finished building: ../src/main.c'
' '
'Building target: NNapp.elf'
'Invoking: ARM v7 gcc linker'
arm-none-eabi-gcc -mcpu=cortex-a9 -mfpu=vfpv3 -mfloat-abi=hard -Wl,-build-id=none -specs=Xilinx.spec -Wl,-T -Wl,../src/lscript.ld -L../../standalone_bsp_0/ps7_cortexa9_0/lib -o "NNapp.elf"  ./src/main.o   -Wl,--start-group,-lxil,-lgcc,-lc,--end-group -Wl,--start-group,-lxilffs,-lxil,-lgcc,-lc,--end-group
../../standalone_bsp_0/ps7_cortexa9_0/lib\libxil.a(xil-crt0.o): In function `_start':
xil-crt0.S:(.text+0x68): undefined reference to `main'
collect2.exe: error: ld returned 1 exit status
make: *** [NNapp.elf] Error 1
20:49:52 **** Auto Build of configuration Debug for project NNapp ****
make pre-build main-build 
a9-linaro-pre-build-step
' '
'Building target: NNapp.elf'
'Invoking: ARM v7 gcc linker'
arm-none-eabi-gcc -mcpu=cortex-a9 -mfpu=vfpv3 -mfloat-abi=hard -Wl,-build-id=none -specs=Xilinx.spec -Wl,-T -Wl,../src/lscript.ld -L../../standalone_bsp_0/ps7_cortexa9_0/lib -o "NNapp.elf"  ./src/main.o   -Wl,--start-group,-lxil,-lgcc,-lc,--end-group -Wl,--start-group,-lxilffs,-lxil,-lgcc,-lc,--end-group
../../standalone_bsp_0/ps7_cortexa9_0/lib\libxil.a(xil-crt0.o): In function `_start':
xil-crt0.S:(.text+0x68): undefined reference to `main'
collect2.exe: error: ld returned 1 exit status
make: *** [NNapp.elf] Error 1
20:50:28 **** Auto Build of configuration Debug for project NNapp ****
make pre-build main-build 
a9-linaro-pre-build-step
' '
'Building file: ../src/main.c'
'Invoking: ARM v7 gcc compiler'
arm-none-eabi-gcc -Wall -O0 -g3 -c -fmessage-length=0 -MT"src/main.o" -mcpu=cortex-a9 -mfpu=vfpv3 -mfloat-abi=hard -I../../standalone_bsp_0/ps7_cortexa9_0/include -MMD -MP -MF"src/main.d" -MT"src/main.o" -o "src/main.o" "../src/main.c"
../src/main.c: In function 'main':
../src/main.c:15:11: warning: implicit declaration of function 'XGpio_Initialize' [-Wimplicit-function-declaration]
  Status = XGpio_Initialize(&Gpio, GPIO_EXAMPLE_DEVICE_ID);
           ^~~~~~~~~~~~~~~~
../src/main.c:15:29: error: 'Gpio' undeclared (first use in this function)
  Status = XGpio_Initialize(&Gpio, GPIO_EXAMPLE_DEVICE_ID);
                             ^~~~
../src/main.c:15:29: note: each undeclared identifier is reported only once for each function it appears in
../src/main.c:15:35: error: 'GPIO_EXAMPLE_DEVICE_ID' undeclared (first use in this function)
  Status = XGpio_Initialize(&Gpio, GPIO_EXAMPLE_DEVICE_ID);
                                   ^~~~~~~~~~~~~~~~~~~~~~
../src/main.c:16:16: error: 'XST_SUCCESS' undeclared (first use in this function)
  if (Status != XST_SUCCESS) {
                ^~~~~~~~~~~
../src/main.c:17:3: warning: implicit declaration of function 'xil_printf' [-Wimplicit-function-declaration]
   xil_printf("Gpio Initialization Failed\r\n");
   ^~~~~~~~~~
../src/main.c:18:10: error: 'XST_FAILURE' undeclared (first use in this function)
   return XST_FAILURE;
          ^~~~~~~~~~~
../src/main.c:22:2: warning: implicit declaration of function 'XGpio_SetDataDirection' [-Wimplicit-function-declaration]
  XGpio_SetDataDirection(&Gpio, LED_CHANNEL, ~LED);
  ^~~~~~~~~~~~~~~~~~~~~~
../src/main.c:22:32: error: 'LED_CHANNEL' undeclared (first use in this function)
  XGpio_SetDataDirection(&Gpio, LED_CHANNEL, ~LED);
                                ^~~~~~~~~~~
../src/main.c:22:46: error: 'LED' undeclared (first use in this function)
  XGpio_SetDataDirection(&Gpio, LED_CHANNEL, ~LED);
                                              ^~~
../src/main.c:28:3: warning: implicit declaration of function 'XGpio_DiscreteWrite' [-Wimplicit-function-declaration]
   XGpio_DiscreteWrite(&Gpio, LED_CHANNEL, LED);
   ^~~~~~~~~~~~~~~~~~~
../src/main.c:31:27: error: 'LED_DELAY' undeclared (first use in this function)
   for (Delay = 0; Delay < LED_DELAY; Delay++);
                           ^~~~~~~~~
../src/main.c:34:3: warning: implicit declaration of function 'XGpio_DiscreteClear' [-Wimplicit-function-declaration]
   XGpio_DiscreteClear(&Gpio, LED_CHANNEL, LED);
   ^~~~~~~~~~~~~~~~~~~
make: *** [src/main.o] Error 1
20:50:54 **** Auto Build of configuration Debug for project NNapp ****
make pre-build main-build 
a9-linaro-pre-build-step
' '
'Building file: ../src/main.c'
'Invoking: ARM v7 gcc compiler'
arm-none-eabi-gcc -Wall -O0 -g3 -c -fmessage-length=0 -MT"src/main.o" -mcpu=cortex-a9 -mfpu=vfpv3 -mfloat-abi=hard -I../../standalone_bsp_0/ps7_cortexa9_0/include -MMD -MP -MF"src/main.d" -MT"src/main.o" -o "src/main.o" "../src/main.c"
../src/main.c:8:1: error: unknown type name 'XGpio'
 XGpio btn
 ^~~~~
../src/main.c:10:1: error: expected '=', ',', ';', 'asm' or '__attribute__' before 'int'
 int main(void)
 ^~~
make: *** [src/main.o] Error 1
20:50:56 **** Auto Build of configuration Debug for project NNapp ****
make pre-build main-build 
a9-linaro-pre-build-step
' '
'Building file: ../src/main.c'
'Invoking: ARM v7 gcc compiler'
arm-none-eabi-gcc -Wall -O0 -g3 -c -fmessage-length=0 -MT"src/main.o" -mcpu=cortex-a9 -mfpu=vfpv3 -mfloat-abi=hard -I../../standalone_bsp_0/ps7_cortexa9_0/include -MMD -MP -MF"src/main.d" -MT"src/main.o" -o "src/main.o" "../src/main.c"
../src/main.c:8:1: error: unknown type name 'XGpio'
 XGpio btn;
 ^~~~~
../src/main.c: In function 'main':
../src/main.c:16:11: warning: implicit declaration of function 'XGpio_Initialize' [-Wimplicit-function-declaration]
  Status = XGpio_Initialize(&Gpio, GPIO_EXAMPLE_DEVICE_ID);
           ^~~~~~~~~~~~~~~~
../src/main.c:16:29: error: 'Gpio' undeclared (first use in this function)
  Status = XGpio_Initialize(&Gpio, GPIO_EXAMPLE_DEVICE_ID);
                             ^~~~
../src/main.c:16:29: note: each undeclared identifier is reported only once for each function it appears in
../src/main.c:16:35: error: 'GPIO_EXAMPLE_DEVICE_ID' undeclared (first use in this function)
  Status = XGpio_Initialize(&Gpio, GPIO_EXAMPLE_DEVICE_ID);
                                   ^~~~~~~~~~~~~~~~~~~~~~
../src/main.c:17:16: error: 'XST_SUCCESS' undeclared (first use in this function)
  if (Status != XST_SUCCESS) {
                ^~~~~~~~~~~
../src/main.c:18:3: warning: implicit declaration of function 'xil_printf' [-Wimplicit-function-declaration]
   xil_printf("Gpio Initialization Failed\r\n");
   ^~~~~~~~~~
../src/main.c:19:10: error: 'XST_FAILURE' undeclared (first use in this function)
   return XST_FAILURE;
          ^~~~~~~~~~~
../src/main.c:23:2: warning: implicit declaration of function 'XGpio_SetDataDirection' [-Wimplicit-function-declaration]
  XGpio_SetDataDirection(&Gpio, LED_CHANNEL, ~LED);
  ^~~~~~~~~~~~~~~~~~~~~~
../src/main.c:23:32: error: 'LED_CHANNEL' undeclared (first use in this function)
  XGpio_SetDataDirection(&Gpio, LED_CHANNEL, ~LED);
                                ^~~~~~~~~~~
../src/main.c:23:46: error: 'LED' undeclared (first use in this function)
  XGpio_SetDataDirection(&Gpio, LED_CHANNEL, ~LED);
                                              ^~~
../src/main.c:29:3: warning: implicit declaration of function 'XGpio_DiscreteWrite' [-Wimplicit-function-declaration]
   XGpio_DiscreteWrite(&Gpio, LED_CHANNEL, LED);
   ^~~~~~~~~~~~~~~~~~~
../src/main.c:32:27: error: 'LED_DELAY' undeclared (first use in this function)
   for (Delay = 0; Delay < LED_DELAY; Delay++);
                           ^~~~~~~~~
../src/main.c:35:3: warning: implicit declaration of function 'XGpio_DiscreteClear' [-Wimplicit-function-declaration]
   XGpio_DiscreteClear(&Gpio, LED_CHANNEL, LED);
   ^~~~~~~~~~~~~~~~~~~
make: *** [src/main.o] Error 1
20:51:31 **** Auto Build of configuration Debug for project NNapp ****
make pre-build main-build 
a9-linaro-pre-build-step
' '
'Building file: ../src/main.c'
../src/main.c: In function 'main':
../src/main.c:18:29: error: 'Gpio' undeclared (first use in this function)
'Invoking: ARM v7 gcc compiler'
  Status = XGpio_Initialize(&Gpio, GPIO_EXAMPLE_DEVICE_ID);
arm-none-eabi-gcc -Wall -O0 -g3 -c -fmessage-length=0 -MT"src/main.o" -mcpu=cortex-a9 -mfpu=vfpv3 -mfloat-abi=hard -I../../standalone_bsp_0/ps7_cortexa9_0/include -MMD -MP -MF"src/main.d" -MT"src/main.o" -o "src/main.o" "../src/main.c"
                             ^~~~
../src/main.c:18:29: note: each undeclared identifier is reported only once for each function it appears in
../src/main.c:18:35: error: 'GPIO_EXAMPLE_DEVICE_ID' undeclared (first use in this function)
  Status = XGpio_Initialize(&Gpio, GPIO_EXAMPLE_DEVICE_ID);
                                   ^~~~~~~~~~~~~~~~~~~~~~
../src/main.c:25:32: error: 'LED_CHANNEL' undeclared (first use in this function)
  XGpio_SetDataDirection(&Gpio, LED_CHANNEL, ~LED);
                                ^~~~~~~~~~~
../src/main.c:25:46: error: 'LED' undeclared (first use in this function)
  XGpio_SetDataDirection(&Gpio, LED_CHANNEL, ~LED);
                                              ^~~
../src/main.c:34:27: error: 'LED_DELAY' undeclared (first use in this function)
   for (Delay = 0; Delay < LED_DELAY; Delay++);
                           ^~~~~~~~~
make: *** [src/main.o] Error 1
20:51:35 **** Auto Build of configuration Debug for project NNapp ****
make pre-build main-build 
a9-linaro-pre-build-step
' '
'Building file: ../src/main.c'
'Invoking: ARM v7 gcc compiler'
arm-none-eabi-gcc -Wall -O0 -g3 -c -fmessage-length=0 -MT"src/main.o" -mcpu=cortex-a9 -mfpu=vfpv3 -mfloat-abi=hard -I../../standalone_bsp_0/ps7_cortexa9_0/include -MMD -MP -MF"src/main.d" -MT"src/main.o" -o "src/main.o" "../src/main.c"
../src/main.c: In function 'main':
../src/main.c:19:29: error: 'Gpio' undeclared (first use in this function)
  Status = XGpio_Initialize(&Gpio, GPIO_EXAMPLE_DEVICE_ID);
                             ^~~~
../src/main.c:19:29: note: each undeclared identifier is reported only once for each function it appears in
../src/main.c:19:35: error: 'GPIO_EXAMPLE_DEVICE_ID' undeclared (first use in this function)
  Status = XGpio_Initialize(&Gpio, GPIO_EXAMPLE_DEVICE_ID);
                                   ^~~~~~~~~~~~~~~~~~~~~~
../src/main.c:26:32: error: 'LED_CHANNEL' undeclared (first use in this function)
  XGpio_SetDataDirection(&Gpio, LED_CHANNEL, ~LED);
                                ^~~~~~~~~~~
../src/main.c:26:46: error: 'LED' undeclared (first use in this function)
  XGpio_SetDataDirection(&Gpio, LED_CHANNEL, ~LED);
                                              ^~~
../src/main.c:35:27: error: 'LED_DELAY' undeclared (first use in this function)
   for (Delay = 0; Delay < LED_DELAY; Delay++);
                           ^~~~~~~~~
make: *** [src/main.o] Error 1
20:51:55 **** Auto Build of configuration Debug for project NNapp ****
make pre-build main-build 
a9-linaro-pre-build-step
' '
'Building file: ../src/main.c'
'Invoking: ARM v7 gcc compiler'
arm-none-eabi-gcc -Wall -O0 -g3 -c -fmessage-length=0 -MT"src/main.o" -mcpu=cortex-a9 -mfpu=vfpv3 -mfloat-abi=hard -I../../standalone_bsp_0/ps7_cortexa9_0/include -MMD -MP -MF"src/main.d" -MT"src/main.o" -o "src/main.o" "../src/main.c"
../src/main.c: In function 'main':
../src/main.c:19:29: error: 'Gpio' undeclared (first use in this function)
  Status = XGpio_Initialize(&Gpio,  XPAR_GPIO_0_DEVICE_ID);
                             ^~~~
../src/main.c:19:29: note: each undeclared identifier is reported only once for each function it appears in
../src/main.c:26:32: error: 'LED_CHANNEL' undeclared (first use in this function)
  XGpio_SetDataDirection(&Gpio, LED_CHANNEL, ~LED);
                                ^~~~~~~~~~~
../src/main.c:26:46: error: 'LED' undeclared (first use in this function)
  XGpio_SetDataDirection(&Gpio, LED_CHANNEL, ~LED);
                                              ^~~
../src/main.c:35:27: error: 'LED_DELAY' undeclared (first use in this function)
   for (Delay = 0; Delay < LED_DELAY; Delay++);
                           ^~~~~~~~~
make: *** [src/main.o] Error 1
20:53:08 **** Auto Build of configuration Debug for project NNapp ****
make pre-build main-build 
a9-linaro-pre-build-step
' '
'Building file: ../src/main.c'
'Invoking: ARM v7 gcc compiler'
arm-none-eabi-gcc -Wall -O0 -g3 -c -fmessage-length=0 -MT"src/main.o" -mcpu=cortex-a9 -mfpu=vfpv3 -mfloat-abi=hard -I../../standalone_bsp_0/ps7_cortexa9_0/include -MMD -MP -MF"src/main.d" -MT"src/main.o" -o "src/main.o" "../src/main.c"
../src/main.c: In function 'main':
../src/main.c:26:26: error: 'Gpio' undeclared (first use in this function)
  XGpio_SetDataDirection(&Gpio, LED_CHANNEL, ~LED);
                          ^~~~
../src/main.c:26:26: note: each undeclared identifier is reported only once for each function it appears in
../src/main.c:26:32: error: 'LED_CHANNEL' undeclared (first use in this function)
  XGpio_SetDataDirection(&Gpio, LED_CHANNEL, ~LED);
                                ^~~~~~~~~~~
../src/main.c:26:46: error: 'LED' undeclared (first use in this function)
  XGpio_SetDataDirection(&Gpio, LED_CHANNEL, ~LED);
                                              ^~~
../src/main.c:35:27: error: 'LED_DELAY' undeclared (first use in this function)
   for (Delay = 0; Delay < LED_DELAY; Delay++);
                           ^~~~~~~~~
make: *** [src/main.o] Error 1
20:53:16 **** Auto Build of configuration Debug for project NNapp ****
make pre-build main-build 
a9-linaro-pre-build-step
' '
'Building file: ../src/main.c'
'Invoking: ARM v7 gcc compiler'
arm-none-eabi-gcc -Wall -O0 -g3 -c -fmessage-length=0 -MT"src/main.o" -mcpu=cortex-a9 -mfpu=vfpv3 -mfloat-abi=hard -I../../standalone_bsp_0/ps7_cortexa9_0/include -MMD -MP -MF"src/main.d" -MT"src/main.o" -o "src/main.o" "../src/main.c"
../src/main.c: In function 'main':
../src/main.c:26:31: error: 'LED_CHANNEL' undeclared (first use in this function)
  XGpio_SetDataDirection(&btn, LED_CHANNEL, ~LED);
                               ^~~~~~~~~~~
../src/main.c:26:31: note: each undeclared identifier is reported only once for each function it appears in
../src/main.c:26:45: error: 'LED' undeclared (first use in this function)
  XGpio_SetDataDirection(&btn, LED_CHANNEL, ~LED);
                                             ^~~
../src/main.c:32:24: error: 'Gpio' undeclared (first use in this function)
   XGpio_DiscreteWrite(&Gpio, LED_CHANNEL, LED);
                        ^~~~
../src/main.c:35:27: error: 'LED_DELAY' undeclared (first use in this function)
   for (Delay = 0; Delay < LED_DELAY; Delay++);
                           ^~~~~~~~~
make: *** [src/main.o] Error 1
20:54:33 **** Auto Build of configuration Debug for project NNapp ****
make pre-build main-build 
a9-linaro-pre-build-step
' '
'Building file: ../src/main.c'
'Invoking: ARM v7 gcc compiler'
arm-none-eabi-gcc -Wall -O0 -g3 -c -fmessage-length=0 -MT"src/main.o" -mcpu=cortex-a9 -mfpu=vfpv3 -mfloat-abi=hard -I../../standalone_bsp_0/ps7_cortexa9_0/include -MMD -MP -MF"src/main.d" -MT"src/main.o" -o "src/main.o" "../src/main.c"
../src/main.c: In function 'main':
../src/main.c:32:24: error: 'Gpio' undeclared (first use in this function)
   XGpio_DiscreteWrite(&Gpio, LED_CHANNEL, LED);
                        ^~~~
../src/main.c:32:24: note: each undeclared identifier is reported only once for each function it appears in
../src/main.c:32:30: error: 'LED_CHANNEL' undeclared (first use in this function)
   XGpio_DiscreteWrite(&Gpio, LED_CHANNEL, LED);
                              ^~~~~~~~~~~
../src/main.c:32:43: error: 'LED' undeclared (first use in this function)
   XGpio_DiscreteWrite(&Gpio, LED_CHANNEL, LED);
                                           ^~~
../src/main.c:35:27: error: 'LED_DELAY' undeclared (first use in this function)
   for (Delay = 0; Delay < LED_DELAY; Delay++);
                           ^~~~~~~~~
make: *** [src/main.o] Error 1
20:54:38 **** Auto Build of configuration Debug for project NNapp ****
make pre-build main-build 
a9-linaro-pre-build-step
' '
'Building file: ../src/main.c'
'Invoking: ARM v7 gcc compiler'
arm-none-eabi-gcc -Wall -O0 -g3 -c -fmessage-length=0 -MT"src/main.o" -mcpu=cortex-a9 -mfpu=vfpv3 -mfloat-abi=hard -I../../standalone_bsp_0/ps7_cortexa9_0/include -MMD -MP -MF"src/main.d" -MT"src/main.o" -o "src/main.o" "../src/main.c"
../src/main.c: In function 'main':
../src/main.c:32:24: error: 'Gpio' undeclared (first use in this function)
   XGpio_DiscreteWrite(&Gpio, LED_CHANNEL, LED);
                        ^~~~
../src/main.c:32:24: note: each undeclared identifier is reported only once for each function it appears in
../src/main.c:32:30: error: 'LED_CHANNEL' undeclared (first use in this function)
   XGpio_DiscreteWrite(&Gpio, LED_CHANNEL, LED);
                              ^~~~~~~~~~~
../src/main.c:32:43: error: 'LED' undeclared (first use in this function)
   XGpio_DiscreteWrite(&Gpio, LED_CHANNEL, LED);
                                           ^~~
../src/main.c:35:27: error: 'LED_DELAY' undeclared (first use in this function)
   for (Delay = 0; Delay < LED_DELAY; Delay++);
                           ^~~~~~~~~
make: *** [src/main.o] Error 1
20:54:57 **** Auto Build of configuration Debug for project NNapp ****
make pre-build main-build 
a9-linaro-pre-build-step
' '
'Building file: ../src/main.c'
'Invoking: ARM v7 gcc compiler'
arm-none-eabi-gcc -Wall -O0 -g3 -c -fmessage-length=0 -MT"src/main.o" -mcpu=cortex-a9 -mfpu=vfpv3 -mfloat-abi=hard -I../../standalone_bsp_0/ps7_cortexa9_0/include -MMD -MP -MF"src/main.d" -MT"src/main.o" -o "src/main.o" "../src/main.c"
../src/main.c: In function 'main':
../src/main.c:32:28: error: 'LED_CHANNEL' undeclared (first use in this function)
   XGpio_DiscreteRead(&btn, LED_CHANNEL, LED);
                            ^~~~~~~~~~~
../src/main.c:32:28: note: each undeclared identifier is reported only once for each function it appears in
../src/main.c:32:41: error: 'LED' undeclared (first use in this function)
   XGpio_DiscreteRead(&btn, LED_CHANNEL, LED);
                                         ^~~
../src/main.c:32:3: error: too many arguments to function 'XGpio_DiscreteRead'
   XGpio_DiscreteRead(&btn, LED_CHANNEL, LED);
   ^~~~~~~~~~~~~~~~~~
In file included from ../src/main.c:8:0:
../../standalone_bsp_0/ps7_cortexa9_0/include/xgpio.h:183:5: note: declared here
 u32 XGpio_DiscreteRead(XGpio *InstancePtr, unsigned Channel);
     ^~~~~~~~~~~~~~~~~~
../src/main.c:35:27: error: 'LED_DELAY' undeclared (first use in this function)
   for (Delay = 0; Delay < LED_DELAY; Delay++);
                           ^~~~~~~~~
../src/main.c:38:24: error: 'Gpio' undeclared (first use in this function)
   XGpio_DiscreteClear(&Gpio, LED_CHANNEL, LED);
                        ^~~~
make: *** [src/main.o] Error 1
20:55:27 **** Auto Build of configuration Debug for project NNapp ****
make pre-build main-build 
a9-linaro-pre-build-step
' '
'Building file: ../src/main.c'
'Invoking: ARM v7 gcc compiler'
arm-none-eabi-gcc -Wall -O0 -g3 -c -fmessage-length=0 -MT"src/main.o" -mcpu=cortex-a9 -mfpu=vfpv3 -mfloat-abi=hard -I../../standalone_bsp_0/ps7_cortexa9_0/include -MMD -MP -MF"src/main.d" -MT"src/main.o" -o "src/main.o" "../src/main.c"
../src/main.c: In function 'main':
../src/main.c:35:27: error: 'LED_DELAY' undeclared (first use in this function)
   for (Delay = 0; Delay < LED_DELAY; Delay++);
                           ^~~~~~~~~
../src/main.c:35:27: note: each undeclared identifier is reported only once for each function it appears in
../src/main.c:38:24: error: 'Gpio' undeclared (first use in this function)
   XGpio_DiscreteClear(&Gpio, LED_CHANNEL, LED);
                        ^~~~
../src/main.c:38:30: error: 'LED_CHANNEL' undeclared (first use in this function)
   XGpio_DiscreteClear(&Gpio, LED_CHANNEL, LED);
                              ^~~~~~~~~~~
../src/main.c:38:43: error: 'LED' undeclared (first use in this function)
   XGpio_DiscreteClear(&Gpio, LED_CHANNEL, LED);
                                           ^~~
make: *** [src/main.o] Error 1
20:57:05 **** Auto Build of configuration Debug for project NNapp ****
make pre-build main-build 
a9-linaro-pre-build-step
' '
'Building file: ../src/main.c'
'Invoking: ARM v7 gcc compiler'
arm-none-eabi-gcc -Wall -O0 -g3 -c -fmessage-length=0 -MT"src/main.o" -mcpu=cortex-a9 -mfpu=vfpv3 -mfloat-abi=hard -I../../standalone_bsp_0/ps7_cortexa9_0/include -MMD -MP -MF"src/main.d" -MT"src/main.o" -o "src/main.o" "../src/main.c"
../src/main.c: In function 'main':
../src/main.c:35:24: error: 'Gpio' undeclared (first use in this function)
   XGpio_DiscreteWrite(&Gpio, LED_CHANNEL, LED);
                        ^~~~
../src/main.c:35:24: note: each undeclared identifier is reported only once for each function it appears in
../src/main.c:35:30: error: 'LED_CHANNEL' undeclared (first use in this function)
   XGpio_DiscreteWrite(&Gpio, LED_CHANNEL, LED);
                              ^~~~~~~~~~~
../src/main.c:35:43: error: 'LED' undeclared (first use in this function)
   XGpio_DiscreteWrite(&Gpio, LED_CHANNEL, LED);
                                           ^~~
../src/main.c:16:15: warning: unused variable 'Delay' [-Wunused-variable]
  volatile int Delay;
               ^~~~~
make: *** [src/main.o] Error 1
20:57:12 **** Auto Build of configuration Debug for project NNapp ****
make pre-build main-build 
a9-linaro-pre-build-step
' '
'Building file: ../src/main.c'
'Invoking: ARM v7 gcc compiler'
arm-none-eabi-gcc -Wall -O0 -g3 -c -fmessage-length=0 -MT"src/main.o" -mcpu=cortex-a9 -mfpu=vfpv3 -mfloat-abi=hard -I../../standalone_bsp_0/ps7_cortexa9_0/include -MMD -MP -MF"src/main.d" -MT"src/main.o" -o "src/main.o" "../src/main.c"
../src/main.c: In function 'main':
../src/main.c:36:24: error: 'Gpio' undeclared (first use in this function)
   XGpio_DiscreteWrite(&Gpio, LED_CHANNEL, LED);
                        ^~~~
../src/main.c:36:24: note: each undeclared identifier is reported only once for each function it appears in
../src/main.c:36:30: error: 'LED_CHANNEL' undeclared (first use in this function)
   XGpio_DiscreteWrite(&Gpio, LED_CHANNEL, LED);
                              ^~~~~~~~~~~
../src/main.c:36:43: error: 'LED' undeclared (first use in this function)
   XGpio_DiscreteWrite(&Gpio, LED_CHANNEL, LED);
                                           ^~~
../src/main.c:17:15: warning: unused variable 'Delay' [-Wunused-variable]
  volatile int Delay;
               ^~~~~
make: *** [src/main.o] Error 1
20:57:17 **** Auto Build of configuration Debug for project NNapp ****
make pre-build main-build 
a9-linaro-pre-build-step
' '
'Building file: ../src/main.c'
'Invoking: ARM v7 gcc compiler'
arm-none-eabi-gcc -Wall -O0 -g3 -c -fmessage-length=0 -MT"src/main.o" -mcpu=cortex-a9 -mfpu=vfpv3 -mfloat-abi=hard -I../../standalone_bsp_0/ps7_cortexa9_0/include -MMD -MP -MF"src/main.d" -MT"src/main.o" -o "src/main.o" "../src/main.c"
../src/main.c: In function 'main':
../src/main.c:35:24: error: 'Gpio' undeclared (first use in this function)
   XGpio_DiscreteWrite(&Gpio, LED_CHANNEL, LED);
                        ^~~~
../src/main.c:35:24: note: each undeclared identifier is reported only once for each function it appears in
../src/main.c:35:30: error: 'LED_CHANNEL' undeclared (first use in this function)
   XGpio_DiscreteWrite(&Gpio, LED_CHANNEL, LED);
                              ^~~~~~~~~~~
../src/main.c:35:43: error: 'LED' undeclared (first use in this function)
   XGpio_DiscreteWrite(&Gpio, LED_CHANNEL, LED);
                                           ^~~
make: *** [src/main.o] Error 1
20:57:32 **** Auto Build of configuration Debug for project NNapp ****
make pre-build main-build 
a9-linaro-pre-build-step
' '
'Building file: ../src/main.c'
'Invoking: ARM v7 gcc compiler'
arm-none-eabi-gcc -Wall -O0 -g3 -c -fmessage-length=0 -MT"src/main.o" -mcpu=cortex-a9 -mfpu=vfpv3 -mfloat-abi=hard -I../../standalone_bsp_0/ps7_cortexa9_0/include -MMD -MP -MF"src/main.d" -MT"src/main.o" -o "src/main.o" "../src/main.c"
../src/main.c: In function 'main':
../src/main.c:41:24: error: 'Gpio' undeclared (first use in this function)
   XGpio_DiscreteWrite(&Gpio, LED_CHANNEL, LED);
                        ^~~~
../src/main.c:41:24: note: each undeclared identifier is reported only once for each function it appears in
../src/main.c:41:30: error: 'LED_CHANNEL' undeclared (first use in this function)
   XGpio_DiscreteWrite(&Gpio, LED_CHANNEL, LED);
                              ^~~~~~~~~~~
../src/main.c:41:43: error: 'LED' undeclared (first use in this function)
   XGpio_DiscreteWrite(&Gpio, LED_CHANNEL, LED);
                                           ^~~
make: *** [src/main.o] Error 1
20:57:45 **** Auto Build of configuration Debug for project NNapp ****
make pre-build main-build 
a9-linaro-pre-build-step
' '
'Building file: ../src/main.c'
'Invoking: ARM v7 gcc compiler'
arm-none-eabi-gcc -Wall -O0 -g3 -c -fmessage-length=0 -MT"src/main.o" -mcpu=cortex-a9 -mfpu=vfpv3 -mfloat-abi=hard -I../../standalone_bsp_0/ps7_cortexa9_0/include -MMD -MP -MF"src/main.d" -MT"src/main.o" -o "src/main.o" "../src/main.c"
../src/main.c: In function 'main':
../src/main.c:42:24: error: 'Gpio' undeclared (first use in this function)
   XGpio_DiscreteWrite(&Gpio, LED_CHANNEL, LED);
                        ^~~~
../src/main.c:42:24: note: each undeclared identifier is reported only once for each function it appears in
../src/main.c:42:30: error: 'LED_CHANNEL' undeclared (first use in this function)
   XGpio_DiscreteWrite(&Gpio, LED_CHANNEL, LED);
                              ^~~~~~~~~~~
../src/main.c:42:43: error: 'LED' undeclared (first use in this function)
   XGpio_DiscreteWrite(&Gpio, LED_CHANNEL, LED);
                                           ^~~
../src/main.c:17:6: warning: unused variable 'state' [-Wunused-variable]
  u32 state;
      ^~~~~
make: *** [src/main.o] Error 1
20:58:28 **** Auto Build of configuration Debug for project NNapp ****
make pre-build main-build 
a9-linaro-pre-build-step
' '
'Building file: ../src/main.c'
'Invoking: ARM v7 gcc compiler'
arm-none-eabi-gcc -Wall -O0 -g3 -c -fmessage-length=0 -MT"src/main.o" -mcpu=cortex-a9 -mfpu=vfpv3 -mfloat-abi=hard -I../../standalone_bsp_0/ps7_cortexa9_0/include -MMD -MP -MF"src/main.d" -MT"src/main.o" -o "src/main.o" "../src/main.c"
../src/main.c: In function 'main':
../src/main.c:40:8: error: stray '\250' in program
   state¨= XGpio_DiscreteRead(&btn, 1);
        ^
../src/main.c:43:24: error: 'Gpio' undeclared (first use in this function)
   XGpio_DiscreteWrite(&Gpio, LED_CHANNEL, LED);
                        ^~~~
../src/main.c:43:24: note: each undeclared identifier is reported only once for each function it appears in
../src/main.c:43:30: error: 'LED_CHANNEL' undeclared (first use in this function)
   XGpio_DiscreteWrite(&Gpio, LED_CHANNEL, LED);
                              ^~~~~~~~~~~
../src/main.c:43:43: error: 'LED' undeclared (first use in this function)
   XGpio_DiscreteWrite(&Gpio, LED_CHANNEL, LED);
                                           ^~~
../src/main.c:17:6: warning: variable 'state' set but not used [-Wunused-but-set-variable]
  u32 state;
      ^~~~~
make: *** [src/main.o] Error 1
20:58:32 **** Auto Build of configuration Debug for project NNapp ****
make pre-build main-build 
a9-linaro-pre-build-step
' '
'Building file: ../src/main.c'
'Invoking: ARM v7 gcc compiler'
arm-none-eabi-gcc -Wall -O0 -g3 -c -fmessage-length=0 -MT"src/main.o" -mcpu=cortex-a9 -mfpu=vfpv3 -mfloat-abi=hard -I../../standalone_bsp_0/ps7_cortexa9_0/include -MMD -MP -MF"src/main.d" -MT"src/main.o" -o "src/main.o" "../src/main.c"
../src/main.c: In function 'main':
../src/main.c:43:24: error: 'Gpio' undeclared (first use in this function)
   XGpio_DiscreteWrite(&Gpio, LED_CHANNEL, LED);
                        ^~~~
../src/main.c:43:24: note: each undeclared identifier is reported only once for each function it appears in
../src/main.c:43:30: error: 'LED_CHANNEL' undeclared (first use in this function)
   XGpio_DiscreteWrite(&Gpio, LED_CHANNEL, LED);
                              ^~~~~~~~~~~
../src/main.c:43:43: error: 'LED' undeclared (first use in this function)
   XGpio_DiscreteWrite(&Gpio, LED_CHANNEL, LED);
                                           ^~~
../src/main.c:17:6: warning: variable 'state' set but not used [-Wunused-but-set-variable]
  u32 state;
      ^~~~~
make: *** [src/main.o] Error 1
20:58:55 **** Auto Build of configuration Debug for project NNapp ****
make pre-build main-build 
a9-linaro-pre-build-step
' '
'Building file: ../src/main.c'
'Invoking: ARM v7 gcc compiler'
arm-none-eabi-gcc -Wall -O0 -g3 -c -fmessage-length=0 -MT"src/main.o" -mcpu=cortex-a9 -mfpu=vfpv3 -mfloat-abi=hard -I../../standalone_bsp_0/ps7_cortexa9_0/include -MMD -MP -MF"src/main.d" -MT"src/main.o" -o "src/main.o" "../src/main.c"
'Finished building: ../src/main.c'
' '
'Building target: NNapp.elf'
'Invoking: ARM v7 gcc linker'
arm-none-eabi-gcc -mcpu=cortex-a9 -mfpu=vfpv3 -mfloat-abi=hard -Wl,-build-id=none -specs=Xilinx.spec -Wl,-T -Wl,../src/lscript.ld -L../../standalone_bsp_0/ps7_cortexa9_0/lib -o "NNapp.elf"  ./src/main.o   -Wl,--start-group,-lxil,-lgcc,-lc,--end-group -Wl,--start-group,-lxilffs,-lxil,-lgcc,-lc,--end-group
'Finished building target: NNapp.elf'
' '
'Invoking: ARM v7 Print Size'
arm-none-eabi-size NNapp.elf  |tee "NNapp.elf.size"
   text	   data	    bss	    dec	    hex	filename
  23376	   1188	  22616	  47180	   b84c	NNapp.elf
'Finished building: NNapp.elf.size'
' '
21:01:09 **** Auto Build of configuration Debug for project NNapp ****
make pre-build main-build 
a9-linaro-pre-build-step
' '
'Building file: ../src/main.c'
'Invoking: ARM v7 gcc compiler'
arm-none-eabi-gcc -Wall -O0 -g3 -c -fmessage-length=0 -MT"src/main.o" -mcpu=cortex-a9 -mfpu=vfpv3 -mfloat-abi=hard -I../../standalone_bsp_0/ps7_cortexa9_0/include -MMD -MP -MF"src/main.d" -MT"src/main.o" -o "src/main.o" "../src/main.c"
'Finished building: ../src/main.c'
' '
'Building target: NNapp.elf'
'Invoking: ARM v7 gcc linker'
arm-none-eabi-gcc -mcpu=cortex-a9 -mfpu=vfpv3 -mfloat-abi=hard -Wl,-build-id=none -specs=Xilinx.spec -Wl,-T -Wl,../src/lscript.ld -L../../standalone_bsp_0/ps7_cortexa9_0/lib -o "NNapp.elf"  ./src/main.o   -Wl,--start-group,-lxil,-lgcc,-lc,--end-group -Wl,--start-group,-lxilffs,-lxil,-lgcc,-lc,--end-group
'Finished building target: NNapp.elf'
' '
'Invoking: ARM v7 Print Size'
arm-none-eabi-size NNapp.elf  |tee "NNapp.elf.size"
   text	   data	    bss	    dec	    hex	filename
  23376	   1188	  22616	  47180	   b84c	NNapp.elf
'Finished building: NNapp.elf.size'
' '
21:04:38 **** Incremental Build of configuration Debug for project NNapp ****
make pre-build main-build 
a9-linaro-pre-build-step
' '
make: Nothing to be done for `main-build'.
21:04:40 **** Incremental Build of configuration Debug for project standalone_bsp_0_xgpio_example_1 ****
make pre-build main-build 
a9-linaro-pre-build-step
' '
make: Nothing to be done for `main-build'.
21:04:42 **** Incremental Build of configuration Debug for project standalone_bsp_0_xgpio_example_2 ****
make pre-build main-build 
a9-linaro-pre-build-step
' '
make: Nothing to be done for `main-build'.
21:04:46 **** Incremental Build of configuration Debug for project NNapp ****
make pre-build main-build 
a9-linaro-pre-build-step
' '
make: Nothing to be done for `main-build'.
21:04:49 **** Incremental Build of configuration Debug for project standalone_bsp_0_xgpio_example_1 ****
make pre-build main-build 
a9-linaro-pre-build-step
' '
make: Nothing to be done for `main-build'.
21:04:51 **** Incremental Build of configuration Debug for project standalone_bsp_0_xgpio_example_2 ****
make pre-build main-build 
a9-linaro-pre-build-step
' '
make: Nothing to be done for `main-build'.
21:04:52 **** Incremental Build of configuration Debug for project NNapp ****
make pre-build main-build 
a9-linaro-pre-build-step
' '
make: Nothing to be done for `main-build'.
21:04:55 **** Incremental Build of configuration Debug for project standalone_bsp_0_xgpio_example_1 ****
make pre-build main-build 
a9-linaro-pre-build-step
' '
make: Nothing to be done for `main-build'.
21:04:57 **** Incremental Build of configuration Debug for project standalone_bsp_0_xgpio_example_2 ****
make pre-build main-build 
a9-linaro-pre-build-step
' '
make: Nothing to be done for `main-build'.
21:06:03 **** Incremental Build of configuration Debug for project NNapp ****
make pre-build main-build 
a9-linaro-pre-build-step
' '
make: Nothing to be done for `main-build'.
21:06:05 **** Incremental Build of configuration Debug for project standalone_bsp_0_xgpio_example_1 ****
make pre-build main-build 
a9-linaro-pre-build-step
' '
make: Nothing to be done for `main-build'.
21:06:06 **** Incremental Build of configuration Debug for project standalone_bsp_0_xgpio_example_2 ****
make pre-build main-build 
a9-linaro-pre-build-step
' '
make: Nothing to be done for `main-build'.
21:06:43 **** Incremental Build of configuration Debug for project NNapp ****
make pre-build main-build 
a9-linaro-pre-build-step
' '
make: Nothing to be done for `main-build'.
21:06:44 **** Incremental Build of configuration Debug for project standalone_bsp_0_xgpio_example_1 ****
make pre-build main-build 
a9-linaro-pre-build-step
' '
make: Nothing to be done for `main-build'.
21:06:46 **** Incremental Build of configuration Debug for project standalone_bsp_0_xgpio_example_2 ****
make pre-build main-build 
a9-linaro-pre-build-step
' '
make: Nothing to be done for `main-build'.
21:07:06 **** Incremental Build of configuration Debug for project NNapp ****
make pre-build main-build 
a9-linaro-pre-build-step
' '
make: Nothing to be done for `main-build'.
21:07:08 **** Incremental Build of configuration Debug for project standalone_bsp_0_xgpio_example_1 ****
make pre-build main-build 
a9-linaro-pre-build-step
' '
make: Nothing to be done for `main-build'.
21:07:10 **** Incremental Build of configuration Debug for project standalone_bsp_0_xgpio_example_2 ****
make pre-build main-build 
a9-linaro-pre-build-step
' '
make: Nothing to be done for `main-build'.
21:08:52 **** Incremental Build of configuration Debug for project NNapp ****
make pre-build main-build 
a9-linaro-pre-build-step
' '
make: Nothing to be done for `main-build'.
21:08:55 **** Incremental Build of configuration Debug for project standalone_bsp_0_xgpio_example_1 ****
make pre-build main-build 
a9-linaro-pre-build-step
' '
make: Nothing to be done for `main-build'.
21:08:58 **** Incremental Build of configuration Debug for project standalone_bsp_0_xgpio_example_2 ****
make pre-build main-build 
a9-linaro-pre-build-step
' '
make: Nothing to be done for `main-build'.
21:13:39 **** Auto Build of configuration Debug for project NNapp ****
make pre-build main-build 
a9-linaro-pre-build-step
' '
'Building file: ../src/main.c'
'Invoking: ARM v7 gcc compiler'
arm-none-eabi-gcc -Wall -O0 -g3 -c -fmessage-length=0 -MT"src/main.o" -mcpu=cortex-a9 -mfpu=vfpv3 -mfloat-abi=hard -I../../standalone_bsp_0/ps7_cortexa9_0/include -MMD -MP -MF"src/main.d" -MT"src/main.o" -o "src/main.o" "../src/main.c"
../src/main.c: In function 'main':
../src/main.c:33:33: error: expected ')' before '~' token
  XGpio_SetDataDirection(&btn, 1 ~0x0);
                                 ^
../src/main.c:33:2: error: too few arguments to function 'XGpio_SetDataDirection'
  XGpio_SetDataDirection(&btn, 1 ~0x0);
  ^~~~~~~~~~~~~~~~~~~~~~
In file included from ../src/main.c:8:0:
../../standalone_bsp_0/ps7_cortexa9_0/include/xgpio.h:180:6: note: declared here
 void XGpio_SetDataDirection(XGpio *InstancePtr, unsigned Channel,
      ^~~~~~~~~~~~~~~~~~~~~~
make: *** [src/main.o] Error 1
21:13:53 **** Auto Build of configuration Debug for project NNapp ****
make pre-build main-build 
a9-linaro-pre-build-step
' '
'Building file: ../src/main.c'
'Invoking: ARM v7 gcc compiler'
arm-none-eabi-gcc -Wall -O0 -g3 -c -fmessage-length=0 -MT"src/main.o" -mcpu=cortex-a9 -mfpu=vfpv3 -mfloat-abi=hard -I../../standalone_bsp_0/ps7_cortexa9_0/include -MMD -MP -MF"src/main.d" -MT"src/main.o" -o "src/main.o" "../src/main.c"
'Finished building: ../src/main.c'
' '
'Building target: NNapp.elf'
'Invoking: ARM v7 gcc linker'
arm-none-eabi-gcc -mcpu=cortex-a9 -mfpu=vfpv3 -mfloat-abi=hard -Wl,-build-id=none -specs=Xilinx.spec -Wl,-T -Wl,../src/lscript.ld -L../../standalone_bsp_0/ps7_cortexa9_0/lib -o "NNapp.elf"  ./src/main.o   -Wl,--start-group,-lxil,-lgcc,-lc,--end-group -Wl,--start-group,-lxilffs,-lxil,-lgcc,-lc,--end-group
'Finished building target: NNapp.elf'
' '
'Invoking: ARM v7 Print Size'
arm-none-eabi-size NNapp.elf  |tee "NNapp.elf.size"
   text	   data	    bss	    dec	    hex	filename
  23376	   1188	  22616	  47180	   b84c	NNapp.elf
'Finished building: NNapp.elf.size'
' '
21:13:59 **** Auto Build of configuration Debug for project NNapp ****
make pre-build main-build 
a9-linaro-pre-build-step
' '
'Building file: ../src/main.c'
'Invoking: ARM v7 gcc compiler'
arm-none-eabi-gcc -Wall -O0 -g3 -c -fmessage-length=0 -MT"src/main.o" -mcpu=cortex-a9 -mfpu=vfpv3 -mfloat-abi=hard -I../../standalone_bsp_0/ps7_cortexa9_0/include -MMD -MP -MF"src/main.d" -MT"src/main.o" -o "src/main.o" "../src/main.c"
'Finished building: ../src/main.c'
' '
'Building target: NNapp.elf'
'Invoking: ARM v7 gcc linker'
arm-none-eabi-gcc -mcpu=cortex-a9 -mfpu=vfpv3 -mfloat-abi=hard -Wl,-build-id=none -specs=Xilinx.spec -Wl,-T -Wl,../src/lscript.ld -L../../standalone_bsp_0/ps7_cortexa9_0/lib -o "NNapp.elf"  ./src/main.o   -Wl,--start-group,-lxil,-lgcc,-lc,--end-group -Wl,--start-group,-lxilffs,-lxil,-lgcc,-lc,--end-group
'Finished building target: NNapp.elf'
' '
'Invoking: ARM v7 Print Size'
arm-none-eabi-size NNapp.elf  |tee "NNapp.elf.size"
   text	   data	    bss	    dec	    hex	filename
  23376	   1188	  22616	  47180	   b84c	NNapp.elf
'Finished building: NNapp.elf.size'
' '
21:16:09 **** Incremental Build of configuration Debug for project NNapp ****
make pre-build main-build 
a9-linaro-pre-build-step
' '
make: Nothing to be done for `main-build'.
21:16:11 **** Incremental Build of configuration Debug for project standalone_bsp_0_xgpio_example_1 ****
make pre-build main-build 
a9-linaro-pre-build-step
' '
make: Nothing to be done for `main-build'.
21:16:12 **** Incremental Build of configuration Debug for project standalone_bsp_0_xgpio_example_2 ****
make pre-build main-build 
a9-linaro-pre-build-step
' '
make: Nothing to be done for `main-build'.
21:46:33 **** Incremental Build of configuration Debug for project NNapp ****
make pre-build main-build 
a9-linaro-pre-build-step
' '
make: Nothing to be done for `main-build'.
21:48:10 **** Auto Build of configuration Debug for project NNapp ****
make pre-build main-build 
a9-linaro-pre-build-step
' '
'Building file: ../src/main.c'
'Invoking: ARM v7 gcc compiler'
arm-none-eabi-gcc -Wall -O0 -g3 -c -fmessage-length=0 -MT"src/main.o" -mcpu=cortex-a9 -mfpu=vfpv3 -mfloat-abi=hard -I../../standalone_bsp_0/ps7_cortexa9_0/include -MMD -MP -MF"src/main.d" -MT"src/main.o" -o "src/main.o" "../src/main.c"
'Finished building: ../src/main.c'
' '
'Building target: NNapp.elf'
'Invoking: ARM v7 gcc linker'
arm-none-eabi-gcc -mcpu=cortex-a9 -mfpu=vfpv3 -mfloat-abi=hard -Wl,-build-id=none -specs=Xilinx.spec -Wl,-T -Wl,../src/lscript.ld -L../../standalone_bsp_0/ps7_cortexa9_0/lib -o "NNapp.elf"  ./src/main.o   -Wl,--start-group,-lxil,-lgcc,-lc,--end-group -Wl,--start-group,-lxilffs,-lxil,-lgcc,-lc,--end-group
'Finished building target: NNapp.elf'
' '
'Invoking: ARM v7 Print Size'
arm-none-eabi-size NNapp.elf  |tee "NNapp.elf.size"
   text	   data	    bss	    dec	    hex	filename
  23396	   1188	  22616	  47200	   b860	NNapp.elf
'Finished building: NNapp.elf.size'
' '
21:48:26 **** Auto Build of configuration Debug for project NNapp ****
make pre-build main-build 
a9-linaro-pre-build-step
' '
'Building file: ../src/main.c'
'Invoking: ARM v7 gcc compiler'
arm-none-eabi-gcc -Wall -O0 -g3 -c -fmessage-length=0 -MT"src/main.o" -mcpu=cortex-a9 -mfpu=vfpv3 -mfloat-abi=hard -I../../standalone_bsp_0/ps7_cortexa9_0/include -MMD -MP -MF"src/main.d" -MT"src/main.o" -o "src/main.o" "../src/main.c"
'Finished building: ../src/main.c'
' '
'Building target: NNapp.elf'
'Invoking: ARM v7 gcc linker'
arm-none-eabi-gcc -mcpu=cortex-a9 -mfpu=vfpv3 -mfloat-abi=hard -Wl,-build-id=none -specs=Xilinx.spec -Wl,-T -Wl,../src/lscript.ld -L../../standalone_bsp_0/ps7_cortexa9_0/lib -o "NNapp.elf"  ./src/main.o   -Wl,--start-group,-lxil,-lgcc,-lc,--end-group -Wl,--start-group,-lxilffs,-lxil,-lgcc,-lc,--end-group
'Finished building target: NNapp.elf'
' '
'Invoking: ARM v7 Print Size'
arm-none-eabi-size NNapp.elf  |tee "NNapp.elf.size"
   text	   data	    bss	    dec	    hex	filename
  23416	   1188	  22616	  47220	   b874	NNapp.elf
'Finished building: NNapp.elf.size'
' '
21:48:31 **** Incremental Build of configuration Debug for project NNapp ****
make pre-build main-build 
a9-linaro-pre-build-step
' '
make: Nothing to be done for `main-build'.
21:51:16 **** Auto Build of configuration Debug for project NNapp ****
make pre-build main-build 
a9-linaro-pre-build-step
' '
'Building file: ../src/main.c'
'Invoking: ARM v7 gcc compiler'
arm-none-eabi-gcc -Wall -O0 -g3 -c -fmessage-length=0 -MT"src/main.o" -mcpu=cortex-a9 -mfpu=vfpv3 -mfloat-abi=hard -I../../standalone_bsp_0/ps7_cortexa9_0/include -MMD -MP -MF"src/main.d" -MT"src/main.o" -o "src/main.o" "../src/main.c"
'Finished building: ../src/main.c'
' '
'Building target: NNapp.elf'
'Invoking: ARM v7 gcc linker'
arm-none-eabi-gcc -mcpu=cortex-a9 -mfpu=vfpv3 -mfloat-abi=hard -Wl,-build-id=none -specs=Xilinx.spec -Wl,-T -Wl,../src/lscript.ld -L../../standalone_bsp_0/ps7_cortexa9_0/lib -o "NNapp.elf"  ./src/main.o   -Wl,--start-group,-lxil,-lgcc,-lc,--end-group -Wl,--start-group,-lxilffs,-lxil,-lgcc,-lc,--end-group
'Finished building target: NNapp.elf'
' '
'Invoking: ARM v7 Print Size'
arm-none-eabi-size NNapp.elf  |tee "NNapp.elf.size"
   text	   data	    bss	    dec	    hex	filename
  23416	   1188	  22616	  47220	   b874	NNapp.elf
'Finished building: NNapp.elf.size'
' '
21:51:48 **** Incremental Build of configuration Debug for project NNapp ****
make pre-build main-build 
a9-linaro-pre-build-step
' '
make: Nothing to be done for `main-build'.
21:52:10 **** Auto Build of configuration Debug for project NNapp ****
make pre-build main-build 
a9-linaro-pre-build-step
' '
'Building file: ../src/main.c'
'Invoking: ARM v7 gcc compiler'
arm-none-eabi-gcc -Wall -O0 -g3 -c -fmessage-length=0 -MT"src/main.o" -mcpu=cortex-a9 -mfpu=vfpv3 -mfloat-abi=hard -I../../standalone_bsp_0/ps7_cortexa9_0/include -MMD -MP -MF"src/main.d" -MT"src/main.o" -o "src/main.o" "../src/main.c"
../src/main.c: In function 'main':
../src/main.c:41:15: warning: passing argument 1 of 'xil_printf' makes pointer from integer without a cast [-Wint-conversion]
    xil_printf(state);
               ^~~~~
In file included from ../../standalone_bsp_0/ps7_cortexa9_0/include/xil_io.h:65:0,
                 from ../../standalone_bsp_0/ps7_cortexa9_0/include/xgpio_l.h:87,
                 from ../../standalone_bsp_0/ps7_cortexa9_0/include/xgpio.h:136,
                 from ../src/main.c:8:
../../standalone_bsp_0/ps7_cortexa9_0/include/xil_printf.h:35:6: note: expected 'const char8 * {aka const char *}' but argument is of type 'u32 {aka long unsigned int}'
 void xil_printf( const char8 *ctrl1, ...);
      ^~~~~~~~~~
'Finished building: ../src/main.c'
' '
'Building target: NNapp.elf'
'Invoking: ARM v7 gcc linker'
arm-none-eabi-gcc -mcpu=cortex-a9 -mfpu=vfpv3 -mfloat-abi=hard -Wl,-build-id=none -specs=Xilinx.spec -Wl,-T -Wl,../src/lscript.ld -L../../standalone_bsp_0/ps7_cortexa9_0/lib -o "NNapp.elf"  ./src/main.o   -Wl,--start-group,-lxil,-lgcc,-lc,--end-group -Wl,--start-group,-lxilffs,-lxil,-lgcc,-lc,--end-group
'Finished building target: NNapp.elf'
' '
'Invoking: ARM v7 Print Size'
arm-none-eabi-size NNapp.elf  |tee "NNapp.elf.size"
   text	   data	    bss	    dec	    hex	filename
  23396	   1188	  22616	  47200	   b860	NNapp.elf
'Finished building: NNapp.elf.size'
' '
21:52:24 **** Incremental Build of configuration Debug for project NNapp ****
make pre-build main-build 
a9-linaro-pre-build-step
' '
make: Nothing to be done for `main-build'.
21:53:57 **** Auto Build of configuration Debug for project NNapp ****
make pre-build main-build 
a9-linaro-pre-build-step
' '
'Building file: ../src/main.c'
'Invoking: ARM v7 gcc compiler'
arm-none-eabi-gcc -Wall -O0 -g3 -c -fmessage-length=0 -MT"src/main.o" -mcpu=cortex-a9 -mfpu=vfpv3 -mfloat-abi=hard -I../../standalone_bsp_0/ps7_cortexa9_0/include -MMD -MP -MF"src/main.d" -MT"src/main.o" -o "src/main.o" "../src/main.c"
../src/main.c: In function 'main':
../src/main.c:42:15: warning: passing argument 1 of 'xil_printf' makes pointer from integer without a cast [-Wint-conversion]
    xil_printf(state)
               ^~~~~
In file included from ../../standalone_bsp_0/ps7_cortexa9_0/include/xil_io.h:65:0,
                 from ../../standalone_bsp_0/ps7_cortexa9_0/include/xgpio_l.h:87,
                 from ../../standalone_bsp_0/ps7_cortexa9_0/include/xgpio.h:136,
                 from ../src/main.c:8:
../../standalone_bsp_0/ps7_cortexa9_0/include/xil_printf.h:35:6: note: expected 'const char8 * {aka const char *}' but argument is of type 'u32 {aka long unsigned int}'
 void xil_printf( const char8 *ctrl1, ...);
      ^~~~~~~~~~
../src/main.c:43:4: error: expected ';' before 'check'
    check = 0
    ^~~~~
../src/main.c:18:5: warning: unused variable 'check' [-Wunused-variable]
  u8 check = 0;
     ^~~~~
make: *** [src/main.o] Error 1
21:54:17 **** Auto Build of configuration Debug for project NNapp ****
make pre-build main-build 
a9-linaro-pre-build-step
' '
'Building file: ../src/main.c'
'Invoking: ARM v7 gcc compiler'
arm-none-eabi-gcc -Wall -O0 -g3 -c -fmessage-length=0 -MT"src/main.o" -mcpu=cortex-a9 -mfpu=vfpv3 -mfloat-abi=hard -I../../standalone_bsp_0/ps7_cortexa9_0/include -MMD -MP -MF"src/main.d" -MT"src/main.o" -o "src/main.o" "../src/main.c"
../src/main.c: In function 'main':
../src/main.c:41:16: error: expected ')' before 'and'
   if(state > 0 and check == 0)
                ^~~
../src/main.c:43:15: warning: passing argument 1 of 'xil_printf' makes pointer from integer without a cast [-Wint-conversion]
    xil_printf(state)
               ^~~~~
In file included from ../../standalone_bsp_0/ps7_cortexa9_0/include/xil_io.h:65:0,
                 from ../../standalone_bsp_0/ps7_cortexa9_0/include/xgpio_l.h:87,
                 from ../../standalone_bsp_0/ps7_cortexa9_0/include/xgpio.h:136,
                 from ../src/main.c:8:
../../standalone_bsp_0/ps7_cortexa9_0/include/xil_printf.h:35:6: note: expected 'const char8 * {aka const char *}' but argument is of type 'u32 {aka long unsigned int}'
 void xil_printf( const char8 *ctrl1, ...);
      ^~~~~~~~~~
../src/main.c:44:4: error: expected ';' before 'check'
    check = 0
    ^~~~~
../src/main.c:18:5: warning: unused variable 'check' [-Wunused-variable]
  u8 check = 0;
     ^~~~~
make: *** [src/main.o] Error 1
21:54:23 **** Auto Build of configuration Debug for project NNapp ****
make pre-build main-build 
a9-linaro-pre-build-step
' '
'Building file: ../src/main.c'
'Invoking: ARM v7 gcc compiler'
arm-none-eabi-gcc -Wall -O0 -g3 -c -fmessage-length=0 -MT"src/main.o" -mcpu=cortex-a9 -mfpu=vfpv3 -mfloat-abi=hard -I../../standalone_bsp_0/ps7_cortexa9_0/include -MMD -MP -MF"src/main.d" -MT"src/main.o" -o "src/main.o" "../src/main.c"
../src/main.c: In function 'main':
../src/main.c:41:16: error: expected ')' before 'and'
   if(state > 0 and check == 0)
                ^~~
../src/main.c:43:15: warning: passing argument 1 of 'xil_printf' makes pointer from integer without a cast [-Wint-conversion]
    xil_printf(state)
               ^~~~~
In file included from ../../standalone_bsp_0/ps7_cortexa9_0/include/xil_io.h:65:0,
                 from ../../standalone_bsp_0/ps7_cortexa9_0/include/xgpio_l.h:87,
                 from ../../standalone_bsp_0/ps7_cortexa9_0/include/xgpio.h:136,
                 from ../src/main.c:8:
../../standalone_bsp_0/ps7_cortexa9_0/include/xil_printf.h:35:6: note: expected 'const char8 * {aka const char *}' but argument is of type 'u32 {aka long unsigned int}'
 void xil_printf( const char8 *ctrl1, ...);
      ^~~~~~~~~~
../src/main.c:44:4: error: expected ';' before 'check'
    check = 1;
    ^~~~~
../src/main.c:18:5: warning: unused variable 'check' [-Wunused-variable]
  u8 check = 0;
     ^~~~~
make: *** [src/main.o] Error 1
21:54:40 **** Auto Build of configuration Debug for project NNapp ****
make pre-build main-build 
a9-linaro-pre-build-step
' '
'Building file: ../src/main.c'
'Invoking: ARM v7 gcc compiler'
arm-none-eabi-gcc -Wall -O0 -g3 -c -fmessage-length=0 -MT"src/main.o" -mcpu=cortex-a9 -mfpu=vfpv3 -mfloat-abi=hard -I../../standalone_bsp_0/ps7_cortexa9_0/include -MMD -MP -MF"src/main.d" -MT"src/main.o" -o "src/main.o" "../src/main.c"
../src/main.c: In function 'main':
../src/main.c:41:16: error: expected ')' before 'and'
   if(state > 0 and check == 0)
                ^~~
../src/main.c:43:15: warning: passing argument 1 of 'xil_printf' makes pointer from integer without a cast [-Wint-conversion]
    xil_printf(state)
               ^~~~~
In file included from ../../standalone_bsp_0/ps7_cortexa9_0/include/xil_io.h:65:0,
                 from ../../standalone_bsp_0/ps7_cortexa9_0/include/xgpio_l.h:87,
                 from ../../standalone_bsp_0/ps7_cortexa9_0/include/xgpio.h:136,
                 from ../src/main.c:8:
../../standalone_bsp_0/ps7_cortexa9_0/include/xil_printf.h:35:6: note: expected 'const char8 * {aka const char *}' but argument is of type 'u32 {aka long unsigned int}'
 void xil_printf( const char8 *ctrl1, ...);
      ^~~~~~~~~~
../src/main.c:44:4: error: expected ';' before 'check'
    check = 1;
    ^~~~~
../src/main.c:18:5: warning: variable 'check' set but not used [-Wunused-but-set-variable]
  u8 check = 0;
     ^~~~~
make: *** [src/main.o] Error 1
21:54:44 **** Auto Build of configuration Debug for project NNapp ****
make pre-build main-build 
a9-linaro-pre-build-step
' '
'Building file: ../src/main.c'
'Invoking: ARM v7 gcc compiler'
arm-none-eabi-gcc -Wall -O0 -g3 -c -fmessage-length=0 -MT"src/main.o" -mcpu=cortex-a9 -mfpu=vfpv3 -mfloat-abi=hard -I../../standalone_bsp_0/ps7_cortexa9_0/include -MMD -MP -MF"src/main.d" -MT"src/main.o" -o "src/main.o" "../src/main.c"
../src/main.c: In function 'main':
../src/main.c:41:16: error: expected ')' before 'and'
   if(state > 0 and check == 0)
                ^~~
../src/main.c:43:15: warning: passing argument 1 of 'xil_printf' makes pointer from integer without a cast [-Wint-conversion]
    xil_printf(state);
               ^~~~~
In file included from ../../standalone_bsp_0/ps7_cortexa9_0/include/xil_io.h:65:0,
                 from ../../standalone_bsp_0/ps7_cortexa9_0/include/xgpio_l.h:87,
                 from ../../standalone_bsp_0/ps7_cortexa9_0/include/xgpio.h:136,
                 from ../src/main.c:8:
../../standalone_bsp_0/ps7_cortexa9_0/include/xil_printf.h:35:6: note: expected 'const char8 * {aka const char *}' but argument is of type 'u32 {aka long unsigned int}'
 void xil_printf( const char8 *ctrl1, ...);
      ^~~~~~~~~~
../src/main.c:18:5: warning: variable 'check' set but not used [-Wunused-but-set-variable]
  u8 check = 0;
     ^~~~~
make: *** [src/main.o] Error 1
21:55:12 **** Auto Build of configuration Debug for project NNapp ****
make pre-build main-build 
a9-linaro-pre-build-step
' '
'Building file: ../src/main.c'
'Invoking: ARM v7 gcc compiler'
arm-none-eabi-gcc -Wall -O0 -g3 -c -fmessage-length=0 -MT"src/main.o" -mcpu=cortex-a9 -mfpu=vfpv3 -mfloat-abi=hard -I../../standalone_bsp_0/ps7_cortexa9_0/include -MMD -MP -MF"src/main.d" -MT"src/main.o" -o "src/main.o" "../src/main.c"
../src/main.c: In function 'main':
../src/main.c:41:16: error: expected ')' before 'and'
   if(state > 0 and check == 0)
                ^~~
../src/main.c:43:15: warning: passing argument 1 of 'xil_printf' makes pointer from integer without a cast [-Wint-conversion]
    xil_printf(state);
               ^~~~~
In file included from ../../standalone_bsp_0/ps7_cortexa9_0/include/xil_io.h:65:0,
                 from ../../standalone_bsp_0/ps7_cortexa9_0/include/xgpio_l.h:87,
                 from ../../standalone_bsp_0/ps7_cortexa9_0/include/xgpio.h:136,
                 from ../src/main.c:8:
../../standalone_bsp_0/ps7_cortexa9_0/include/xil_printf.h:35:6: note: expected 'const char8 * {aka const char *}' but argument is of type 'u32 {aka long unsigned int}'
 void xil_printf( const char8 *ctrl1, ...);
      ^~~~~~~~~~
../src/main.c:18:5: warning: variable 'check' set but not used [-Wunused-but-set-variable]
  u8 check = 0;
     ^~~~~
make: *** [src/main.o] Error 1
21:57:22 **** Auto Build of configuration Debug for project NNapp ****
make pre-build main-build 
a9-linaro-pre-build-step
' '
'Building file: ../src/main.c'
'Invoking: ARM v7 gcc compiler'
arm-none-eabi-gcc -Wall -O0 -g3 -c -fmessage-length=0 -MT"src/main.o" -mcpu=cortex-a9 -mfpu=vfpv3 -mfloat-abi=hard -I../../standalone_bsp_0/ps7_cortexa9_0/include -MMD -MP -MF"src/main.d" -MT"src/main.o" -o "src/main.o" "../src/main.c"
../src/main.c: In function 'main':
../src/main.c:41:16: error: expected ')' before 'and'
   if(state > 0 and check == 0)
                ^~~
../src/main.c:43:15: warning: passing argument 1 of 'xil_printf' makes pointer from integer without a cast [-Wint-conversion]
    xil_printf(state);
               ^~~~~
In file included from ../../standalone_bsp_0/ps7_cortexa9_0/include/xil_io.h:65:0,
                 from ../../standalone_bsp_0/ps7_cortexa9_0/include/xgpio_l.h:87,
                 from ../../standalone_bsp_0/ps7_cortexa9_0/include/xgpio.h:136,
                 from ../src/main.c:8:
../../standalone_bsp_0/ps7_cortexa9_0/include/xil_printf.h:35:6: note: expected 'const char8 * {aka const char *}' but argument is of type 'u32 {aka long unsigned int}'
 void xil_printf( const char8 *ctrl1, ...);
      ^~~~~~~~~~
../src/main.c:51:3: error: too few arguments to function 'XGpio_DiscreteSet'
   XGpio_DiscreteSet(&led)
   ^~~~~~~~~~~~~~~~~
In file included from ../src/main.c:8:0:
../../standalone_bsp_0/ps7_cortexa9_0/include/xgpio.h:190:6: note: declared here
 void XGpio_DiscreteSet(XGpio *InstancePtr, unsigned Channel, u32 Mask);
      ^~~~~~~~~~~~~~~~~
../src/main.c:53:2: error: expected ';' before '}' token
  }
  ^
../src/main.c:18:5: warning: variable 'check' set but not used [-Wunused-but-set-variable]
  u8 check = 0;
     ^~~~~
make: *** [src/main.o] Error 1
21:57:26 **** Auto Build of configuration Debug for project NNapp ****
make pre-build main-build 
a9-linaro-pre-build-step
' '
'Building file: ../src/main.c'
'Invoking: ARM v7 gcc compiler'
arm-none-eabi-gcc -Wall -O0 -g3 -c -fmessage-length=0 -MT"src/main.o" -mcpu=cortex-a9 -mfpu=vfpv3 -mfloat-abi=hard -I../../standalone_bsp_0/ps7_cortexa9_0/include -MMD -MP -MF"src/main.d" -MT"src/main.o" -o "src/main.o" "../src/main.c"
../src/main.c: In function 'main':
../src/main.c:41:16: error: expected ')' before 'and'
   if(state > 0 and check == 0)
                ^~~
../src/main.c:43:15: warning: passing argument 1 of 'xil_printf' makes pointer from integer without a cast [-Wint-conversion]
    xil_printf(state);
               ^~~~~
In file included from ../../standalone_bsp_0/ps7_cortexa9_0/include/xil_io.h:65:0,
                 from ../../standalone_bsp_0/ps7_cortexa9_0/include/xgpio_l.h:87,
                 from ../../standalone_bsp_0/ps7_cortexa9_0/include/xgpio.h:136,
                 from ../src/main.c:8:
../../standalone_bsp_0/ps7_cortexa9_0/include/xil_printf.h:35:6: note: expected 'const char8 * {aka const char *}' but argument is of type 'u32 {aka long unsigned int}'
 void xil_printf( const char8 *ctrl1, ...);
      ^~~~~~~~~~
../src/main.c:51:28: error: expected expression before ')' token
   XGpio_DiscreteSet(&led,1,)
                            ^
../src/main.c:18:5: warning: variable 'check' set but not used [-Wunused-but-set-variable]
  u8 check = 0;
     ^~~~~
make: *** [src/main.o] Error 1
21:57:31 **** Auto Build of configuration Debug for project NNapp ****
make pre-build main-build 
a9-linaro-pre-build-step
' '
'Building file: ../src/main.c'
'Invoking: ARM v7 gcc compiler'
arm-none-eabi-gcc -Wall -O0 -g3 -c -fmessage-length=0 -MT"src/main.o" -mcpu=cortex-a9 -mfpu=vfpv3 -mfloat-abi=hard -I../../standalone_bsp_0/ps7_cortexa9_0/include -MMD -MP -MF"src/main.d" -MT"src/main.o" -o "src/main.o" "../src/main.c"
../src/main.c: In function 'main':
../src/main.c:41:16: error: expected ')' before 'and'
   if(state > 0 and check == 0)
                ^~~
../src/main.c:43:15: warning: passing argument 1 of 'xil_printf' makes pointer from integer without a cast [-Wint-conversion]
    xil_printf(state);
               ^~~~~
In file included from ../../standalone_bsp_0/ps7_cortexa9_0/include/xil_io.h:65:0,
                 from ../../standalone_bsp_0/ps7_cortexa9_0/include/xgpio_l.h:87,
                 from ../../standalone_bsp_0/ps7_cortexa9_0/include/xgpio.h:136,
                 from ../src/main.c:8:
../../standalone_bsp_0/ps7_cortexa9_0/include/xil_printf.h:35:6: note: expected 'const char8 * {aka const char *}' but argument is of type 'u32 {aka long unsigned int}'
 void xil_printf( const char8 *ctrl1, ...);
      ^~~~~~~~~~
../src/main.c:53:2: error: expected ';' before '}' token
  }
  ^
../src/main.c:18:5: warning: variable 'check' set but not used [-Wunused-but-set-variable]
  u8 check = 0;
     ^~~~~
make: *** [src/main.o] Error 1
22:40:45 **** Auto Build of configuration Debug for project NNapp ****
make pre-build main-build 
a9-linaro-pre-build-step
' '
'Building file: ../src/main.c'
'Invoking: ARM v7 gcc compiler'
arm-none-eabi-gcc -Wall -O0 -g3 -c -fmessage-length=0 -MT"src/main.o" -mcpu=cortex-a9 -mfpu=vfpv3 -mfloat-abi=hard -I../../standalone_bsp_0/ps7_cortexa9_0/include -MMD -MP -MF"src/main.d" -MT"src/main.o" -o "src/main.o" "../src/main.c"
../src/main.c: In function 'main':
../src/main.c:41:16: error: expected ')' before 'and'
   if(state > 0 and check == 0)
                ^~~
../src/main.c:43:15: warning: passing argument 1 of 'xil_printf' makes pointer from integer without a cast [-Wint-conversion]
    xil_printf(state);
               ^~~~~
In file included from ../../standalone_bsp_0/ps7_cortexa9_0/include/xil_io.h:65:0,
                 from ../../standalone_bsp_0/ps7_cortexa9_0/include/xgpio_l.h:87,
                 from ../../standalone_bsp_0/ps7_cortexa9_0/include/xgpio.h:136,
                 from ../src/main.c:8:
../../standalone_bsp_0/ps7_cortexa9_0/include/xil_printf.h:35:6: note: expected 'const char8 * {aka const char *}' but argument is of type 'u32 {aka long unsigned int}'
 void xil_printf( const char8 *ctrl1, ...);
      ^~~~~~~~~~
../src/main.c:53:2: error: expected ';' before '}' token
  }
  ^
../src/main.c:18:5: warning: variable 'check' set but not used [-Wunused-but-set-variable]
  u8 check = 0;
     ^~~~~
make: *** [src/main.o] Error 1
22:43:40 **** Build of project standalone_bsp_1 ****
make -k all 
"Running Make include in ps7_cortexa9_0/libsrc/classify_v1_0/src"
make -C ps7_cortexa9_0/libsrc/classify_v1_0/src -s include  "SHELL=CMD" "COMPILER=arm-none-eabi-gcc" "ARCHIVER=arm-none-eabi-ar" "COMPILER_FLAGS=  -O2 -c" "EXTRA_COMPILER_FLAGS=-mcpu=cortex-a9 -mfpu=vfpv3 -mfloat-abi=hard -nostartfiles -Wall -Wextra"
"Running Make include in ps7_cortexa9_0/libsrc/coresightps_dcc_v1_4/src"
make -C ps7_cortexa9_0/libsrc/coresightps_dcc_v1_4/src -s include  "SHELL=CMD" "COMPILER=arm-none-eabi-gcc" "ARCHIVER=arm-none-eabi-ar" "COMPILER_FLAGS=  -O2 -c" "EXTRA_COMPILER_FLAGS=-mcpu=cortex-a9 -mfpu=vfpv3 -mfloat-abi=hard -nostartfiles -Wall -Wextra"
"Running Make include in ps7_cortexa9_0/libsrc/cpu_cortexa9_v2_4/src"
make -C ps7_cortexa9_0/libsrc/cpu_cortexa9_v2_4/src -s include  "SHELL=CMD" "COMPILER=arm-none-eabi-gcc" "ARCHIVER=arm-none-eabi-ar" "COMPILER_FLAGS=  -O2 -c" "EXTRA_COMPILER_FLAGS=-mcpu=cortex-a9 -mfpu=vfpv3 -mfloat-abi=hard -nostartfiles -Wall -Wextra"
"Running Make include in ps7_cortexa9_0/libsrc/ddrps_v1_0/src"
make -C ps7_cortexa9_0/libsrc/ddrps_v1_0/src -s include  "SHELL=CMD" "COMPILER=arm-none-eabi-gcc" "ARCHIVER=arm-none-eabi-ar" "COMPILER_FLAGS=  -O2 -c" "EXTRA_COMPILER_FLAGS=-mcpu=cortex-a9 -mfpu=vfpv3 -mfloat-abi=hard -nostartfiles -Wall -Wextra"
"Running Make include in ps7_cortexa9_0/libsrc/devcfg_v3_4/src"
make -C ps7_cortexa9_0/libsrc/devcfg_v3_4/src -s include  "SHELL=CMD" "COMPILER=arm-none-eabi-gcc" "ARCHIVER=arm-none-eabi-ar" "COMPILER_FLAGS=  -O2 -c" "EXTRA_COMPILER_FLAGS=-mcpu=cortex-a9 -mfpu=vfpv3 -mfloat-abi=hard -nostartfiles -Wall -Wextra"
"Running Make include in ps7_cortexa9_0/libsrc/dmaps_v2_3/src"
make -C ps7_cortexa9_0/libsrc/dmaps_v2_3/src -s include  "SHELL=CMD" "COMPILER=arm-none-eabi-gcc" "ARCHIVER=arm-none-eabi-ar" "COMPILER_FLAGS=  -O2 -c" "EXTRA_COMPILER_FLAGS=-mcpu=cortex-a9 -mfpu=vfpv3 -mfloat-abi=hard -nostartfiles -Wall -Wextra"
"Running Make include in ps7_cortexa9_0/libsrc/gpio_v4_3/src"
make -C ps7_cortexa9_0/libsrc/gpio_v4_3/src -s include  "SHELL=CMD" "COMPILER=arm-none-eabi-gcc" "ARCHIVER=arm-none-eabi-ar" "COMPILER_FLAGS=  -O2 -c" "EXTRA_COMPILER_FLAGS=-mcpu=cortex-a9 -mfpu=vfpv3 -mfloat-abi=hard -nostartfiles -Wall -Wextra"
"Running Make include in ps7_cortexa9_0/libsrc/gpiops_v3_3/src"
make -C ps7_cortexa9_0/libsrc/gpiops_v3_3/src -s include  "SHELL=CMD" "COMPILER=arm-none-eabi-gcc" "ARCHIVER=arm-none-eabi-ar" "COMPILER_FLAGS=  -O2 -c" "EXTRA_COMPILER_FLAGS=-mcpu=cortex-a9 -mfpu=vfpv3 -mfloat-abi=hard -nostartfiles -Wall -Wextra"
"Running Make include in ps7_cortexa9_0/libsrc/led_ip_v1_0/src"
make -C ps7_cortexa9_0/libsrc/led_ip_v1_0/src -s include  "SHELL=CMD" "COMPILER=arm-none-eabi-gcc" "ARCHIVER=arm-none-eabi-ar" "COMPILER_FLAGS=  -O2 -c" "EXTRA_COMPILER_FLAGS=-mcpu=cortex-a9 -mfpu=vfpv3 -mfloat-abi=hard -nostartfiles -Wall -Wextra"
"Running Make include in ps7_cortexa9_0/libsrc/scugic_v3_7/src"
make -C ps7_cortexa9_0/libsrc/scugic_v3_7/src -s include  "SHELL=CMD" "COMPILER=arm-none-eabi-gcc" "ARCHIVER=arm-none-eabi-ar" "COMPILER_FLAGS=  -O2 -c" "EXTRA_COMPILER_FLAGS=-mcpu=cortex-a9 -mfpu=vfpv3 -mfloat-abi=hard -nostartfiles -Wall -Wextra"
"Running Make include in ps7_cortexa9_0/libsrc/scutimer_v2_1/src"
make -C ps7_cortexa9_0/libsrc/scutimer_v2_1/src -s include  "SHELL=CMD" "COMPILER=arm-none-eabi-gcc" "ARCHIVER=arm-none-eabi-ar" "COMPILER_FLAGS=  -O2 -c" "EXTRA_COMPILER_FLAGS=-mcpu=cortex-a9 -mfpu=vfpv3 -mfloat-abi=hard -nostartfiles -Wall -Wextra"
"Running Make include in ps7_cortexa9_0/libsrc/scuwdt_v2_1/src"
make -C ps7_cortexa9_0/libsrc/scuwdt_v2_1/src -s include  "SHELL=CMD" "COMPILER=arm-none-eabi-gcc" "ARCHIVER=arm-none-eabi-ar" "COMPILER_FLAGS=  -O2 -c" "EXTRA_COMPILER_FLAGS=-mcpu=cortex-a9 -mfpu=vfpv3 -mfloat-abi=hard -nostartfiles -Wall -Wextra"
"Running Make include in ps7_cortexa9_0/libsrc/sdps_v3_2/src"
make -C ps7_cortexa9_0/libsrc/sdps_v3_2/src -s include  "SHELL=CMD" "COMPILER=arm-none-eabi-gcc" "ARCHIVER=arm-none-eabi-ar" "COMPILER_FLAGS=  -O2 -c" "EXTRA_COMPILER_FLAGS=-mcpu=cortex-a9 -mfpu=vfpv3 -mfloat-abi=hard -nostartfiles -Wall -Wextra"
"Running Make include in ps7_cortexa9_0/libsrc/standalone_v6_3/src"
make -C ps7_cortexa9_0/libsrc/standalone_v6_3/src -s include  "SHELL=CMD" "COMPILER=arm-none-eabi-gcc" "ARCHIVER=arm-none-eabi-ar" "COMPILER_FLAGS=  -O2 -c" "EXTRA_COMPILER_FLAGS=-mcpu=cortex-a9 -mfpu=vfpv3 -mfloat-abi=hard -nostartfiles -Wall -Wextra"
"Running Make include in ps7_cortexa9_0/libsrc/uartps_v3_4/src"
make -C ps7_cortexa9_0/libsrc/uartps_v3_4/src -s include  "SHELL=CMD" "COMPILER=arm-none-eabi-gcc" "ARCHIVER=arm-none-eabi-ar" "COMPILER_FLAGS=  -O2 -c" "EXTRA_COMPILER_FLAGS=-mcpu=cortex-a9 -mfpu=vfpv3 -mfloat-abi=hard -nostartfiles -Wall -Wextra"
"Running Make include in ps7_cortexa9_0/libsrc/xadcps_v2_2/src"
make -C ps7_cortexa9_0/libsrc/xadcps_v2_2/src -s include  "SHELL=CMD" "COMPILER=arm-none-eabi-gcc" "ARCHIVER=arm-none-eabi-ar" "COMPILER_FLAGS=  -O2 -c" "EXTRA_COMPILER_FLAGS=-mcpu=cortex-a9 -mfpu=vfpv3 -mfloat-abi=hard -nostartfiles -Wall -Wextra"
"Running Make include in ps7_cortexa9_0/libsrc/xilffs_v3_6/src"
make -C ps7_cortexa9_0/libsrc/xilffs_v3_6/src -s include  "SHELL=CMD" "COMPILER=arm-none-eabi-gcc" "ARCHIVER=arm-none-eabi-ar" "COMPILER_FLAGS=  -O2 -c" "EXTRA_COMPILER_FLAGS=-mcpu=cortex-a9 -mfpu=vfpv3 -mfloat-abi=hard -nostartfiles -Wall -Wextra"
"Running Make libs in ps7_cortexa9_0/libsrc/classify_v1_0/src"
make -C ps7_cortexa9_0/libsrc/classify_v1_0/src -s libs  "SHELL=CMD" "COMPILER=arm-none-eabi-gcc" "ARCHIVER=arm-none-eabi-ar" "COMPILER_FLAGS=  -O2 -c" "EXTRA_COMPILER_FLAGS=-mcpu=cortex-a9 -mfpu=vfpv3 -mfloat-abi=hard -nostartfiles -Wall -Wextra"
"Compiling classify"
arm-none-eabi-ar: creating ../../../lib/libxil.a
"Running Make libs in ps7_cortexa9_0/libsrc/coresightps_dcc_v1_4/src"
make -C ps7_cortexa9_0/libsrc/coresightps_dcc_v1_4/src -s libs  "SHELL=CMD" "COMPILER=arm-none-eabi-gcc" "ARCHIVER=arm-none-eabi-ar" "COMPILER_FLAGS=  -O2 -c" "EXTRA_COMPILER_FLAGS=-mcpu=cortex-a9 -mfpu=vfpv3 -mfloat-abi=hard -nostartfiles -Wall -Wextra"
"Compiling coresightps_dcc"
"Running Make libs in ps7_cortexa9_0/libsrc/cpu_cortexa9_v2_4/src"
[...]
  reader.open((char*)path,FA_OPEN_EXISTING| FA_READ);
         ^~~~
../src/PreProcessing.h:70:9: error: request for member 'read' in '((PreProcesser*)this)->PreProcesser::reader', which is of pointer type 'FileSDCard*' (maybe you meant to use '->' ?)
  reader.read((char*)ch,1,1);
         ^~~~
../src/PreProcessing.h:75:11: error: request for member 'read' in '((PreProcesser*)this)->PreProcesser::reader', which is of pointer type 'FileSDCard*' (maybe you meant to use '->' ?)
    reader.read((char*)ch,1,0);
           ^~~~
../src/PreProcessing.h:85:11: error: request for member 'read' in '((PreProcesser*)this)->PreProcesser::reader', which is of pointer type 'FileSDCard*' (maybe you meant to use '->' ?)
    reader.read((char*)ch,1,0);
           ^~~~
../src/main.cc: In function 'int main()':
../src/main.cc:32:6: warning: unused variable 'Status' [-Wunused-variable]
  int Status;
      ^~~~~~
In file included from ../src/main.cc:10:0:
../src/PreProcessing.h: In member function 'u8 PreProcesser::gaussianBlur(u8*, u8*, u8*, u8, u8, u8)':
../src/PreProcessing.h:238:1: warning: control reaches end of non-void function [-Wreturn-type]
 }
 ^
make: *** [src/main.o] Error 1
13:41:09 **** Auto Build of configuration Debug for project neuralClassifier ****
make pre-build main-build 
a9-linaro-pre-build-step
' '
'Building file: ../src/main.cc'
'Invoking: ARM v7 g++ compiler'
arm-none-eabi-g++ -Wall -O0 -g3 -c -fmessage-length=0 -MT"src/main.o" -mcpu=cortex-a9 -mfpu=vfpv3 -mfloat-abi=hard -I../../standalone_bsp_3/ps7_cortexa9_0/include -MMD -MP -MF"src/main.d" -MT"src/main.o" -o "src/main.o" "../src/main.cc"
In file included from ../src/main.cc:10:0:
../src/PreProcessing.h: In member function 'void PreProcesser::loadGrayScaleImagePGM(char*, u8 (*)[28])':
../src/PreProcessing.h:68:9: error: request for member 'open' in '((PreProcesser*)this)->PreProcesser::reader', which is of pointer type 'FileSDCard*' (maybe you meant to use '->' ?)
  reader.open((char*)path,FA_OPEN_EXISTING| FA_READ);
         ^~~~
../src/PreProcessing.h:70:9: error: request for member 'read' in '((PreProcesser*)this)->PreProcesser::reader', which is of pointer type 'FileSDCard*' (maybe you meant to use '->' ?)
  reader.read((char*)ch,1,1);
         ^~~~
../src/PreProcessing.h:75:11: error: request for member 'read' in '((PreProcesser*)this)->PreProcesser::reader', which is of pointer type 'FileSDCard*' (maybe you meant to use '->' ?)
    reader.read((char*)ch,1,0);
           ^~~~
../src/PreProcessing.h:85:11: error: request for member 'read' in '((PreProcesser*)this)->PreProcesser::reader', which is of pointer type 'FileSDCard*' (maybe you meant to use '->' ?)
    reader.read((char*)ch,1,0);
           ^~~~
../src/main.cc: In function 'int main()':
../src/main.cc:32:6: warning: unused variable 'Status' [-Wunused-variable]
  int Status;
      ^~~~~~
In file included from ../src/main.cc:10:0:
../src/PreProcessing.h: In member function 'u8 PreProcesser::gaussianBlur(u8*, u8*, u8*, u8, u8, u8)':
../src/PreProcessing.h:238:1: warning: control reaches end of non-void function [-Wreturn-type]
 }
 ^
make: *** [src/main.o] Error 1
13:41:23 **** Auto Build of configuration Debug for project neuralClassifier ****
make pre-build main-build 
a9-linaro-pre-build-step
' '
'Building file: ../src/main.cc'
'Invoking: ARM v7 g++ compiler'
arm-none-eabi-g++ -Wall -O0 -g3 -c -fmessage-length=0 -MT"src/main.o" -mcpu=cortex-a9 -mfpu=vfpv3 -mfloat-abi=hard -I../../standalone_bsp_3/ps7_cortexa9_0/include -MMD -MP -MF"src/main.d" -MT"src/main.o" -o "src/main.o" "../src/main.cc"
In file included from ../src/main.cc:10:0:
../src/PreProcessing.h: In member function 'void PreProcesser::loadGrayScaleImagePGM(char*, u8 (*)[28])':
../src/PreProcessing.h:85:11: error: request for member 'read' in '((PreProcesser*)this)->PreProcesser::reader', which is of pointer type 'FileSDCard*' (maybe you meant to use '->' ?)
    reader.read((char*)ch,1,0);
           ^~~~
../src/main.cc: In function 'int main()':
../src/main.cc:32:6: warning: unused variable 'Status' [-Wunused-variable]
  int Status;
      ^~~~~~
In file included from ../src/main.cc:10:0:
../src/PreProcessing.h: In member function 'u8 PreProcesser::gaussianBlur(u8*, u8*, u8*, u8, u8, u8)':
../src/PreProcessing.h:238:1: warning: control reaches end of non-void function [-Wreturn-type]
 }
 ^
make: *** [src/main.o] Error 1
13:41:28 **** Auto Build of configuration Debug for project neuralClassifier ****
make pre-build main-build 
a9-linaro-pre-build-step
' '
'Building file: ../src/main.cc'
'Invoking: ARM v7 g++ compiler'
arm-none-eabi-g++ -Wall -O0 -g3 -c -fmessage-length=0 -MT"src/main.o" -mcpu=cortex-a9 -mfpu=vfpv3 -mfloat-abi=hard -I../../standalone_bsp_3/ps7_cortexa9_0/include -MMD -MP -MF"src/main.d" -MT"src/main.o" -o "src/main.o" "../src/main.cc"
../src/main.cc: In function 'int main()':
../src/main.cc:32:6: warning: unused variable 'Status' [-Wunused-variable]
  int Status;
      ^~~~~~
In file included from ../src/main.cc:10:0:
../src/PreProcessing.h: In member function 'u8 PreProcesser::gaussianBlur(u8*, u8*, u8*, u8, u8, u8)':
../src/PreProcessing.h:238:1: warning: control reaches end of non-void function [-Wreturn-type]
 }
 ^
'Finished building: ../src/main.cc'
' '
'Building target: neuralClassifier.elf'
'Invoking: ARM v7 g++ linker'
arm-none-eabi-g++ -mcpu=cortex-a9 -mfpu=vfpv3 -mfloat-abi=hard -Wl,-build-id=none -specs=Xilinx.spec -Wl,-T -Wl,../src/lscript.ld -L../../standalone_bsp_3/ps7_cortexa9_0/lib -o "neuralClassifier.elf"  ./src/FileSDCard.o ./src/TestFileSDCard.o ./src/main.o ./src/nnClassifier.o   -Wl,--start-group,-lxil,-lgcc,-lc,-lstdc++,--end-group -Wl,--start-group,-lxilffs,-lxil,-lgcc,-lc,--end-group -Wl,--start-group,-lxilffs,-lxil,-lgcc,-lc,--end-group
'Finished building target: neuralClassifier.elf'
' '
'Invoking: ARM v7 Print Size'
arm-none-eabi-size neuralClassifier.elf  |tee "neuralClassifier.elf.size"
   text	   data	    bss	    dec	    hex	filename
 189428	   2668	  25600	 217696	  35260	neuralClassifier.elf
'Finished building: neuralClassifier.elf.size'
' '
13:41:38 **** Incremental Build of configuration Debug for project neuralClassifier ****
make pre-build main-build 
a9-linaro-pre-build-step
' '
make: Nothing to be done for `main-build'.
13:41:39 **** Incremental Build of configuration Debug for project standalone_bsp_3_xscutimer_polled_example_1 ****
make pre-build main-build 
a9-linaro-pre-build-step
' '
make: Nothing to be done for `main-build'.
13:42:26 **** Auto Build of configuration Debug for project neuralClassifier ****
make pre-build main-build 
a9-linaro-pre-build-step
' '
'Building file: ../src/main.cc'
'Invoking: ARM v7 g++ compiler'
arm-none-eabi-g++ -Wall -O0 -g3 -c -fmessage-length=0 -MT"src/main.o" -mcpu=cortex-a9 -mfpu=vfpv3 -mfloat-abi=hard -I../../standalone_bsp_3/ps7_cortexa9_0/include -MMD -MP -MF"src/main.d" -MT"src/main.o" -o "src/main.o" "../src/main.cc"
../src/main.cc: In function 'int main()':
../src/main.cc:32:6: warning: unused variable 'Status' [-Wunused-variable]
  int Status;
      ^~~~~~
In file included from ../src/main.cc:10:0:
../src/PreProcessing.h: In member function 'u8 PreProcesser::gaussianBlur(u8*, u8*, u8*, u8, u8, u8)':
../src/PreProcessing.h:239:1: warning: control reaches end of non-void function [-Wreturn-type]
 }
 ^
'Finished building: ../src/main.cc'
' '
'Building target: neuralClassifier.elf'
'Invoking: ARM v7 g++ linker'
arm-none-eabi-g++ -mcpu=cortex-a9 -mfpu=vfpv3 -mfloat-abi=hard -Wl,-build-id=none -specs=Xilinx.spec -Wl,-T -Wl,../src/lscript.ld -L../../standalone_bsp_3/ps7_cortexa9_0/lib -o "neuralClassifier.elf"  ./src/FileSDCard.o ./src/TestFileSDCard.o ./src/main.o ./src/nnClassifier.o   -Wl,--start-group,-lxil,-lgcc,-lc,-lstdc++,--end-group -Wl,--start-group,-lxilffs,-lxil,-lgcc,-lc,--end-group -Wl,--start-group,-lxilffs,-lxil,-lgcc,-lc,--end-group
'Finished building target: neuralClassifier.elf'
' '
'Invoking: ARM v7 Print Size'
arm-none-eabi-size neuralClassifier.elf  |tee "neuralClassifier.elf.size"
   text	   data	    bss	    dec	    hex	filename
 189492	   2668	  25600	 217760	  352a0	neuralClassifier.elf
'Finished building: neuralClassifier.elf.size'
' '
13:42:52 **** Incremental Build of configuration Debug for project neuralClassifier ****
make pre-build main-build 
a9-linaro-pre-build-step
' '
make: Nothing to be done for `main-build'.
13:42:54 **** Incremental Build of configuration Debug for project standalone_bsp_3_xscutimer_polled_example_1 ****
make pre-build main-build 
a9-linaro-pre-build-step
' '
make: Nothing to be done for `main-build'.
13:43:38 **** Auto Build of configuration Debug for project neuralClassifier ****
make pre-build main-build 
a9-linaro-pre-build-step
' '
'Building file: ../src/main.cc'
'Invoking: ARM v7 g++ compiler'
arm-none-eabi-g++ -Wall -O0 -g3 -c -fmessage-length=0 -MT"src/main.o" -mcpu=cortex-a9 -mfpu=vfpv3 -mfloat-abi=hard -I../../standalone_bsp_3/ps7_cortexa9_0/include -MMD -MP -MF"src/main.d" -MT"src/main.o" -o "src/main.o" "../src/main.cc"
In file included from ../src/main.cc:10:0:
../src/PreProcessing.h: In member function 'void PreProcesser::runPreProcessing(char*, char*)':
../src/PreProcessing.h:57:29: error: 'image' was not declared in this scope
  loadGrayScaleImagePGM(path,image);
                             ^~~~~
../src/main.cc: In function 'int main()':
../src/main.cc:32:6: warning: unused variable 'Status' [-Wunused-variable]
  int Status;
      ^~~~~~
In file included from ../src/main.cc:10:0:
../src/PreProcessing.h: In member function 'u8 PreProcesser::gaussianBlur(u8*, u8*, u8*, u8, u8, u8)':
../src/PreProcessing.h:238:1: warning: control reaches end of non-void function [-Wreturn-type]
 }
 ^
make: *** [src/main.o] Error 1
13:43:42 **** Auto Build of configuration Debug for project neuralClassifier ****
make pre-build main-build 
a9-linaro-pre-build-step
' '
'Building file: ../src/main.cc'
'Invoking: ARM v7 g++ compiler'
arm-none-eabi-g++ -Wall -O0 -g3 -c -fmessage-length=0 -MT"src/main.o" -mcpu=cortex-a9 -mfpu=vfpv3 -mfloat-abi=hard -I../../standalone_bsp_3/ps7_cortexa9_0/include -MMD -MP -MF"src/main.d" -MT"src/main.o" -o "src/main.o" "../src/main.cc"
../src/main.cc: In function 'int main()':
../src/main.cc:32:6: warning: unused variable 'Status' [-Wunused-variable]
  int Status;
      ^~~~~~
In file included from ../src/main.cc:10:0:
../src/PreProcessing.h: In member function 'u8 PreProcesser::gaussianBlur(u8*, u8*, u8*, u8, u8, u8)':
../src/PreProcessing.h:239:1: warning: control reaches end of non-void function [-Wreturn-type]
 }
 ^
'Finished building: ../src/main.cc'
' '
'Building target: neuralClassifier.elf'
'Invoking: ARM v7 g++ linker'
arm-none-eabi-g++ -mcpu=cortex-a9 -mfpu=vfpv3 -mfloat-abi=hard -Wl,-build-id=none -specs=Xilinx.spec -Wl,-T -Wl,../src/lscript.ld -L../../standalone_bsp_3/ps7_cortexa9_0/lib -o "neuralClassifier.elf"  ./src/FileSDCard.o ./src/TestFileSDCard.o ./src/main.o ./src/nnClassifier.o   -Wl,--start-group,-lxil,-lgcc,-lc,-lstdc++,--end-group -Wl,--start-group,-lxilffs,-lxil,-lgcc,-lc,--end-group -Wl,--start-group,-lxilffs,-lxil,-lgcc,-lc,--end-group
'Finished building target: neuralClassifier.elf'
' '
'Invoking: ARM v7 Print Size'
arm-none-eabi-size neuralClassifier.elf  |tee "neuralClassifier.elf.size"
   text	   data	    bss	    dec	    hex	filename
 189492	   2668	  25600	 217760	  352a0	neuralClassifier.elf
'Finished building: neuralClassifier.elf.size'
' '
13:43:52 **** Incremental Build of configuration Debug for project neuralClassifier ****
make pre-build main-build 
a9-linaro-pre-build-step
' '
make: Nothing to be done for `main-build'.
13:43:53 **** Incremental Build of configuration Debug for project standalone_bsp_3_xscutimer_polled_example_1 ****
make pre-build main-build 
a9-linaro-pre-build-step
' '
make: Nothing to be done for `main-build'.
13:45:16 **** Auto Build of configuration Debug for project neuralClassifier ****
make pre-build main-build 
a9-linaro-pre-build-step
' '
'Building file: ../src/main.cc'
'Invoking: ARM v7 g++ compiler'
arm-none-eabi-g++ -Wall -O0 -g3 -c -fmessage-length=0 -MT"src/main.o" -mcpu=cortex-a9 -mfpu=vfpv3 -mfloat-abi=hard -I../../standalone_bsp_3/ps7_cortexa9_0/include -MMD -MP -MF"src/main.d" -MT"src/main.o" -o "src/main.o" "../src/main.cc"
../src/main.cc: In function 'int main()':
../src/main.cc:32:6: warning: unused variable 'Status' [-Wunused-variable]
  int Status;
      ^~~~~~
In file included from ../src/main.cc:10:0:
../src/PreProcessing.h: In member function 'u8 PreProcesser::gaussianBlur(u8*, u8*, u8*, u8, u8, u8)':
../src/PreProcessing.h:239:1: warning: control reaches end of non-void function [-Wreturn-type]
 }
 ^
'Finished building: ../src/main.cc'
' '
'Building target: neuralClassifier.elf'
'Invoking: ARM v7 g++ linker'
arm-none-eabi-g++ -mcpu=cortex-a9 -mfpu=vfpv3 -mfloat-abi=hard -Wl,-build-id=none -specs=Xilinx.spec -Wl,-T -Wl,../src/lscript.ld -L../../standalone_bsp_3/ps7_cortexa9_0/lib -o "neuralClassifier.elf"  ./src/FileSDCard.o ./src/TestFileSDCard.o ./src/main.o ./src/nnClassifier.o   -Wl,--start-group,-lxil,-lgcc,-lc,-lstdc++,--end-group -Wl,--start-group,-lxilffs,-lxil,-lgcc,-lc,--end-group -Wl,--start-group,-lxilffs,-lxil,-lgcc,-lc,--end-group
'Finished building target: neuralClassifier.elf'
' '
'Invoking: ARM v7 Print Size'
arm-none-eabi-size neuralClassifier.elf  |tee "neuralClassifier.elf.size"
   text	   data	    bss	    dec	    hex	filename
 189492	   2668	  25600	 217760	  352a0	neuralClassifier.elf
'Finished building: neuralClassifier.elf.size'
' '
13:45:21 **** Auto Build of configuration Debug for project neuralClassifier ****
make pre-build main-build 
a9-linaro-pre-build-step
' '
'Building file: ../src/main.cc'
'Invoking: ARM v7 g++ compiler'
arm-none-eabi-g++ -Wall -O0 -g3 -c -fmessage-length=0 -MT"src/main.o" -mcpu=cortex-a9 -mfpu=vfpv3 -mfloat-abi=hard -I../../standalone_bsp_3/ps7_cortexa9_0/include -MMD -MP -MF"src/main.d" -MT"src/main.o" -o "src/main.o" "../src/main.cc"
../src/main.cc: In function 'int main()':
../src/main.cc:32:6: warning: unused variable 'Status' [-Wunused-variable]
  int Status;
      ^~~~~~
In file included from ../src/main.cc:10:0:
../src/PreProcessing.h: In member function 'u8 PreProcesser::gaussianBlur(u8*, u8*, u8*, u8, u8, u8)':
../src/PreProcessing.h:239:1: warning: control reaches end of non-void function [-Wreturn-type]
 }
 ^
'Finished building: ../src/main.cc'
' '
'Building target: neuralClassifier.elf'
'Invoking: ARM v7 g++ linker'
arm-none-eabi-g++ -mcpu=cortex-a9 -mfpu=vfpv3 -mfloat-abi=hard -Wl,-build-id=none -specs=Xilinx.spec -Wl,-T -Wl,../src/lscript.ld -L../../standalone_bsp_3/ps7_cortexa9_0/lib -o "neuralClassifier.elf"  ./src/FileSDCard.o ./src/TestFileSDCard.o ./src/main.o ./src/nnClassifier.o   -Wl,--start-group,-lxil,-lgcc,-lc,-lstdc++,--end-group -Wl,--start-group,-lxilffs,-lxil,-lgcc,-lc,--end-group -Wl,--start-group,-lxilffs,-lxil,-lgcc,-lc,--end-group
'Finished building target: neuralClassifier.elf'
' '
'Invoking: ARM v7 Print Size'
arm-none-eabi-size neuralClassifier.elf  |tee "neuralClassifier.elf.size"
   text	   data	    bss	    dec	    hex	filename
 189492	   2668	  25600	 217760	  352a0	neuralClassifier.elf
'Finished building: neuralClassifier.elf.size'
' '
13:45:32 **** Incremental Build of configuration Debug for project neuralClassifier ****
make pre-build main-build 
a9-linaro-pre-build-step
' '
make: Nothing to be done for `main-build'.
13:45:33 **** Incremental Build of configuration Debug for project standalone_bsp_3_xscutimer_polled_example_1 ****
make pre-build main-build 
a9-linaro-pre-build-step
' '
make: Nothing to be done for `main-build'.
13:46:10 **** Auto Build of configuration Debug for project neuralClassifier ****
make pre-build main-build 
a9-linaro-pre-build-step
' '
'Building file: ../src/main.cc'
'Invoking: ARM v7 g++ compiler'
arm-none-eabi-g++ -Wall -O0 -g3 -c -fmessage-length=0 -MT"src/main.o" -mcpu=cortex-a9 -mfpu=vfpv3 -mfloat-abi=hard -I../../standalone_bsp_3/ps7_cortexa9_0/include -MMD -MP -MF"src/main.d" -MT"src/main.o" -o "src/main.o" "../src/main.cc"
../src/main.cc: In function 'int main()':
../src/main.cc:32:6: warning: unused variable 'Status' [-Wunused-variable]
  int Status;
      ^~~~~~
In file included from ../src/main.cc:10:0:
../src/PreProcessing.h: In member function 'u8 PreProcesser::gaussianBlur(u8*, u8*, u8*, u8, u8, u8)':
../src/PreProcessing.h:239:1: warning: control reaches end of non-void function [-Wreturn-type]
 }
 ^
'Finished building: ../src/main.cc'
' '
'Building target: neuralClassifier.elf'
'Invoking: ARM v7 g++ linker'
arm-none-eabi-g++ -mcpu=cortex-a9 -mfpu=vfpv3 -mfloat-abi=hard -Wl,-build-id=none -specs=Xilinx.spec -Wl,-T -Wl,../src/lscript.ld -L../../standalone_bsp_3/ps7_cortexa9_0/lib -o "neuralClassifier.elf"  ./src/FileSDCard.o ./src/TestFileSDCard.o ./src/main.o ./src/nnClassifier.o   -Wl,--start-group,-lxil,-lgcc,-lc,-lstdc++,--end-group -Wl,--start-group,-lxilffs,-lxil,-lgcc,-lc,--end-group -Wl,--start-group,-lxilffs,-lxil,-lgcc,-lc,--end-group
'Finished building target: neuralClassifier.elf'
' '
'Invoking: ARM v7 Print Size'
arm-none-eabi-size neuralClassifier.elf  |tee "neuralClassifier.elf.size"
   text	   data	    bss	    dec	    hex	filename
 189492	   2668	  25600	 217760	  352a0	neuralClassifier.elf
'Finished building: neuralClassifier.elf.size'
' '
13:46:19 **** Incremental Build of configuration Debug for project neuralClassifier ****
make pre-build main-build 
a9-linaro-pre-build-step
' '
make: Nothing to be done for `main-build'.
13:46:20 **** Incremental Build of configuration Debug for project standalone_bsp_3_xscutimer_polled_example_1 ****
make pre-build main-build 
a9-linaro-pre-build-step
' '
make: Nothing to be done for `main-build'.
13:47:49 **** Auto Build of configuration Debug for project neuralClassifier ****
make pre-build main-build 
a9-linaro-pre-build-step
' '
'Building file: ../src/main.cc'
'Invoking: ARM v7 g++ compiler'
arm-none-eabi-g++ -Wall -O0 -g3 -c -fmessage-length=0 -MT"src/main.o" -mcpu=cortex-a9 -mfpu=vfpv3 -mfloat-abi=hard -I../../standalone_bsp_3/ps7_cortexa9_0/include -MMD -MP -MF"src/main.d" -MT"src/main.o" -o "src/main.o" "../src/main.cc"
../src/main.cc: In function 'int main()':
../src/main.cc:32:6: warning: unused variable 'Status' [-Wunused-variable]
  int Status;
      ^~~~~~
In file included from ../src/main.cc:10:0:
../src/PreProcessing.h: In member function 'u8 PreProcesser::gaussianBlur(u8*, u8*, u8*, u8, u8, u8)':
../src/PreProcessing.h:239:1: warning: control reaches end of non-void function [-Wreturn-type]
 }
 ^
'Finished building: ../src/main.cc'
' '
'Building target: neuralClassifier.elf'
'Invoking: ARM v7 g++ linker'
arm-none-eabi-g++ -mcpu=cortex-a9 -mfpu=vfpv3 -mfloat-abi=hard -Wl,-build-id=none -specs=Xilinx.spec -Wl,-T -Wl,../src/lscript.ld -L../../standalone_bsp_3/ps7_cortexa9_0/lib -o "neuralClassifier.elf"  ./src/FileSDCard.o ./src/TestFileSDCard.o ./src/main.o ./src/nnClassifier.o   -Wl,--start-group,-lxil,-lgcc,-lc,-lstdc++,--end-group -Wl,--start-group,-lxilffs,-lxil,-lgcc,-lc,--end-group -Wl,--start-group,-lxilffs,-lxil,-lgcc,-lc,--end-group
'Finished building target: neuralClassifier.elf'
' '
'Invoking: ARM v7 Print Size'
arm-none-eabi-size neuralClassifier.elf  |tee "neuralClassifier.elf.size"
   text	   data	    bss	    dec	    hex	filename
 189492	   2668	  25600	 217760	  352a0	neuralClassifier.elf
'Finished building: neuralClassifier.elf.size'
' '
13:47:56 **** Incremental Build of configuration Debug for project neuralClassifier ****
make pre-build main-build 
a9-linaro-pre-build-step
' '
make: Nothing to be done for `main-build'.
13:47:57 **** Incremental Build of configuration Debug for project standalone_bsp_3_xscutimer_polled_example_1 ****
make pre-build main-build 
a9-linaro-pre-build-step
' '
make: Nothing to be done for `main-build'.
