Copyright 1986-2017 Xilinx, Inc. All Rights Reserved.
-------------------------------------------------------------------------------------------
| Tool Version : Vivado v.2017.2 (win64) Build 1909853 Thu Jun 15 18:39:09 MDT 2017
| Date         : Tue Dec 31 14:56:07 2019
| Host         : DESKTOP-A2UBRF5 running 64-bit major release  (build 9200)
| Command      : report_control_sets -verbose -file system_wrapper_control_sets_placed.rpt
| Design       : system_wrapper
| Device       : xc7z010
-------------------------------------------------------------------------------------------

Control Set Information

Table of Contents
-----------------
1. Summary
2. Flip-Flop Distribution
3. Detailed Control Set Information

1. Summary
----------

+----------------------------------------------------------+-------+
|                          Status                          | Count |
+----------------------------------------------------------+-------+
| Number of unique control sets                            |   163 |
| Unused register locations in slices containing registers |   378 |
+----------------------------------------------------------+-------+


2. Flip-Flop Distribution
-------------------------

+--------------+-----------------------+------------------------+-----------------+--------------+
| Clock Enable | Synchronous Set/Reset | Asynchronous Set/Reset | Total Registers | Total Slices |
+--------------+-----------------------+------------------------+-----------------+--------------+
| No           | No                    | No                     |             148 |           50 |
| No           | No                    | Yes                    |               0 |            0 |
| No           | Yes                   | No                     |             295 |          123 |
| Yes          | No                    | No                     |            1005 |          273 |
| Yes          | No                    | Yes                    |               0 |            0 |
| Yes          | Yes                   | No                     |             430 |          110 |
+--------------+-----------------------+------------------------+-----------------+--------------+


3. Detailed Control Set Information
-----------------------------------

+-----------------------------------------------+-------------------------------------------------------------------------------------------------------------------------------------------------------------+----------------------------------------------------------------------------------------------------------------------------------------+------------------+----------------+
|                  Clock Signal                 |                                                                        Enable Signal                                                                        |                                                            Set/Reset Signal                                                            | Slice Load Count | Bel Load Count |
+-----------------------------------------------+-------------------------------------------------------------------------------------------------------------------------------------------------------------+----------------------------------------------------------------------------------------------------------------------------------------+------------------+----------------+
|  system_i/processing_system7_0/inst/FCLK_CLK0 | system_i/ps7_0_axi_periph/s00_couplers/auto_pc/inst/gen_axilite.gen_b2s_conv.axilite_b2s/WR.b_channel_0/bid_fifo_0/bresp_push                               |                                                                                                                                        |                1 |              2 |
|  system_i/processing_system7_0/inst/FCLK_CLK0 | system_i/axi_gpio_0/U0/AXI_LITE_IPIF_I/I_SLAVE_ATTACHMENT/bus2ip_addr_i[8]_i_1_n_0                                                                          | system_i/axi_gpio_0/U0/AXI_LITE_IPIF_I/I_SLAVE_ATTACHMENT/SR                                                                           |                1 |              4 |
|  system_i/processing_system7_0/inst/FCLK_CLK0 |                                                                                                                                                             | system_i/axi_gpio_0/U0/AXI_LITE_IPIF_I/I_SLAVE_ATTACHMENT/I_DECODER/Not_Dual.ALLIN1_ND.READ_REG_GEN[0].GPIO_DBus_i_reg[28]             |                1 |              4 |
|  system_i/processing_system7_0/inst/FCLK_CLK0 |                                                                                                                                                             | system_i/axi_gpio_0/U0/AXI_LITE_IPIF_I/I_SLAVE_ATTACHMENT/clear                                                                        |                1 |              4 |
|  system_i/processing_system7_0/inst/FCLK_CLK0 | system_i/classify_0/U0/max1_i_reg_1922                                                                                                                      | system_i/classify_0/U0/k_i_reg_1932[3]_i_1_n_35                                                                                        |                1 |              4 |
|  system_i/processing_system7_0/inst/FCLK_CLK0 | system_i/ps7_0_axi_periph/s00_couplers/auto_pc/inst/gen_axilite.gen_b2s_conv.axilite_b2s/RD.ar_channel_0/ar_cmd_fsm_0/axlen_cnt_reg[4][0]                   | system_i/ps7_0_axi_periph/s00_couplers/auto_pc/inst/gen_axilite.gen_b2s_conv.axilite_b2s/RD.ar_channel_0/ar_cmd_fsm_0/axlen_cnt_reg[7] |                1 |              4 |
|  system_i/processing_system7_0/inst/FCLK_CLK0 | system_i/classify_0/U0/tmp_i_i_reg_4932[3]_i_1_n_35                                                                                                         |                                                                                                                                        |                1 |              4 |
|  system_i/processing_system7_0/inst/FCLK_CLK0 | system_i/axi_gpio_0/U0/AXI_LITE_IPIF_I/I_SLAVE_ATTACHMENT/I_DECODER/Not_Dual.gpio_OE_reg[0][0]                                                              | system_i/axi_gpio_0/U0/AXI_LITE_IPIF_I/I_SLAVE_ATTACHMENT/SR                                                                           |                1 |              4 |
|  system_i/processing_system7_0/inst/FCLK_CLK0 |                                                                                                                                                             | system_i/ps7_0_axi_periph/s00_couplers/auto_pc/inst/gen_axilite.gen_b2s_conv.axilite_b2s/SI_REG/ar_pipe/m_valid_i_reg_0                |                3 |              4 |
|  system_i/processing_system7_0/inst/FCLK_CLK0 |                                                                                                                                                             | system_i/ps7_0_axi_periph/s00_couplers/auto_pc/inst/gen_axilite.gen_b2s_conv.axilite_b2s/SI_REG/aw_pipe/s_ready_i_reg_0                |                3 |              4 |
|  system_i/processing_system7_0/inst/FCLK_CLK0 | system_i/classify_0/U0/ap_CS_fsm_state133                                                                                                                   | system_i/classify_0/U0/k_reg_1944[3]_i_1_n_35                                                                                          |                1 |              4 |
|  system_i/processing_system7_0/inst/FCLK_CLK0 | system_i/axi_gpio_0/U0/AXI_LITE_IPIF_I/I_SLAVE_ATTACHMENT/s_axi_rdata_i[3]_i_1_n_0                                                                          | system_i/axi_gpio_0/U0/AXI_LITE_IPIF_I/I_SLAVE_ATTACHMENT/SR                                                                           |                1 |              4 |
|  system_i/processing_system7_0/inst/FCLK_CLK0 | system_i/classify_0/U0/classify_NNIO_s_axi_U/int_ap_return[3]_i_1_n_35                                                                                      | system_i/classify_0/U0/grp_RELU_fu_1955/ap_CS_fsm_reg[0]_0[0]                                                                          |                1 |              4 |
|  system_i/processing_system7_0/inst/FCLK_CLK0 | system_i/classify_0/U0/we0                                                                                                                                  | system_i/classify_0/U0/grp_RELU_fu_1955/SR[0]                                                                                          |                1 |              4 |
|  system_i/processing_system7_0/inst/FCLK_CLK0 | system_i/ps7_0_axi_periph/s00_couplers/auto_pc/inst/gen_axilite.gen_b2s_conv.axilite_b2s/WR.aw_channel_0/aw_cmd_fsm_0/axaddr_wrap_reg[0]                    | system_i/ps7_0_axi_periph/s00_couplers/auto_pc/inst/gen_axilite.gen_b2s_conv.axilite_b2s/WR.aw_channel_0/aw_cmd_fsm_0/axlen_cnt_reg[7] |                2 |              4 |
|  system_i/processing_system7_0/inst/FCLK_CLK0 | system_i/classify_0/U0/ap_CS_fsm_state104                                                                                                                   | system_i/classify_0/U0/i_i26_reg_1760[4]_i_1_n_35                                                                                      |                3 |              5 |
|  system_i/processing_system7_0/inst/FCLK_CLK0 | system_i/classify_0/U0/ap_CS_fsm_state117                                                                                                                   |                                                                                                                                        |                2 |              5 |
|  system_i/processing_system7_0/inst/FCLK_CLK0 | system_i/classify_0/U0/ap_CS_fsm_state101                                                                                                                   | system_i/classify_0/U0/i_i25_reg_1736[4]_i_1_n_35                                                                                      |                1 |              5 |
|  system_i/processing_system7_0/inst/FCLK_CLK0 |                                                                                                                                                             | system_i/rst_ps7_0_100M/U0/EXT_LPF/lpf_int                                                                                             |                1 |              5 |
|  system_i/processing_system7_0/inst/FCLK_CLK0 | system_i/classify_0/U0/ap_CS_fsm_state28                                                                                                                    |                                                                                                                                        |                1 |              5 |
|  system_i/processing_system7_0/inst/FCLK_CLK0 | system_i/classify_0/U0/ap_CS_fsm_state5                                                                                                                     | system_i/classify_0/U0/classify_NNIO_s_axi_U/i_i_reg_1135_reg[4][0]                                                                    |                1 |              5 |
|  system_i/processing_system7_0/inst/FCLK_CLK0 | system_i/classify_0/U0/ap_CS_fsm_state102                                                                                                                   |                                                                                                                                        |                3 |              5 |
|  system_i/processing_system7_0/inst/FCLK_CLK0 | system_i/classify_0/U0/classify_NNIO_s_axi_U/rdata_data[31]_i_2_n_35                                                                                        |                                                                                                                                        |                2 |              5 |
|  system_i/processing_system7_0/inst/FCLK_CLK0 | system_i/classify_0/U0/ap_CS_fsm_state45                                                                                                                    | system_i/classify_0/U0/i_i11_reg_1398[4]_i_1_n_35                                                                                      |                1 |              5 |
|  system_i/processing_system7_0/inst/FCLK_CLK0 | system_i/classify_0/U0/ap_CS_fsm_state116                                                                                                                   | system_i/classify_0/U0/i_i30_reg_1852[4]_i_1_n_35                                                                                      |                1 |              5 |
|  system_i/processing_system7_0/inst/FCLK_CLK0 | system_i/classify_0/U0/ap_CS_fsm_state105                                                                                                                   |                                                                                                                                        |                1 |              5 |
|  system_i/processing_system7_0/inst/FCLK_CLK0 | system_i/classify_0/U0/ap_CS_fsm_state113                                                                                                                   | system_i/classify_0/U0/i_i29_reg_1829[4]_i_1_n_35                                                                                      |                1 |              5 |
|  system_i/processing_system7_0/inst/FCLK_CLK0 | system_i/classify_0/U0/ap_CS_fsm_state90                                                                                                                    |                                                                                                                                        |                2 |              5 |
|  system_i/processing_system7_0/inst/FCLK_CLK0 | system_i/classify_0/U0/ap_CS_fsm_state108                                                                                                                   |                                                                                                                                        |                2 |              5 |
|  system_i/processing_system7_0/inst/FCLK_CLK0 | system_i/classify_0/U0/ap_CS_fsm_state49                                                                                                                    | system_i/classify_0/U0/i_i12_reg_1422[4]_i_1_n_35                                                                                      |                2 |              5 |
|  system_i/processing_system7_0/inst/FCLK_CLK0 | system_i/classify_0/U0/ap_CS_fsm_state111                                                                                                                   |                                                                                                                                        |                2 |              5 |
|  system_i/processing_system7_0/inst/FCLK_CLK0 | system_i/classify_0/U0/ap_CS_fsm_state114                                                                                                                   |                                                                                                                                        |                2 |              5 |
|  system_i/processing_system7_0/inst/FCLK_CLK0 | system_i/classify_0/U0/ap_CS_fsm_state119                                                                                                                   | system_i/classify_0/U0/i_i31_reg_1876[4]_i_1_n_35                                                                                      |                1 |              5 |
|  system_i/processing_system7_0/inst/FCLK_CLK0 | system_i/classify_0/U0/ap_CS_fsm_state98                                                                                                                    |                                                                                                                                        |                2 |              5 |
|  system_i/processing_system7_0/inst/FCLK_CLK0 | system_i/classify_0/U0/ap_CS_fsm_state97                                                                                                                    | system_i/classify_0/U0/i_i24_reg_1712[4]_i_1_n_35                                                                                      |                1 |              5 |
|  system_i/processing_system7_0/inst/FCLK_CLK0 | system_i/classify_0/U0/ap_CS_fsm_state94                                                                                                                    |                                                                                                                                        |                1 |              5 |
|  system_i/processing_system7_0/inst/FCLK_CLK0 | system_i/classify_0/U0/ap_CS_fsm_state9                                                                                                                     |                                                                                                                                        |                2 |              5 |
|  system_i/processing_system7_0/inst/FCLK_CLK0 | system_i/classify_0/U0/ap_CS_fsm_state93                                                                                                                    | system_i/classify_0/U0/i_i23_reg_1688[4]_i_1_n_35                                                                                      |                1 |              5 |
|  system_i/processing_system7_0/inst/FCLK_CLK0 | system_i/classify_0/U0/ap_CS_fsm_state86                                                                                                                    |                                                                                                                                        |                2 |              5 |
|  system_i/processing_system7_0/inst/FCLK_CLK0 | system_i/classify_0/U0/ap_CS_fsm_state85                                                                                                                    | system_i/classify_0/U0/i_i21_reg_1640[4]_i_1_n_35                                                                                      |                3 |              5 |
|  system_i/processing_system7_0/inst/FCLK_CLK0 | system_i/classify_0/U0/ap_CS_fsm_state82                                                                                                                    |                                                                                                                                        |                2 |              5 |
|  system_i/processing_system7_0/inst/FCLK_CLK0 | system_i/classify_0/U0/ap_CS_fsm_state81                                                                                                                    | system_i/classify_0/U0/i_i20_reg_1616[4]_i_1_n_35                                                                                      |                1 |              5 |
|  system_i/processing_system7_0/inst/FCLK_CLK0 | system_i/classify_0/U0/ap_CS_fsm_state78                                                                                                                    |                                                                                                                                        |                1 |              5 |
|  system_i/processing_system7_0/inst/FCLK_CLK0 | system_i/classify_0/U0/ap_CS_fsm_state74                                                                                                                    |                                                                                                                                        |                1 |              5 |
|  system_i/processing_system7_0/inst/FCLK_CLK0 | system_i/classify_0/U0/ap_CS_fsm_state12                                                                                                                    |                                                                                                                                        |                1 |              5 |
|  system_i/processing_system7_0/inst/FCLK_CLK0 | system_i/classify_0/U0/ap_CS_fsm_state70                                                                                                                    |                                                                                                                                        |                1 |              5 |
|  system_i/processing_system7_0/inst/FCLK_CLK0 | system_i/classify_0/U0/ap_CS_fsm_state66                                                                                                                    |                                                                                                                                        |                1 |              5 |
|  system_i/processing_system7_0/inst/FCLK_CLK0 | system_i/classify_0/U0/ap_CS_fsm_state62                                                                                                                    |                                                                                                                                        |                1 |              5 |
|  system_i/processing_system7_0/inst/FCLK_CLK0 | system_i/classify_0/U0/ap_CS_fsm_state6                                                                                                                     |                                                                                                                                        |                2 |              5 |
|  system_i/processing_system7_0/inst/FCLK_CLK0 | system_i/classify_0/U0/ap_CS_fsm_state77                                                                                                                    | system_i/classify_0/U0/i_i19_reg_1592[4]_i_1_n_35                                                                                      |                2 |              5 |
|  system_i/processing_system7_0/inst/FCLK_CLK0 | system_i/classify_0/U0/ap_CS_fsm_state73                                                                                                                    | system_i/classify_0/U0/i_i18_reg_1568[4]_i_1_n_35                                                                                      |                2 |              5 |
|  system_i/processing_system7_0/inst/FCLK_CLK0 | system_i/classify_0/U0/ap_CS_fsm_state58                                                                                                                    |                                                                                                                                        |                2 |              5 |
|  system_i/processing_system7_0/inst/FCLK_CLK0 | system_i/classify_0/U0/ap_CS_fsm_state61                                                                                                                    | system_i/classify_0/U0/i_i15_reg_1495[4]_i_1_n_35                                                                                      |                1 |              5 |
|  system_i/processing_system7_0/inst/FCLK_CLK0 | system_i/classify_0/U0/ap_CS_fsm_state54                                                                                                                    |                                                                                                                                        |                1 |              5 |
|  system_i/processing_system7_0/inst/FCLK_CLK0 | system_i/classify_0/U0/ap_CS_fsm_state8                                                                                                                     | system_i/classify_0/U0/i_i4_reg_1159[4]_i_1_n_35                                                                                       |                1 |              5 |
|  system_i/processing_system7_0/inst/FCLK_CLK0 | system_i/classify_0/U0/ap_CS_fsm_state50                                                                                                                    |                                                                                                                                        |                1 |              5 |
|  system_i/processing_system7_0/inst/FCLK_CLK0 | system_i/classify_0/U0/ap_CS_fsm_state65                                                                                                                    | system_i/classify_0/U0/i_i16_reg_1519[4]_i_1_n_35                                                                                      |                1 |              5 |
|  system_i/processing_system7_0/inst/FCLK_CLK0 | system_i/classify_0/U0/ap_CS_fsm_state46                                                                                                                    |                                                                                                                                        |                1 |              5 |
|  system_i/processing_system7_0/inst/FCLK_CLK0 | system_i/classify_0/U0/ap_CS_fsm_state42                                                                                                                    |                                                                                                                                        |                1 |              5 |
|  system_i/processing_system7_0/inst/FCLK_CLK0 | system_i/classify_0/U0/ap_CS_fsm_state39                                                                                                                    |                                                                                                                                        |                2 |              5 |
|  system_i/processing_system7_0/inst/FCLK_CLK0 | system_i/classify_0/U0/ap_CS_fsm_state36                                                                                                                    |                                                                                                                                        |                1 |              5 |
|  system_i/processing_system7_0/inst/FCLK_CLK0 | system_i/classify_0/U0/ap_CS_fsm_state69                                                                                                                    | system_i/classify_0/U0/i_i17_reg_1544[4]_i_1_n_35                                                                                      |                2 |              5 |
|  system_i/processing_system7_0/inst/FCLK_CLK0 | system_i/classify_0/U0/ap_CS_fsm_state89                                                                                                                    | system_i/classify_0/U0/i_i22_reg_1664[4]_i_1_n_35                                                                                      |                1 |              5 |
|  system_i/processing_system7_0/inst/FCLK_CLK0 | system_i/classify_0/U0/ap_CS_fsm_state123                                                                                                                   |                                                                                                                                        |                1 |              5 |
|  system_i/processing_system7_0/inst/FCLK_CLK0 | system_i/classify_0/U0/ap_CS_fsm_state15                                                                                                                    | system_i/classify_0/U0/i_i2_reg_1205[4]_i_1_n_35                                                                                       |                1 |              5 |
|  system_i/processing_system7_0/inst/FCLK_CLK0 | system_i/classify_0/U0/ap_CS_fsm_state57                                                                                                                    | system_i/classify_0/U0/i_i14_reg_1470[4]_i_1_n_35                                                                                      |                1 |              5 |
|  system_i/processing_system7_0/inst/FCLK_CLK0 | system_i/classify_0/U0/ap_CS_fsm_state19                                                                                                                    | system_i/classify_0/U0/i_i3_reg_1230[4]_i_1_n_35                                                                                       |                1 |              5 |
|  system_i/processing_system7_0/inst/FCLK_CLK0 | system_i/classify_0/U0/ap_CS_fsm_state41                                                                                                                    | system_i/classify_0/U0/i_i10_reg_1374[4]_i_1_n_35                                                                                      |                1 |              5 |
|  system_i/processing_system7_0/inst/FCLK_CLK0 | system_i/classify_0/U0/ap_CS_fsm_state53                                                                                                                    | system_i/classify_0/U0/i_i13_reg_1446[4]_i_1_n_35                                                                                      |                2 |              5 |
|  system_i/processing_system7_0/inst/FCLK_CLK0 | system_i/classify_0/U0/ap_CS_fsm_state38                                                                                                                    | system_i/classify_0/U0/i_i9_reg_1351[4]_i_1_n_35                                                                                       |                1 |              5 |
|  system_i/processing_system7_0/inst/FCLK_CLK0 | system_i/classify_0/U0/ap_CS_fsm_state16                                                                                                                    |                                                                                                                                        |                1 |              5 |
|  system_i/processing_system7_0/inst/FCLK_CLK0 | system_i/classify_0/U0/ap_CS_fsm_state35                                                                                                                    | system_i/classify_0/U0/i_i8_reg_1327[4]_i_1_n_35                                                                                       |                1 |              5 |
|  system_i/processing_system7_0/inst/FCLK_CLK0 | system_i/classify_0/U0/ap_CS_fsm_state23                                                                                                                    | system_i/classify_0/U0/i_i5_reg_1254[4]_i_1_n_35                                                                                       |                1 |              5 |
|  system_i/processing_system7_0/inst/FCLK_CLK0 | system_i/classify_0/U0/ap_CS_fsm_state2                                                                                                                     |                                                                                                                                        |                2 |              5 |
|  system_i/processing_system7_0/inst/FCLK_CLK0 | system_i/classify_0/U0/ap_CS_fsm_state20                                                                                                                    |                                                                                                                                        |                2 |              5 |
|  system_i/processing_system7_0/inst/FCLK_CLK0 | system_i/classify_0/U0/ap_CS_fsm_state31                                                                                                                    | system_i/classify_0/U0/i_i7_reg_1303[4]_i_1_n_35                                                                                       |                2 |              5 |
|  system_i/processing_system7_0/inst/FCLK_CLK0 | system_i/classify_0/U0/ap_CS_fsm_state32                                                                                                                    |                                                                                                                                        |                2 |              5 |
|  system_i/processing_system7_0/inst/FCLK_CLK0 | system_i/classify_0/U0/ap_CS_fsm_state24                                                                                                                    |                                                                                                                                        |                2 |              5 |
|  system_i/processing_system7_0/inst/FCLK_CLK0 | system_i/classify_0/U0/ap_CS_fsm_state110                                                                                                                   | system_i/classify_0/U0/i_i28_reg_1806[4]_i_1_n_35                                                                                      |                2 |              5 |
|  system_i/processing_system7_0/inst/FCLK_CLK0 | system_i/classify_0/U0/ap_CS_fsm_state11                                                                                                                    | system_i/classify_0/U0/i_i1_reg_1182[4]_i_1_n_35                                                                                       |                1 |              5 |
|  system_i/processing_system7_0/inst/FCLK_CLK0 | system_i/classify_0/U0/ap_CS_fsm_state107                                                                                                                   | system_i/classify_0/U0/i_i27_reg_1783[4]_i_1_n_35                                                                                      |                1 |              5 |
|  system_i/processing_system7_0/inst/FCLK_CLK0 | system_i/classify_0/U0/ap_CS_fsm_state27                                                                                                                    | system_i/classify_0/U0/i_i6_reg_1278[4]_i_1_n_35                                                                                       |                1 |              5 |
|  system_i/processing_system7_0/inst/FCLK_CLK0 | system_i/classify_0/U0/classify_NNIO_s_axi_U/aw_hs                                                                                                          |                                                                                                                                        |                2 |              6 |
|  system_i/processing_system7_0/inst/FCLK_CLK0 | system_i/rst_ps7_0_100M/U0/SEQ/seq_cnt_en                                                                                                                   | system_i/rst_ps7_0_100M/U0/SEQ/SEQ_COUNTER/clear                                                                                       |                1 |              6 |
|  system_i/processing_system7_0/inst/FCLK_CLK0 | system_i/classify_0/U0/mem_index_gep6_reg_4300[5]_i_1_n_35                                                                                                  |                                                                                                                                        |                2 |              6 |
|  system_i/processing_system7_0/inst/FCLK_CLK0 | system_i/classify_0/U0/mem_index_gep_reg_4086[5]_i_1_n_35                                                                                                   |                                                                                                                                        |                2 |              6 |
|  system_i/processing_system7_0/inst/FCLK_CLK0 | system_i/classify_0/U0/ap_CS_fsm_state127                                                                                                                   | system_i/classify_0/U0/i_i_i_reg_1910[5]_i_1_n_35                                                                                      |                3 |              6 |
|  system_i/processing_system7_0/inst/FCLK_CLK0 | system_i/classify_0/U0/mem_index_gep16_reg_4626[5]_i_1_n_35                                                                                                 |                                                                                                                                        |                2 |              6 |
|  system_i/processing_system7_0/inst/FCLK_CLK0 | system_i/classify_0/U0/mem_index_gep8_reg_4402[5]_i_1_n_35                                                                                                  |                                                                                                                                        |                2 |              6 |
|  system_i/processing_system7_0/inst/FCLK_CLK0 | system_i/classify_0/U0/mem_index_gep7_reg_4374[5]_i_1_n_35                                                                                                  |                                                                                                                                        |                2 |              6 |
|  system_i/processing_system7_0/inst/FCLK_CLK0 | system_i/classify_0/U0/mem_index_gep21_reg_4766[5]_i_1_n_35                                                                                                 |                                                                                                                                        |                1 |              6 |
|  system_i/processing_system7_0/inst/FCLK_CLK0 | system_i/classify_0/U0/mem_index_gep15_reg_4598[5]_i_1_n_35                                                                                                 |                                                                                                                                        |                3 |              6 |
|  system_i/processing_system7_0/inst/FCLK_CLK0 | system_i/classify_0/U0/mem_index_gep5_reg_4272[5]_i_1_n_35                                                                                                  |                                                                                                                                        |                1 |              6 |
|  system_i/processing_system7_0/inst/FCLK_CLK0 | system_i/classify_0/U0/mem_index_gep2_reg_4188[5]_i_1_n_35                                                                                                  |                                                                                                                                        |                2 |              6 |
|  system_i/processing_system7_0/inst/FCLK_CLK0 | system_i/classify_0/U0/mem_index_gep20_reg_4738[5]_i_1_n_35                                                                                                 |                                                                                                                                        |                4 |              6 |
|  system_i/processing_system7_0/inst/FCLK_CLK0 | system_i/classify_0/U0/mem_index_gep1_reg_4160[5]_i_1_n_35                                                                                                  |                                                                                                                                        |                1 |              6 |
|  system_i/processing_system7_0/inst/FCLK_CLK0 | system_i/classify_0/U0/mem_index_gep19_reg_4710[5]_i_1_n_35                                                                                                 |                                                                                                                                        |                1 |              6 |
|  system_i/processing_system7_0/inst/FCLK_CLK0 | system_i/classify_0/U0/mem_index_gep11_reg_4486[5]_i_1_n_35                                                                                                 |                                                                                                                                        |                2 |              6 |
|  system_i/processing_system7_0/inst/FCLK_CLK0 | system_i/classify_0/U0/mem_index_gep12_reg_4514[5]_i_1_n_35                                                                                                 |                                                                                                                                        |                2 |              6 |
|  system_i/processing_system7_0/inst/FCLK_CLK0 | system_i/classify_0/U0/mem_index_gep9_reg_4430[6]_i_1_n_35                                                                                                  |                                                                                                                                        |                1 |              7 |
|  system_i/processing_system7_0/inst/FCLK_CLK0 | system_i/classify_0/U0/mem_index_gep17_reg_4654[6]_i_1_n_35                                                                                                 |                                                                                                                                        |                3 |              7 |
|  system_i/processing_system7_0/inst/FCLK_CLK0 | system_i/classify_0/U0/mem_index_gep10_reg_4458[6]_i_1_n_35                                                                                                 |                                                                                                                                        |                2 |              7 |
|  system_i/processing_system7_0/inst/FCLK_CLK0 | system_i/classify_0/U0/mem_index_gep3_reg_4216[6]_i_1_n_35                                                                                                  |                                                                                                                                        |                2 |              7 |
|  system_i/processing_system7_0/inst/FCLK_CLK0 | system_i/classify_0/U0/mem_index_gep4_reg_4244[6]_i_1_n_35                                                                                                  |                                                                                                                                        |                3 |              7 |
|  system_i/processing_system7_0/inst/FCLK_CLK0 | system_i/classify_0/U0/mem_index_gep13_reg_4542[7]_i_1_n_35                                                                                                 |                                                                                                                                        |                2 |              7 |
|  system_i/processing_system7_0/inst/FCLK_CLK0 | system_i/classify_0/U0/mem_index_gep14_reg_4570[7]_i_1_n_35                                                                                                 |                                                                                                                                        |                2 |              7 |
|  system_i/processing_system7_0/inst/FCLK_CLK0 | system_i/classify_0/U0/mem_index_gep18_reg_4682[6]_i_1_n_35                                                                                                 |                                                                                                                                        |                2 |              7 |
|  system_i/processing_system7_0/inst/FCLK_CLK0 | system_i/led_ip/U0/led_ip_v1_0_S_AXI_inst/slv_reg3[23]_i_1_n_0                                                                                              | system_i/led_ip/U0/led_ip_v1_0_S_AXI_inst/slv_reg0[3]_i_1_n_0                                                                          |                2 |              8 |
|  system_i/processing_system7_0/inst/FCLK_CLK0 | system_i/led_ip/U0/led_ip_v1_0_S_AXI_inst/slv_reg3[15]_i_1_n_0                                                                                              | system_i/led_ip/U0/led_ip_v1_0_S_AXI_inst/slv_reg0[3]_i_1_n_0                                                                          |                1 |              8 |
|  system_i/processing_system7_0/inst/FCLK_CLK0 | system_i/led_ip/U0/led_ip_v1_0_S_AXI_inst/slv_reg2[7]_i_1_n_0                                                                                               | system_i/led_ip/U0/led_ip_v1_0_S_AXI_inst/slv_reg0[3]_i_1_n_0                                                                          |                2 |              8 |
|  system_i/processing_system7_0/inst/FCLK_CLK0 | system_i/led_ip/U0/led_ip_v1_0_S_AXI_inst/slv_reg2[31]_i_1_n_0                                                                                              | system_i/led_ip/U0/led_ip_v1_0_S_AXI_inst/slv_reg0[3]_i_1_n_0                                                                          |                1 |              8 |
|  system_i/processing_system7_0/inst/FCLK_CLK0 | system_i/led_ip/U0/led_ip_v1_0_S_AXI_inst/slv_reg2[23]_i_1_n_0                                                                                              | system_i/led_ip/U0/led_ip_v1_0_S_AXI_inst/slv_reg0[3]_i_1_n_0                                                                          |                1 |              8 |
|  system_i/processing_system7_0/inst/FCLK_CLK0 | system_i/led_ip/U0/led_ip_v1_0_S_AXI_inst/slv_reg2[15]_i_1_n_0                                                                                              | system_i/led_ip/U0/led_ip_v1_0_S_AXI_inst/slv_reg0[3]_i_1_n_0                                                                          |                1 |              8 |
|  system_i/processing_system7_0/inst/FCLK_CLK0 | system_i/led_ip/U0/led_ip_v1_0_S_AXI_inst/slv_reg1[7]_i_1_n_0                                                                                               | system_i/led_ip/U0/led_ip_v1_0_S_AXI_inst/slv_reg0[3]_i_1_n_0                                                                          |                1 |              8 |
|  system_i/processing_system7_0/inst/FCLK_CLK0 | system_i/led_ip/U0/led_ip_v1_0_S_AXI_inst/slv_reg1[31]_i_1_n_0                                                                                              | system_i/led_ip/U0/led_ip_v1_0_S_AXI_inst/slv_reg0[3]_i_1_n_0                                                                          |                3 |              8 |
|  system_i/processing_system7_0/inst/FCLK_CLK0 | system_i/led_ip/U0/led_ip_v1_0_S_AXI_inst/slv_reg1[23]_i_1_n_0                                                                                              | system_i/led_ip/U0/led_ip_v1_0_S_AXI_inst/slv_reg0[3]_i_1_n_0                                                                          |                1 |              8 |
|  system_i/processing_system7_0/inst/FCLK_CLK0 | system_i/led_ip/U0/led_ip_v1_0_S_AXI_inst/slv_reg1[15]_i_1_n_0                                                                                              | system_i/led_ip/U0/led_ip_v1_0_S_AXI_inst/slv_reg0[3]_i_1_n_0                                                                          |                1 |              8 |
|  system_i/processing_system7_0/inst/FCLK_CLK0 | system_i/led_ip/U0/led_ip_v1_0_S_AXI_inst/p_1_in[15]                                                                                                        | system_i/led_ip/U0/led_ip_v1_0_S_AXI_inst/slv_reg0[3]_i_1_n_0                                                                          |                1 |              8 |
|  system_i/processing_system7_0/inst/FCLK_CLK0 | system_i/led_ip/U0/led_ip_v1_0_S_AXI_inst/p_1_in[23]                                                                                                        | system_i/led_ip/U0/led_ip_v1_0_S_AXI_inst/slv_reg0[3]_i_1_n_0                                                                          |                1 |              8 |
|  system_i/processing_system7_0/inst/FCLK_CLK0 | system_i/classify_0/U0/ap_CS_fsm_state131                                                                                                                   |                                                                                                                                        |                2 |              8 |
|  system_i/processing_system7_0/inst/FCLK_CLK0 | system_i/led_ip/U0/led_ip_v1_0_S_AXI_inst/slv_reg3[31]_i_1_n_0                                                                                              | system_i/led_ip/U0/led_ip_v1_0_S_AXI_inst/slv_reg0[3]_i_1_n_0                                                                          |                1 |              8 |
|  system_i/processing_system7_0/inst/FCLK_CLK0 | system_i/led_ip/U0/led_ip_v1_0_S_AXI_inst/slv_reg3[7]_i_1_n_0                                                                                               | system_i/led_ip/U0/led_ip_v1_0_S_AXI_inst/slv_reg0[3]_i_1_n_0                                                                          |                1 |              8 |
|  system_i/processing_system7_0/inst/FCLK_CLK0 | system_i/led_ip/U0/led_ip_v1_0_S_AXI_inst/p_1_in[31]                                                                                                        | system_i/led_ip/U0/led_ip_v1_0_S_AXI_inst/slv_reg0[3]_i_1_n_0                                                                          |                1 |              8 |
|  system_i/processing_system7_0/inst/FCLK_CLK0 | system_i/ps7_0_axi_periph/s00_couplers/auto_pc/inst/gen_axilite.gen_b2s_conv.axilite_b2s/WR.b_channel_0/mhandshake_r                                        | system_i/ps7_0_axi_periph/s00_couplers/auto_pc/inst/gen_axilite.gen_b2s_conv.axilite_b2s/WR.b_channel_0/bid_fifo_0/SR[0]               |                4 |              8 |
|  system_i/processing_system7_0/inst/FCLK_CLK0 |                                                                                                                                                             | system_i/led_ip/U0/led_ip_v1_0_S_AXI_inst/slv_reg0[3]_i_1_n_0                                                                          |                3 |              9 |
|  system_i/processing_system7_0/inst/FCLK_CLK0 | system_i/classify_0/U0/ce0                                                                                                                                  |                                                                                                                                        |                2 |              9 |
|  system_i/processing_system7_0/inst/FCLK_CLK0 | system_i/classify_0/U0/ap_CS_fsm_state128                                                                                                                   |                                                                                                                                        |                2 |             10 |
|  system_i/processing_system7_0/inst/FCLK_CLK0 | system_i/classify_0/U0/addrCmp_reg_4961[0]_i_1_n_35                                                                                                         |                                                                                                                                        |                4 |             11 |
|  system_i/processing_system7_0/inst/FCLK_CLK0 | system_i/ps7_0_axi_periph/s00_couplers/auto_pc/inst/gen_axilite.gen_b2s_conv.axilite_b2s/WR.aw_channel_0/cmd_translator_0/incr_cmd_0/axaddr_incr[0]_i_1_n_0 |                                                                                                                                        |                3 |             12 |
|  system_i/processing_system7_0/inst/FCLK_CLK0 | system_i/ps7_0_axi_periph/s00_couplers/auto_pc/inst/gen_axilite.gen_b2s_conv.axilite_b2s/RD.ar_channel_0/ar_cmd_fsm_0/E[0]                                  |                                                                                                                                        |                5 |             12 |
|  system_i/processing_system7_0/inst/FCLK_CLK0 | system_i/led_ip/U0/led_ip_v1_0_S_AXI_inst/p_1_in[3]                                                                                                         | system_i/led_ip/U0/led_ip_v1_0_S_AXI_inst/slv_reg0[3]_i_1_n_0                                                                          |                3 |             12 |
|  system_i/processing_system7_0/inst/FCLK_CLK0 | system_i/ps7_0_axi_periph/s00_couplers/auto_pc/inst/gen_axilite.gen_b2s_conv.axilite_b2s/RD.ar_channel_0/ar_cmd_fsm_0/axaddr_incr_reg[11]                   |                                                                                                                                        |                3 |             12 |
|  system_i/processing_system7_0/inst/FCLK_CLK0 | system_i/ps7_0_axi_periph/s00_couplers/auto_pc/inst/gen_axilite.gen_b2s_conv.axilite_b2s/WR.aw_channel_0/aw_cmd_fsm_0/E[0]                                  |                                                                                                                                        |                6 |             12 |
|  system_i/processing_system7_0/inst/FCLK_CLK0 |                                                                                                                                                             | system_i/ps7_0_axi_periph/xbar/inst/gen_sasd.crossbar_sasd_0/addr_arbiter_inst/SR[0]                                                   |                4 |             13 |
|  system_i/processing_system7_0/inst/FCLK_CLK0 | system_i/ps7_0_axi_periph/s00_couplers/auto_pc/inst/gen_axilite.gen_b2s_conv.axilite_b2s/RD.r_channel_0/r_push_r                                            |                                                                                                                                        |                4 |             13 |
|  system_i/processing_system7_0/inst/FCLK_CLK0 | system_i/ps7_0_axi_periph/s00_couplers/auto_pc/inst/gen_axilite.gen_b2s_conv.axilite_b2s/SI_REG/b_pipe/p_1_in                                               |                                                                                                                                        |                3 |             14 |
|  system_i/processing_system7_0/inst/FCLK_CLK0 | system_i/ps7_0_axi_periph/s00_couplers/auto_pc/inst/gen_axilite.gen_b2s_conv.axilite_b2s/SI_REG/b_pipe/skid_buffer_reg[0]_0                                 |                                                                                                                                        |                3 |             14 |
|  system_i/processing_system7_0/inst/FCLK_CLK0 |                                                                                                                                                             | system_i/axi_gpio_0/U0/AXI_LITE_IPIF_I/I_SLAVE_ATTACHMENT/SR                                                                           |                4 |             15 |
|  system_i/processing_system7_0/inst/FCLK_CLK0 | system_i/classify_0/U0/ce00_in                                                                                                                              |                                                                                                                                        |                5 |             16 |
|  system_i/processing_system7_0/inst/FCLK_CLK0 | system_i/ps7_0_axi_periph/s00_couplers/auto_pc/inst/gen_axilite.gen_b2s_conv.axilite_b2s/WR.aw_channel_0/aw_cmd_fsm_0/b_push                                |                                                                                                                                        |                3 |             16 |
|  system_i/processing_system7_0/inst/FCLK_CLK0 | system_i/ps7_0_axi_periph/s00_couplers/auto_pc/inst/gen_axilite.gen_b2s_conv.axilite_b2s/RD.ar_channel_0/ar_cmd_fsm_0/axlen_cnt_reg[4][0]                   |                                                                                                                                        |                8 |             21 |
|  system_i/processing_system7_0/inst/FCLK_CLK0 | system_i/ps7_0_axi_periph/s00_couplers/auto_pc/inst/gen_axilite.gen_b2s_conv.axilite_b2s/WR.aw_channel_0/aw_cmd_fsm_0/axaddr_wrap_reg[0]                    |                                                                                                                                        |               11 |             21 |
|  system_i/processing_system7_0/inst/FCLK_CLK0 | system_i/ps7_0_axi_periph/xbar/inst/gen_sasd.crossbar_sasd_0/addr_arbiter_inst/p_0_in1_in                                                                   | system_i/ps7_0_axi_periph/xbar/inst/gen_sasd.crossbar_sasd_0/addr_arbiter_inst/SR[0]                                                   |               10 |             23 |
|  system_i/processing_system7_0/inst/FCLK_CLK0 | system_i/classify_0/U0/classify_NNIO_s_axi_U/rdata_data[31]_i_2_n_35                                                                                        | system_i/classify_0/U0/classify_NNIO_s_axi_U/rdata_data[31]_i_1_n_35                                                                   |                7 |             27 |
|  system_i/processing_system7_0/inst/FCLK_CLK0 | system_i/classify_0/U0/output_U/classify_output_ram_U/ce00_out                                                                                              |                                                                                                                                        |                5 |             32 |
|  system_i/processing_system7_0/inst/FCLK_CLK0 | system_i/ps7_0_axi_periph/xbar/inst/gen_sasd.crossbar_sasd_0/reg_slice_r/aa_rready                                                                          |                                                                                                                                        |                6 |             32 |
|  system_i/processing_system7_0/inst/FCLK_CLK0 | system_i/classify_0/U0/max1_i_reg_1922                                                                                                                      |                                                                                                                                        |                4 |             32 |
|  system_i/processing_system7_0/inst/FCLK_CLK0 | system_i/classify_0/U0/p_i_37_n_35                                                                                                                          |                                                                                                                                        |                8 |             32 |
|  system_i/processing_system7_0/inst/FCLK_CLK0 | system_i/led_ip/U0/led_ip_v1_0_S_AXI_inst/axi_rdata[31]_i_1_n_0                                                                                             | system_i/led_ip/U0/led_ip_v1_0_S_AXI_inst/slv_reg0[3]_i_1_n_0                                                                          |               10 |             32 |
|  system_i/processing_system7_0/inst/FCLK_CLK0 | system_i/classify_0/U0/ap_CS_fsm_state132                                                                                                                   |                                                                                                                                        |               10 |             32 |
|  system_i/processing_system7_0/inst/FCLK_CLK0 | system_i/classify_0/U0/we0                                                                                                                                  |                                                                                                                                        |                8 |             32 |
|  system_i/processing_system7_0/inst/FCLK_CLK0 | system_i/classify_0/U0/rdata_data_reg[31]_i_4_n_35                                                                                                          |                                                                                                                                        |                7 |             32 |
|  system_i/processing_system7_0/inst/FCLK_CLK0 | system_i/ps7_0_axi_periph/s00_couplers/auto_pc/inst/gen_axilite.gen_b2s_conv.axilite_b2s/RD.r_channel_0/rd_data_fifo_0/wr_en0                               |                                                                                                                                        |                9 |             34 |
|  system_i/processing_system7_0/inst/FCLK_CLK0 | system_i/ps7_0_axi_periph/xbar/inst/gen_sasd.crossbar_sasd_0/addr_arbiter_inst/E[0]                                                                         |                                                                                                                                        |                8 |             35 |
|  system_i/processing_system7_0/inst/FCLK_CLK0 | system_i/ps7_0_axi_periph/s00_couplers/auto_pc/inst/gen_axilite.gen_b2s_conv.axilite_b2s/SI_REG/r_pipe/p_1_in                                               |                                                                                                                                        |               12 |             47 |
|  system_i/processing_system7_0/inst/FCLK_CLK0 | system_i/ps7_0_axi_periph/s00_couplers/auto_pc/inst/gen_axilite.gen_b2s_conv.axilite_b2s/SI_REG/r_pipe/skid_buffer_reg[0]_0                                 |                                                                                                                                        |               10 |             47 |
|  system_i/processing_system7_0/inst/FCLK_CLK0 | system_i/ps7_0_axi_periph/s00_couplers/auto_pc/inst/gen_axilite.gen_b2s_conv.axilite_b2s/RD.ar_channel_0/ar_cmd_fsm_0/m_payload_i_reg[0]_1[0]               |                                                                                                                                        |               10 |             48 |
|  system_i/processing_system7_0/inst/FCLK_CLK0 | system_i/ps7_0_axi_periph/s00_couplers/auto_pc/inst/gen_axilite.gen_b2s_conv.axilite_b2s/SI_REG/ar_pipe/s_axi_arready                                       |                                                                                                                                        |               14 |             48 |
|  system_i/processing_system7_0/inst/FCLK_CLK0 | system_i/ps7_0_axi_periph/s00_couplers/auto_pc/inst/gen_axilite.gen_b2s_conv.axilite_b2s/SI_REG/aw_pipe/s_axi_awready                                       |                                                                                                                                        |               10 |             48 |
|  system_i/processing_system7_0/inst/FCLK_CLK0 | system_i/ps7_0_axi_periph/s00_couplers/auto_pc/inst/gen_axilite.gen_b2s_conv.axilite_b2s/WR.aw_channel_0/aw_cmd_fsm_0/m_payload_i_reg[0][0]                 |                                                                                                                                        |               12 |             48 |
|  system_i/processing_system7_0/inst/FCLK_CLK0 |                                                                                                                                                             | system_i/ps7_0_axi_periph/s00_couplers/auto_pc/inst/gen_axilite.gen_b2s_conv.axilite_b2s/areset_d1                                     |               14 |             56 |
|  system_i/processing_system7_0/inst/FCLK_CLK0 |                                                                                                                                                             |                                                                                                                                        |               51 |            149 |
|  system_i/processing_system7_0/inst/FCLK_CLK0 |                                                                                                                                                             | system_i/classify_0/U0/grp_RELU_fu_1955/ap_CS_fsm_reg[0]_0[0]                                                                          |               89 |            181 |
+-----------------------------------------------+-------------------------------------------------------------------------------------------------------------------------------------------------------------+----------------------------------------------------------------------------------------------------------------------------------------+------------------+----------------+


+--------+-----------------------+
| Fanout | Number of ControlSets |
+--------+-----------------------+
| 2      |                     1 |
| 4      |                    14 |
| 5      |                    67 |
| 6      |                    17 |
| 7      |                     8 |
| 8      |                    17 |
| 9      |                     2 |
| 10     |                     1 |
| 11     |                     1 |
| 12     |                     5 |
| 13     |                     2 |
| 14     |                     2 |
| 15     |                     1 |
| 16+    |                    25 |
+--------+-----------------------+


