Report time       : Fri Oct  4 11:27:10 GMT 2019.
Solution          : solution1.
Simulation tool   : xsim.

+----------+----------+-----------------------------------------------+-----------------------------------------------+
|          |          |                    Latency                    |                    Interval                   |
+   RTL    +  Status  +-----------------------------------------------+-----------------------------------------------+
|          |          |      min      |      avg      |      max      |      min      |      avg      |      max      |
+----------+----------+-----------------------------------------------+-----------------------------------------------+
|      VHDL|        NA|            106|            106|            106|             NA|             NA|             NA|
|   Verilog|      Pass|            106|            106|            106|             NA|             NA|             NA|
+----------+----------+-----------------------------------------------+-----------------------------------------------+
